Archive member included to satisfy reference by file (symbol)

/usr/bin/../lib/gcc/arm-none-eabi/7.3.1/../../../../arm-none-eabi/lib/thumb/v7e-m/fpv4-sp/hard/libc_nano.a(lib_a-div.o)
                              /home/etudiant/riot/LabBook1/Lab2/bin/nucleo-l476rg/periph_common/rtc.o (div)
/usr/bin/../lib/gcc/arm-none-eabi/7.3.1/../../../../arm-none-eabi/lib/thumb/v7e-m/fpv4-sp/hard/libc_nano.a(lib_a-errno.o)
                              /home/etudiant/riot/LabBook1/Lab2/bin/nucleo-l476rg/newlib_syscalls_default/syscalls.o (__errno)
/usr/bin/../lib/gcc/arm-none-eabi/7.3.1/../../../../arm-none-eabi/lib/thumb/v7e-m/fpv4-sp/hard/libc_nano.a(lib_a-fflush.o)
                              /home/etudiant/riot/LabBook1/Lab2/bin/nucleo-l476rg/shell/shell.o (fflush)
/usr/bin/../lib/gcc/arm-none-eabi/7.3.1/../../../../arm-none-eabi/lib/thumb/v7e-m/fpv4-sp/hard/libc_nano.a(lib_a-findfp.o)
                              /usr/bin/../lib/gcc/arm-none-eabi/7.3.1/../../../../arm-none-eabi/lib/thumb/v7e-m/fpv4-sp/hard/libc_nano.a(lib_a-fflush.o) (__sinit)
/usr/bin/../lib/gcc/arm-none-eabi/7.3.1/../../../../arm-none-eabi/lib/thumb/v7e-m/fpv4-sp/hard/libc_nano.a(lib_a-fwalk.o)
                              /usr/bin/../lib/gcc/arm-none-eabi/7.3.1/../../../../arm-none-eabi/lib/thumb/v7e-m/fpv4-sp/hard/libc_nano.a(lib_a-findfp.o) (_fwalk)
/usr/bin/../lib/gcc/arm-none-eabi/7.3.1/../../../../arm-none-eabi/lib/thumb/v7e-m/fpv4-sp/hard/libc_nano.a(lib_a-getchar.o)
                              /home/etudiant/riot/LabBook1/Lab2/bin/nucleo-l476rg/shell/shell.o (getchar)
/usr/bin/../lib/gcc/arm-none-eabi/7.3.1/../../../../arm-none-eabi/lib/thumb/v7e-m/fpv4-sp/hard/libc_nano.a(lib_a-impure.o)
                              /usr/bin/../lib/gcc/arm-none-eabi/7.3.1/../../../../arm-none-eabi/lib/thumb/v7e-m/fpv4-sp/hard/libc_nano.a(lib_a-fflush.o) (_global_impure_ptr)
/usr/bin/../lib/gcc/arm-none-eabi/7.3.1/../../../../arm-none-eabi/lib/thumb/v7e-m/fpv4-sp/hard/libc_nano.a(lib_a-init.o)
                              /home/etudiant/riot/LabBook1/Lab2/bin/nucleo-l476rg/cortexm_common/vectors_cortexm.o (__libc_init_array)
/usr/bin/../lib/gcc/arm-none-eabi/7.3.1/../../../../arm-none-eabi/lib/thumb/v7e-m/fpv4-sp/hard/libc_nano.a(lib_a-memcmp.o)
                              /home/etudiant/riot/LabBook1/Lab2/bin/nucleo-l476rg/core/atomic_c11.o (memcmp)
/usr/bin/../lib/gcc/arm-none-eabi/7.3.1/../../../../arm-none-eabi/lib/thumb/v7e-m/fpv4-sp/hard/libc_nano.a(lib_a-memcpy-stub.o)
                              /home/etudiant/riot/LabBook1/Lab2/bin/nucleo-l476rg/core/atomic_c11.o (memcpy)
/usr/bin/../lib/gcc/arm-none-eabi/7.3.1/../../../../arm-none-eabi/lib/thumb/v7e-m/fpv4-sp/hard/libc_nano.a(lib_a-memset.o)
                              /home/etudiant/riot/LabBook1/Lab2/bin/nucleo-l476rg/periph_common/rtc.o (memset)
/usr/bin/../lib/gcc/arm-none-eabi/7.3.1/../../../../arm-none-eabi/lib/thumb/v7e-m/fpv4-sp/hard/libc_nano.a(lib_a-mstats.o)
                              /home/etudiant/riot/LabBook1/Lab2/bin/nucleo-l476rg/newlib_syscalls_default/syscalls.o (mallinfo)
/usr/bin/../lib/gcc/arm-none-eabi/7.3.1/../../../../arm-none-eabi/lib/thumb/v7e-m/fpv4-sp/hard/libc_nano.a(lib_a-nano-freer.o)
                              /usr/bin/../lib/gcc/arm-none-eabi/7.3.1/../../../../arm-none-eabi/lib/thumb/v7e-m/fpv4-sp/hard/libc_nano.a(lib_a-fflush.o) (_free_r)
/usr/bin/../lib/gcc/arm-none-eabi/7.3.1/../../../../arm-none-eabi/lib/thumb/v7e-m/fpv4-sp/hard/libc_nano.a(lib_a-nano-mallinfor.o)
                              /usr/bin/../lib/gcc/arm-none-eabi/7.3.1/../../../../arm-none-eabi/lib/thumb/v7e-m/fpv4-sp/hard/libc_nano.a(lib_a-mstats.o) (_mallinfo_r)
/usr/bin/../lib/gcc/arm-none-eabi/7.3.1/../../../../arm-none-eabi/lib/thumb/v7e-m/fpv4-sp/hard/libc_nano.a(lib_a-nano-mallocr.o)
                              /usr/bin/../lib/gcc/arm-none-eabi/7.3.1/../../../../arm-none-eabi/lib/thumb/v7e-m/fpv4-sp/hard/libc_nano.a(lib_a-findfp.o) (_malloc_r)
/usr/bin/../lib/gcc/arm-none-eabi/7.3.1/../../../../arm-none-eabi/lib/thumb/v7e-m/fpv4-sp/hard/libc_nano.a(lib_a-nano-malloptr.o)
                              /usr/bin/../lib/gcc/arm-none-eabi/7.3.1/../../../../arm-none-eabi/lib/thumb/v7e-m/fpv4-sp/hard/libc_nano.a(lib_a-mstats.o) (_mallopt_r)
/usr/bin/../lib/gcc/arm-none-eabi/7.3.1/../../../../arm-none-eabi/lib/thumb/v7e-m/fpv4-sp/hard/libc_nano.a(lib_a-nano-mallstatsr.o)
                              /usr/bin/../lib/gcc/arm-none-eabi/7.3.1/../../../../arm-none-eabi/lib/thumb/v7e-m/fpv4-sp/hard/libc_nano.a(lib_a-mstats.o) (_malloc_stats_r)
/usr/bin/../lib/gcc/arm-none-eabi/7.3.1/../../../../arm-none-eabi/lib/thumb/v7e-m/fpv4-sp/hard/libc_nano.a(lib_a-printf.o)
                              /home/etudiant/riot/LabBook1/Lab2/bin/nucleo-l476rg/application_Lab2/main.o (printf)
/usr/bin/../lib/gcc/arm-none-eabi/7.3.1/../../../../arm-none-eabi/lib/thumb/v7e-m/fpv4-sp/hard/libc_nano.a(lib_a-putchar.o)
[...]
Memory Configuration

Name             Origin             Length             Attributes
ccmram           0x10000000         0x00000000
rom              0x08000000         0x00100000         xr
ram              0x20000000         0x00018000         w !xr
bkup-ram         0x00000000         0x00000000         w !xr
*default*        0x00000000         0xffffffff

Linker script and memory map

LOAD /home/etudiant/riot/LabBook1/Lab2/bin/nucleo-l476rg/application_Lab2/main.o
LOAD /home/etudiant/riot/LabBook1/Lab2/bin/nucleo-l476rg/auto_init/auto_init.o
LOAD /home/etudiant/riot/LabBook1/Lab2/bin/nucleo-l476rg/boards_common_nucleo/board_common_nucleo_init.o
LOAD /home/etudiant/riot/LabBook1/Lab2/bin/nucleo-l476rg/core/assert.o
LOAD /home/etudiant/riot/LabBook1/Lab2/bin/nucleo-l476rg/core/atomic_c11.o
LOAD /home/etudiant/riot/LabBook1/Lab2/bin/nucleo-l476rg/core/atomic_sync.o
LOAD /home/etudiant/riot/LabBook1/Lab2/bin/nucleo-l476rg/core/bitarithm.o
LOAD /home/etudiant/riot/LabBook1/Lab2/bin/nucleo-l476rg/core/clist.o
LOAD /home/etudiant/riot/LabBook1/Lab2/bin/nucleo-l476rg/core/cond.o
LOAD /home/etudiant/riot/LabBook1/Lab2/bin/nucleo-l476rg/core/init.o
LOAD /home/etudiant/riot/LabBook1/Lab2/bin/nucleo-l476rg/core/lifo.o
LOAD /home/etudiant/riot/LabBook1/Lab2/bin/nucleo-l476rg/core/msg.o
LOAD /home/etudiant/riot/LabBook1/Lab2/bin/nucleo-l476rg/core/mutex.o
LOAD /home/etudiant/riot/LabBook1/Lab2/bin/nucleo-l476rg/core/panic.o
LOAD /home/etudiant/riot/LabBook1/Lab2/bin/nucleo-l476rg/core/priority_queue.o
LOAD /home/etudiant/riot/LabBook1/Lab2/bin/nucleo-l476rg/core/ringbuffer.o
LOAD /home/etudiant/riot/LabBook1/Lab2/bin/nucleo-l476rg/core/rmutex.o
LOAD /home/etudiant/riot/LabBook1/Lab2/bin/nucleo-l476rg/core/sched.o
LOAD /home/etudiant/riot/LabBook1/Lab2/bin/nucleo-l476rg/core/thread.o
LOAD /home/etudiant/riot/LabBook1/Lab2/bin/nucleo-l476rg/cortexm_common/cortexm_init.o
LOAD /home/etudiant/riot/LabBook1/Lab2/bin/nucleo-l476rg/cortexm_common/mpu.o
LOAD /home/etudiant/riot/LabBook1/Lab2/bin/nucleo-l476rg/cortexm_common/panic.o
LOAD /home/etudiant/riot/LabBook1/Lab2/bin/nucleo-l476rg/cortexm_common_periph/pm.o
LOAD /home/etudiant/riot/LabBook1/Lab2/bin/nucleo-l476rg/cortexm_common/thread_arch.o
LOAD /home/etudiant/riot/LabBook1/Lab2/bin/nucleo-l476rg/cortexm_common/vectors_cortexm.o
LOAD /home/etudiant/riot/LabBook1/Lab2/bin/nucleo-l476rg/cpu/cpu_common.o
LOAD /home/etudiant/riot/LabBook1/Lab2/bin/nucleo-l476rg/cpu/cpu_init.o
LOAD /home/etudiant/riot/LabBook1/Lab2/bin/nucleo-l476rg/isrpipe/isrpipe.o
LOAD /home/etudiant/riot/LabBook1/Lab2/bin/nucleo-l476rg/newlib_syscalls_default/syscalls.o
LOAD /home/etudiant/riot/LabBook1/Lab2/bin/nucleo-l476rg/periph_common/cpuid.o
LOAD /home/etudiant/riot/LabBook1/Lab2/bin/nucleo-l476rg/periph_common/eeprom.o
LOAD /home/etudiant/riot/LabBook1/Lab2/bin/nucleo-l476rg/periph_common/flashpage.o
LOAD /home/etudiant/riot/LabBook1/Lab2/bin/nucleo-l476rg/periph_common/gpio_util.o
LOAD /home/etudiant/riot/LabBook1/Lab2/bin/nucleo-l476rg/periph_common/i2c.o
LOAD /home/etudiant/riot/LabBook1/Lab2/bin/nucleo-l476rg/periph_common/init.o
LOAD /home/etudiant/riot/LabBook1/Lab2/bin/nucleo-l476rg/periph_common/pm.o
LOAD /home/etudiant/riot/LabBook1/Lab2/bin/nucleo-l476rg/periph_common/rtc.o
LOAD /home/etudiant/riot/LabBook1/Lab2/bin/nucleo-l476rg/periph_common/spi.o
LOAD /home/etudiant/riot/LabBook1/Lab2/bin/nucleo-l476rg/periph_common/timer.o
LOAD /home/etudiant/riot/LabBook1/Lab2/bin/nucleo-l476rg/periph/gpio_all.o
LOAD /home/etudiant/riot/LabBook1/Lab2/bin/nucleo-l476rg/periph/pm.o
LOAD /home/etudiant/riot/LabBook1/Lab2/bin/nucleo-l476rg/periph/uart.o
LOAD /home/etudiant/riot/LabBook1/Lab2/bin/nucleo-l476rg/pm_layered/pm.o
LOAD /home/etudiant/riot/LabBook1/Lab2/bin/nucleo-l476rg/shell/shell.o
LOAD /home/etudiant/riot/LabBook1/Lab2/bin/nucleo-l476rg/stdio_uart/stdio_uart.o
LOAD /home/etudiant/riot/LabBook1/Lab2/bin/nucleo-l476rg/stm32_clk/stmclk_common.o
LOAD /home/etudiant/riot/LabBook1/Lab2/bin/nucleo-l476rg/stm32_clk/stmclk_l4wb.o
LOAD /home/etudiant/riot/LabBook1/Lab2/bin/nucleo-l476rg/stm32_vectors/STM32L476xx.o
LOAD /home/etudiant/riot/LabBook1/Lab2/bin/nucleo-l476rg/tsrb/tsrb.o
LOAD /usr/bin/../lib/gcc/arm-none-eabi/7.3.1/../../../../arm-none-eabi/lib/thumb/v7e-m/fpv4-sp/hard/libm.a
LOAD /usr/bin/../lib/gcc/arm-none-eabi/7.3.1/thumb/v7e-m/fpv4-sp/hard/libgcc.a
                0x08000000                _rom_start_addr = 0x8000000
                0x20000000                _ram_start_addr = 0x20000000
                0x00100000                _rom_length = 0x100000
                0x00018000                _ram_length = 0x18000
LOAD /usr/bin/../lib/gcc/arm-none-eabi/7.3.1/../../../../arm-none-eabi/lib/thumb/v7e-m/fpv4-sp/hard/libc_nano.a
START GROUP
LOAD /usr/bin/../lib/gcc/arm-none-eabi/7.3.1/thumb/v7e-m/fpv4-sp/hard/libgcc.a
LOAD /usr/bin/../lib/gcc/arm-none-eabi/7.3.1/../../../../arm-none-eabi/lib/thumb/v7e-m/fpv4-sp/hard/libg_nano.a
LOAD /usr/bin/../lib/gcc/arm-none-eabi/7.3.1/../../../../arm-none-eabi/lib/thumb/v7e-m/fpv4-sp/hard/libc_nano.a
END GROUP
START GROUP
LOAD /usr/bin/../lib/gcc/arm-none-eabi/7.3.1/thumb/v7e-m/fpv4-sp/hard/libgcc.a
LOAD /usr/bin/../lib/gcc/arm-none-eabi/7.3.1/../../../../arm-none-eabi/lib/thumb/v7e-m/fpv4-sp/hard/libc_nano.a
END GROUP
                0x00000000                ccmram_length = DEFINED (ccmram_len)?ccmram_len:0x0
                0x00000000                _rom_offset = DEFINED (_rom_offset)?_rom_offset:0x0
                0x00100000                _fw_rom_length = DEFINED (_fw_rom_length)?_fw_rom_length:(_rom_length - _rom_offset)
                0x00000001                ASSERT ((_fw_rom_length <= (_rom_length - _rom_offset)), Specified firmware size does not fit in ROM)
                0x00000000                _backup_ram_start_addr = DEFINED (_backup_ram_start_addr)?_backup_ram_start_addr:0x0
                0x00000000                _backup_ram_len = DEFINED (_backup_ram_len)?_backup_ram_len:0x0

.text           0x08000000     0x235c
                0x08000000                . = ALIGN (0x4)
                0x08000000                _sfixed = .
                0x08000000                _isr_vectors = DEFINED (_isr_vectors)?_isr_vectors:.
 *(SORT_BY_NAME(.vectors*))
 .vectors.0     0x08000000       0x40 /home/etudiant/riot/LabBook1/Lab2/bin/nucleo-l476rg/cortexm_common/vectors_cortexm.o
                0x08000000                cortex_vector_base
 .vectors.1     0x08000040      0x148 /home/etudiant/riot/LabBook1/Lab2/bin/nucleo-l476rg/stm32_vectors/STM32L476xx.o
                0x08000040                vector_cpu
 *(.text .text.* .gnu.linkonce.t.*)
 .text.startup.main
                0x08000188       0x10 /home/etudiant/riot/LabBook1/Lab2/bin/nucleo-l476rg/application_Lab2/main.o
                0x08000188                main
 .text.auto_init
                0x08000198        0x2 /home/etudiant/riot/LabBook1/Lab2/bin/nucleo-l476rg/auto_init/auto_init.o
                0x08000198                auto_init
 .text.board_init
                0x0800019a        0x4 /home/etudiant/riot/LabBook1/Lab2/bin/nucleo-l476rg/boards_common_nucleo/board_common_nucleo_init.o
                0x0800019a                board_init
 *fill*         0x0800019e        0x2 
 .text.main_trampoline
                0x080001a0       0x18 /home/etudiant/riot/LabBook1/Lab2/bin/nucleo-l476rg/core/init.o
 .text.kernel_init
                0x080001b8       0x34 /home/etudiant/riot/LabBook1/Lab2/bin/nucleo-l476rg/core/init.o
                0x080001b8                kernel_init
 .text._mutex_lock
                0x080001ec       0x60 /home/etudiant/riot/LabBook1/Lab2/bin/nucleo-l476rg/core/mutex.o
                0x080001ec                _mutex_lock
 .text.mutex_unlock
                0x0800024c       0x44 /home/etudiant/riot/LabBook1/Lab2/bin/nucleo-l476rg/core/mutex.o
                0x0800024c                mutex_unlock
 .text.panic_app
                0x08000290        0x2 /home/etudiant/riot/LabBook1/Lab2/bin/nucleo-l476rg/core/panic.o
                0x08000290                panic_app
 *fill*         0x08000292        0x2 
 .text.core_panic
                0x08000294       0x50 /home/etudiant/riot/LabBook1/Lab2/bin/nucleo-l476rg/core/panic.o
                0x08000294                core_panic
 .text.sched_run
                0x080002e4       0x88 /home/etudiant/riot/LabBook1/Lab2/bin/nucleo-l476rg/core/sched.o
                0x080002e4                sched_run
 .text.sched_set_status
                0x0800036c       0x84 /home/etudiant/riot/LabBook1/Lab2/bin/nucleo-l476rg/core/sched.o
                0x0800036c                sched_set_status
 .text.sched_switch
                0x080003f0       0x30 /home/etudiant/riot/LabBook1/Lab2/bin/nucleo-l476rg/core/sched.o
                0x080003f0                sched_switch
 .text.sched_task_exit
                0x08000420       0x40 /home/etudiant/riot/LabBook1/Lab2/bin/nucleo-l476rg/core/sched.o
                0x08000420                sched_task_exit
 .text.thread_getname
                0x08000460       0x1c /home/etudiant/riot/LabBook1/Lab2/bin/nucleo-l476rg/core/thread.o
                0x08000460                thread_getname
 .text.thread_add_to_list
                0x0800047c       0x30 /home/etudiant/riot/LabBook1/Lab2/bin/nucleo-l476rg/core/thread.o
                0x0800047c                thread_add_to_list
 .text.thread_create
                0x080004ac       0xe0 /home/etudiant/riot/LabBook1/Lab2/bin/nucleo-l476rg/core/thread.o
                0x080004ac                thread_create
 .text.cortexm_init
                0x0800058c       0x4c /home/etudiant/riot/LabBook1/Lab2/bin/nucleo-l476rg/cortexm_common/cortexm_init.o
                0x0800058c                cortexm_init
 .text.mpu_enable
                0x080005d8       0x20 /home/etudiant/riot/LabBook1/Lab2/bin/nucleo-l476rg/cortexm_common/mpu.o
                0x080005d8                mpu_enable
 .text.mpu_configure
                0x080005f8       0x18 /home/etudiant/riot/LabBook1/Lab2/bin/nucleo-l476rg/cortexm_common/mpu.o
                0x080005f8                mpu_configure
 .text.panic_arch
                0x08000610       0x1c /home/etudiant/riot/LabBook1/Lab2/bin/nucleo-l476rg/cortexm_common/panic.o
                0x08000610                panic_arch
 .text.thread_stack_init
                0x0800062c       0x64 /home/etudiant/riot/LabBook1/Lab2/bin/nucleo-l476rg/cortexm_common/thread_arch.o
                0x0800062c                thread_stack_init
 .text.cpu_switch_context_exit
                0x08000690        0x8 /home/etudiant/riot/LabBook1/Lab2/bin/nucleo-l476rg/cortexm_common/thread_arch.o
                0x08000690                cpu_switch_context_exit
 .text.thread_yield_higher
                0x08000698       0x14 /home/etudiant/riot/LabBook1/Lab2/bin/nucleo-l476rg/cortexm_common/thread_arch.o
                0x08000698                thread_yield_higher
 .text.isr_pendsv
                0x080006ac       0x4c /home/etudiant/riot/LabBook1/Lab2/bin/nucleo-l476rg/cortexm_common/thread_arch.o
                0x080006ac                isr_pendsv
 .text.isr_svc  0x080006f8       0x10 /home/etudiant/riot/LabBook1/Lab2/bin/nucleo-l476rg/cortexm_common/thread_arch.o
                0x080006f8                isr_svc
 .text.sched_arch_idle
                0x08000708       0x10 /home/etudiant/riot/LabBook1/Lab2/bin/nucleo-l476rg/cortexm_common/thread_arch.o
                0x08000708                sched_arch_idle
 .text.hard_fault_default
                0x08000718       0x44 /home/etudiant/riot/LabBook1/Lab2/bin/nucleo-l476rg/cortexm_common/vectors_cortexm.o
                0x08000718                hard_fault_default
 .text.nmi_default
                0x0800075c       0x10 /home/etudiant/riot/LabBook1/Lab2/bin/nucleo-l476rg/cortexm_common/vectors_cortexm.o
                0x0800075c                nmi_default
 .text.mem_manage_default
                0x0800076c       0x10 /home/etudiant/riot/LabBook1/Lab2/bin/nucleo-l476rg/cortexm_common/vectors_cortexm.o
                0x0800076c                mem_manage_default
 .text.bus_fault_default
                0x0800077c       0x10 /home/etudiant/riot/LabBook1/Lab2/bin/nucleo-l476rg/cortexm_common/vectors_cortexm.o
                0x0800077c                bus_fault_default
 .text.usage_fault_default
                0x0800078c       0x10 /home/etudiant/riot/LabBook1/Lab2/bin/nucleo-l476rg/cortexm_common/vectors_cortexm.o
                0x0800078c                usage_fault_default
 .text.debug_mon_default
                0x0800079c       0x10 /home/etudiant/riot/LabBook1/Lab2/bin/nucleo-l476rg/cortexm_common/vectors_cortexm.o
                0x0800079c                debug_mon_default
 .text.dummy_handler_default
                0x080007ac       0x10 /home/etudiant/riot/LabBook1/Lab2/bin/nucleo-l476rg/cortexm_common/vectors_cortexm.o
                0x080007ac                dummy_handler_default
                0x080007ac                isr_systick
 .text.pre_startup
                0x080007bc        0x2 /home/etudiant/riot/LabBook1/Lab2/bin/nucleo-l476rg/cortexm_common/vectors_cortexm.o
                0x080007bc                pre_startup
 .text.post_startup
                0x080007be        0x2 /home/etudiant/riot/LabBook1/Lab2/bin/nucleo-l476rg/cortexm_common/vectors_cortexm.o
                0x080007be                post_startup
 .text.reset_handler_default
                0x080007c0       0x88 /home/etudiant/riot/LabBook1/Lab2/bin/nucleo-l476rg/cortexm_common/vectors_cortexm.o
                0x080007c0                reset_handler_default
 .text.hard_fault_handler
                0x08000848      0x1b8 /home/etudiant/riot/LabBook1/Lab2/bin/nucleo-l476rg/cortexm_common/vectors_cortexm.o
                0x08000848                hard_fault_handler
 .text.periph_apb_clk
                0x08000a00       0x18 /home/etudiant/riot/LabBook1/Lab2/bin/nucleo-l476rg/cpu/cpu_common.o
                0x08000a00                periph_apb_clk
 .text.periph_clk_en
                0x08000a18       0x54 /home/etudiant/riot/LabBook1/Lab2/bin/nucleo-l476rg/cpu/cpu_common.o
                0x08000a18                periph_clk_en
 .text.cpu_init
                0x08000a6c       0x20 /home/etudiant/riot/LabBook1/Lab2/bin/nucleo-l476rg/cpu/cpu_init.o
                0x08000a6c                cpu_init
 .text.isrpipe_write_one
                0x08000a8c       0x16 /home/etudiant/riot/LabBook1/Lab2/bin/nucleo-l476rg/isrpipe/isrpipe.o
                0x08000a8c                isrpipe_write_one
 .text.isrpipe_read
                0x08000aa2       0x32 /home/etudiant/riot/LabBook1/Lab2/bin/nucleo-l476rg/isrpipe/isrpipe.o
                0x08000aa2                isrpipe_read
 .text._init    0x08000ad4        0x2 /home/etudiant/riot/LabBook1/Lab2/bin/nucleo-l476rg/newlib_syscalls_default/syscalls.o
                0x08000ad4                _init
 .text._fini    0x08000ad6        0x2 /home/etudiant/riot/LabBook1/Lab2/bin/nucleo-l476rg/newlib_syscalls_default/syscalls.o
                0x08000ad6                _fini
 .text._sbrk_r  0x08000ad8       0x40 /home/etudiant/riot/LabBook1/Lab2/bin/nucleo-l476rg/newlib_syscalls_default/syscalls.o
                0x08000ad8                _sbrk_r
 .text._read_r  0x08000b18        0x8 /home/etudiant/riot/LabBook1/Lab2/bin/nucleo-l476rg/newlib_syscalls_default/syscalls.o
                0x08000b18                _read_r
 .text._write_r
                0x08000b20        0x8 /home/etudiant/riot/LabBook1/Lab2/bin/nucleo-l476rg/newlib_syscalls_default/syscalls.o
                0x08000b20                _write_r
 .text._close_r
                0x08000b28        0xa /home/etudiant/riot/LabBook1/Lab2/bin/nucleo-l476rg/newlib_syscalls_default/syscalls.o
                0x08000b28                _close_r
 .text._lseek_r
                0x08000b32        0xa /home/etudiant/riot/LabBook1/Lab2/bin/nucleo-l476rg/newlib_syscalls_default/syscalls.o
                0x08000b32                _lseek_r
 .text._fstat_r
                0x08000b3c        0xa /home/etudiant/riot/LabBook1/Lab2/bin/nucleo-l476rg/newlib_syscalls_default/syscalls.o
                0x08000b3c                _fstat_r
 .text._isatty_r
                0x08000b46       0x10 /home/etudiant/riot/LabBook1/Lab2/bin/nucleo-l476rg/newlib_syscalls_default/syscalls.o
                0x08000b46                _isatty_r
 .text.periph_init
                0x08000b56        0x2 /home/etudiant/riot/LabBook1/Lab2/bin/nucleo-l476rg/periph_common/init.o
                0x08000b56                periph_init
 .text.port_init_clock.part.0
                0x08000b58       0x1c /home/etudiant/riot/LabBook1/Lab2/bin/nucleo-l476rg/periph/gpio_all.o
 .text.gpio_init
                0x08000b74       0x78 /home/etudiant/riot/LabBook1/Lab2/bin/nucleo-l476rg/periph/gpio_all.o
                0x08000b74                gpio_init
 .text.gpio_init_af
                0x08000bec       0x68 /home/etudiant/riot/LabBook1/Lab2/bin/nucleo-l476rg/periph/gpio_all.o
                0x08000bec                gpio_init_af
 .text.pm_set   0x08000c54       0x7c /home/etudiant/riot/LabBook1/Lab2/bin/nucleo-l476rg/periph/pm.o
                0x08000c54                pm_set
 .text.pm_off   0x08000cd0        0xc /home/etudiant/riot/LabBook1/Lab2/bin/nucleo-l476rg/periph/pm.o
                0x08000cd0                pm_off
 .text.uart_enable_clock
                0x08000cdc       0x30 /home/etudiant/riot/LabBook1/Lab2/bin/nucleo-l476rg/periph/uart.o
 .text.irq_handler
                0x08000d0c       0x4c /home/etudiant/riot/LabBook1/Lab2/bin/nucleo-l476rg/periph/uart.o
 .text.uart_init
                0x08000d58       0xa8 /home/etudiant/riot/LabBook1/Lab2/bin/nucleo-l476rg/periph/uart.o
                0x08000d58                uart_init
 .text.uart_write
                0x08000e00       0x44 /home/etudiant/riot/LabBook1/Lab2/bin/nucleo-l476rg/periph/uart.o
                0x08000e00                uart_write
 .text.isr_usart2
                0x08000e44        0x6 /home/etudiant/riot/LabBook1/Lab2/bin/nucleo-l476rg/periph/uart.o
                0x08000e44                isr_usart2
 .text.isr_usart3
                0x08000e4a        0x6 /home/etudiant/riot/LabBook1/Lab2/bin/nucleo-l476rg/periph/uart.o
                0x08000e4a                isr_usart3
 .text.isr_usart1
                0x08000e50        0x6 /home/etudiant/riot/LabBook1/Lab2/bin/nucleo-l476rg/periph/uart.o
                0x08000e50                isr_usart1
 *fill*         0x08000e56        0x2 
 .text.pm_set_lowest
                0x08000e58       0x3c /home/etudiant/riot/LabBook1/Lab2/bin/nucleo-l476rg/pm_layered/pm.o
                0x08000e58                pm_set_lowest
 .text.pm_block
                0x08000e94       0x2c /home/etudiant/riot/LabBook1/Lab2/bin/nucleo-l476rg/pm_layered/pm.o
                0x08000e94                pm_block
 .text.stdio_init
                0x08000ec0       0x18 /home/etudiant/riot/LabBook1/Lab2/bin/nucleo-l476rg/stdio_uart/stdio_uart.o
                0x08000ec0                stdio_init
 .text.stdio_read
                0x08000ed8       0x10 /home/etudiant/riot/LabBook1/Lab2/bin/nucleo-l476rg/stdio_uart/stdio_uart.o
                0x08000ed8                stdio_read
 .text.stdio_write
                0x08000ee8       0x12 /home/etudiant/riot/LabBook1/Lab2/bin/nucleo-l476rg/stdio_uart/stdio_uart.o
                0x08000ee8                stdio_write
 *fill*         0x08000efa        0x2 
 .text.stmclk_enable_hsi
                0x08000efc       0x18 /home/etudiant/riot/LabBook1/Lab2/bin/nucleo-l476rg/stm32_clk/stmclk_common.o
                0x08000efc                stmclk_enable_hsi
 .text.stmclk_disable_hsi
                0x08000f14       0x10 /home/etudiant/riot/LabBook1/Lab2/bin/nucleo-l476rg/stm32_clk/stmclk_common.o
                0x08000f14                stmclk_disable_hsi
 .text.stmclk_dbp_unlock
                0x08000f24       0x10 /home/etudiant/riot/LabBook1/Lab2/bin/nucleo-l476rg/stm32_clk/stmclk_common.o
                0x08000f24                stmclk_dbp_unlock
 .text.stmclk_dbp_lock
                0x08000f34       0x10 /home/etudiant/riot/LabBook1/Lab2/bin/nucleo-l476rg/stm32_clk/stmclk_common.o
                0x08000f34                stmclk_dbp_lock
 .text.stmclk_enable_lfclk
                0x08000f44       0x28 /home/etudiant/riot/LabBook1/Lab2/bin/nucleo-l476rg/stm32_clk/stmclk_common.o
                0x08000f44                stmclk_enable_lfclk
 .text.stmclk_init_sysclk
                0x08000f6c       0x98 /home/etudiant/riot/LabBook1/Lab2/bin/nucleo-l476rg/stm32_clk/stmclk_l4wb.o
                0x08000f6c                stmclk_init_sysclk
 .text.dummy_handler
                0x08001004        0x4 /home/etudiant/riot/LabBook1/Lab2/bin/nucleo-l476rg/stm32_vectors/STM32L476xx.o
                0x08001004                isr_dfsdm1_flt0
                0x08001004                isr_lptim2
                0x08001004                isr_rtc_wkup
                0x08001004                isr_tim1_trg_com_tim17
                0x08001004                isr_swpmi1
                0x08001004                isr_exti
                0x08001004                isr_dma1_channel4
                0x08001004                isr_tsc
                0x08001004                isr_tim7
                0x08001004                isr_dma2_channel7
                0x08001004                isr_tim5
                0x08001004                isr_i2c1_ev
                0x08001004                isr_dfsdm1_flt3
                0x08001004                isr_dma1_channel5
                0x08001004                isr_tim4
                0x08001004                isr_dma1_channel2
                0x08001004                isr_adc3
                0x08001004                isr_dma2_channel6
                0x08001004                isr_can1_sce
                0x08001004                isr_dma1_channel7
                0x08001004                isr_i2c3_ev
                0x08001004                isr_tim2
                0x08001004                isr_dma2_channel4
                0x08001004                isr_spi2
                0x08001004                isr_tamp_stamp
                0x08001004                isr_dma1_channel1
                0x08001004                dummy_handler
                0x08001004                isr_otg_fs
                0x08001004                isr_can1_tx
                0x08001004                isr_tim1_up_tim16
                0x08001004                isr_adc1_2
                0x08001004                isr_can1_rx1
                0x08001004                isr_comp
                0x08001004                isr_spi1
                0x08001004                isr_lptim1
                0x08001004                isr_sai1
                0x08001004                isr_rcc
                0x08001004                isr_flash
                0x08001004                isr_uart5
                0x08001004                isr_dma2_channel5
                0x08001004                isr_i2c3_er
                0x08001004                isr_fmc
                0x08001004                isr_tim1_cc
                0x08001004                isr_lpuart1
                0x08001004                isr_dfsdm1_flt2
                0x08001004                isr_dma2_channel1
                0x08001004                isr_tim6_dac
                0x08001004                isr_uart4
                0x08001004                isr_tim8_brk
                0x08001004                isr_i2c2_er
                0x08001004                isr_dma1_channel6
                0x08001004                isr_spi3
                0x08001004                isr_lcd
                0x08001004                isr_can1_rx0
                0x08001004                isr_tim1_brk_tim15
                0x08001004                isr_tim3
                0x08001004                isr_pvd_pvm
                0x08001004                isr_tim8_up
                0x08001004                isr_sdmmc1
                0x08001004                isr_dfsdm1_flt1
                0x08001004                isr_fpu
                0x08001004                isr_rng
                0x08001004                isr_sai2
                0x08001004                isr_tim8_cc
                0x08001004                isr_i2c2_ev
                0x08001004                isr_dma2_channel2
                0x08001004                isr_dma2_channel3
                0x08001004                isr_rtc_alarm
                0x08001004                isr_quadspi
                0x08001004                isr_dma1_channel3
                0x08001004                isr_tim8_trg_com
                0x08001004                isr_i2c1_er
                0x08001004                isr_wwdg
 .text._pop     0x08001008       0x12 /home/etudiant/riot/LabBook1/Lab2/bin/nucleo-l476rg/tsrb/tsrb.o
 .text.tsrb_get
                0x0800101a       0x3e /home/etudiant/riot/LabBook1/Lab2/bin/nucleo-l476rg/tsrb/tsrb.o
                0x0800101a                tsrb_get
 .text.tsrb_add_one
                0x08001058       0x3c /home/etudiant/riot/LabBook1/Lab2/bin/nucleo-l476rg/tsrb/tsrb.o
                0x08001058                tsrb_add_one
 .text.__sflush_r
                0x08001094      0x10c /usr/bin/../lib/gcc/arm-none-eabi/7.3.1/../../../../arm-none-eabi/lib/thumb/v7e-m/fpv4-sp/hard/libc_nano.a(lib_a-fflush.o)
                0x08001094                __sflush_r
 .text._fflush_r
                0x080011a0       0x54 /usr/bin/../lib/gcc/arm-none-eabi/7.3.1/../../../../arm-none-eabi/lib/thumb/v7e-m/fpv4-sp/hard/libc_nano.a(lib_a-fflush.o)
                0x080011a0                _fflush_r
 .text.std      0x080011f4       0x48 /usr/bin/../lib/gcc/arm-none-eabi/7.3.1/../../../../arm-none-eabi/lib/thumb/v7e-m/fpv4-sp/hard/libc_nano.a(lib_a-findfp.o)
 .text._cleanup_r
                0x0800123c        0xc /usr/bin/../lib/gcc/arm-none-eabi/7.3.1/../../../../arm-none-eabi/lib/thumb/v7e-m/fpv4-sp/hard/libc_nano.a(lib_a-findfp.o)
                0x0800123c                _cleanup_r
 .text.__sfmoreglue
                0x08001248       0x2c /usr/bin/../lib/gcc/arm-none-eabi/7.3.1/../../../../arm-none-eabi/lib/thumb/v7e-m/fpv4-sp/hard/libc_nano.a(lib_a-findfp.o)
                0x08001248                __sfmoreglue
 .text.__sinit  0x08001274       0x60 /usr/bin/../lib/gcc/arm-none-eabi/7.3.1/../../../../arm-none-eabi/lib/thumb/v7e-m/fpv4-sp/hard/libc_nano.a(lib_a-findfp.o)
                0x08001274                __sinit
 .text.__sfp    0x080012d4       0x78 /usr/bin/../lib/gcc/arm-none-eabi/7.3.1/../../../../arm-none-eabi/lib/thumb/v7e-m/fpv4-sp/hard/libc_nano.a(lib_a-findfp.o)
                0x080012d4                __sfp
 .text._fwalk_reent
                0x0800134c       0x3c /usr/bin/../lib/gcc/arm-none-eabi/7.3.1/../../../../arm-none-eabi/lib/thumb/v7e-m/fpv4-sp/hard/libc_nano.a(lib_a-fwalk.o)
                0x0800134c                _fwalk_reent
 .text.__libc_init_array
                0x08001388       0x48 /usr/bin/../lib/gcc/arm-none-eabi/7.3.1/../../../../arm-none-eabi/lib/thumb/v7e-m/fpv4-sp/hard/libc_nano.a(lib_a-init.o)
                0x08001388                __libc_init_array
 .text.memset   0x080013d0       0x10 /usr/bin/../lib/gcc/arm-none-eabi/7.3.1/../../../../arm-none-eabi/lib/thumb/v7e-m/fpv4-sp/hard/libc_nano.a(lib_a-memset.o)
                0x080013d0                memset
 .text._free_r  0x080013e0       0x9c /usr/bin/../lib/gcc/arm-none-eabi/7.3.1/../../../../arm-none-eabi/lib/thumb/v7e-m/fpv4-sp/hard/libc_nano.a(lib_a-nano-freer.o)
                0x080013e0                _free_r
 .text._malloc_r
                0x0800147c       0xb4 /usr/bin/../lib/gcc/arm-none-eabi/7.3.1/../../../../arm-none-eabi/lib/thumb/v7e-m/fpv4-sp/hard/libc_nano.a(lib_a-nano-mallocr.o)
                0x0800147c                _malloc_r
 .text.printf   0x08001530       0x30 /usr/bin/../lib/gcc/arm-none-eabi/7.3.1/../../../../arm-none-eabi/lib/thumb/v7e-m/fpv4-sp/hard/libc_nano.a(lib_a-printf.o)
                0x08001530                printf
                0x08001530                iprintf
 .text._puts_r  0x08001560       0xb8 /usr/bin/../lib/gcc/arm-none-eabi/7.3.1/../../../../arm-none-eabi/lib/thumb/v7e-m/fpv4-sp/hard/libc_nano.a(lib_a-puts.o)
                0x08001560                _puts_r
 .text.puts     0x08001618       0x10 /usr/bin/../lib/gcc/arm-none-eabi/7.3.1/../../../../arm-none-eabi/lib/thumb/v7e-m/fpv4-sp/hard/libc_nano.a(lib_a-puts.o)
                0x08001618                puts
 .text.__sread  0x08001628       0x22 /usr/bin/../lib/gcc/arm-none-eabi/7.3.1/../../../../arm-none-eabi/lib/thumb/v7e-m/fpv4-sp/hard/libc_nano.a(lib_a-stdio.o)
                0x08001628                __sread
 .text.__swrite
                0x0800164a       0x38 /usr/bin/../lib/gcc/arm-none-eabi/7.3.1/../../../../arm-none-eabi/lib/thumb/v7e-m/fpv4-sp/hard/libc_nano.a(lib_a-stdio.o)
                0x0800164a                __swrite
 .text.__sseek  0x08001682       0x24 /usr/bin/../lib/gcc/arm-none-eabi/7.3.1/../../../../arm-none-eabi/lib/thumb/v7e-m/fpv4-sp/hard/libc_nano.a(lib_a-stdio.o)
                0x08001682                __sseek
 .text.__sclose
                0x080016a6        0x8 /usr/bin/../lib/gcc/arm-none-eabi/7.3.1/../../../../arm-none-eabi/lib/thumb/v7e-m/fpv4-sp/hard/libc_nano.a(lib_a-stdio.o)
                0x080016a6                __sclose
 *fill*         0x080016ae        0x2 
 .text.__swbuf_r
                0x080016b0       0xa4 /usr/bin/../lib/gcc/arm-none-eabi/7.3.1/../../../../arm-none-eabi/lib/thumb/v7e-m/fpv4-sp/hard/libc_nano.a(lib_a-wbuf.o)
                0x080016b0                __swbuf_r
 .text.__swsetup_r
                0x08001754       0xdc /usr/bin/../lib/gcc/arm-none-eabi/7.3.1/../../../../arm-none-eabi/lib/thumb/v7e-m/fpv4-sp/hard/libc_nano.a(lib_a-wsetup.o)
                0x08001754                __swsetup_r
 .text.__swhatbuf_r
                0x08001830       0x48 /usr/bin/../lib/gcc/arm-none-eabi/7.3.1/../../../../arm-none-eabi/lib/thumb/v7e-m/fpv4-sp/hard/libc_nano.a(lib_a-makebuf.o)
                0x08001830                __swhatbuf_r
 .text.__smakebuf_r
                0x08001878       0x80 /usr/bin/../lib/gcc/arm-none-eabi/7.3.1/../../../../arm-none-eabi/lib/thumb/v7e-m/fpv4-sp/hard/libc_nano.a(lib_a-makebuf.o)
                0x08001878                __smakebuf_r
 .text.__malloc_lock
                0x080018f8        0x2 /usr/bin/../lib/gcc/arm-none-eabi/7.3.1/../../../../arm-none-eabi/lib/thumb/v7e-m/fpv4-sp/hard/libc_nano.a(lib_a-mlock.o)
                0x080018f8                __malloc_lock
 .text.__malloc_unlock
                0x080018fa        0x2 /usr/bin/../lib/gcc/arm-none-eabi/7.3.1/../../../../arm-none-eabi/lib/thumb/v7e-m/fpv4-sp/hard/libc_nano.a(lib_a-mlock.o)
                0x080018fa                __malloc_unlock
 .text.__sfputc_r
                0x080018fc       0x2e /usr/bin/../lib/gcc/arm-none-eabi/7.3.1/../../../../arm-none-eabi/lib/thumb/v7e-m/fpv4-sp/hard/libc_nano.a(lib_a-nano-vfprintf.o)
 .text.__sfputs_r
                0x0800192a       0x24 /usr/bin/../lib/gcc/arm-none-eabi/7.3.1/../../../../arm-none-eabi/lib/thumb/v7e-m/fpv4-sp/hard/libc_nano.a(lib_a-nano-vfprintf.o)
                0x0800192a                __sfputs_r
 *fill*         0x0800194e        0x2 
 .text._vfprintf_r
                0x08001950      0x22c /usr/bin/../lib/gcc/arm-none-eabi/7.3.1/../../../../arm-none-eabi/lib/thumb/v7e-m/fpv4-sp/hard/libc_nano.a(lib_a-nano-vfprintf.o)
                0x08001950                _vfiprintf_r
                0x08001950                _vfprintf_r
 .text._printf_common
                0x08001b7c       0xea /usr/bin/../lib/gcc/arm-none-eabi/7.3.1/../../../../arm-none-eabi/lib/thumb/v7e-m/fpv4-sp/hard/libc_nano.a(lib_a-nano-vfprintf_i.o)
                0x08001b7c                _printf_common
 *fill*         0x08001c66        0x2 
 .text._printf_i
                0x08001c68      0x224 /usr/bin/../lib/gcc/arm-none-eabi/7.3.1/../../../../arm-none-eabi/lib/thumb/v7e-m/fpv4-sp/hard/libc_nano.a(lib_a-nano-vfprintf_i.o)
                0x08001c68                _printf_i
 *fill*         0x08001e8c        0x4 
 .text          0x08001e90       0xa0 /usr/bin/../lib/gcc/arm-none-eabi/7.3.1/../../../../arm-none-eabi/lib/thumb/v7e-m/fpv4-sp/hard/libc_nano.a(lib_a-memchr.o)
                0x08001e90                memchr
 *(.glue_7t)
 .glue_7t       0x08001f30        0x0 linker stubs
 *(.glue_7)
 .glue_7        0x08001f30        0x0 linker stubs
 *(.rodata .rodata* .gnu.linkonce.r.*)
 .rodata.main.str1.1
                0x08001f30       0x17 /home/etudiant/riot/LabBook1/Lab2/bin/nucleo-l476rg/application_Lab2/main.o
 .rodata.kernel_init.str1.1
                0x08001f47        0x5 /home/etudiant/riot/LabBook1/Lab2/bin/nucleo-l476rg/core/init.o
 .rodata.main_trampoline.str1.1
                0x08001f4c       0x3b /home/etudiant/riot/LabBook1/Lab2/bin/nucleo-l476rg/core/init.o
 .rodata.assert_crash_message
                0x08001f87       0x12 /home/etudiant/riot/LabBook1/Lab2/bin/nucleo-l476rg/core/panic.o
                0x08001f87                assert_crash_message
 .rodata.core_panic.str1.1
                0x08001f99       0x2e /home/etudiant/riot/LabBook1/Lab2/bin/nucleo-l476rg/core/panic.o
 .rodata.panic_arch.str1.1
                0x08001fc7        0xf /home/etudiant/riot/LabBook1/Lab2/bin/nucleo-l476rg/cortexm_common/panic.o
 .rodata.bus_fault_default.str1.1
                0x08001fd6       0x12 /home/etudiant/riot/LabBook1/Lab2/bin/nucleo-l476rg/cortexm_common/vectors_cortexm.o
 .rodata.debug_mon_default.str1.1
                0x08001fe8       0x12 /home/etudiant/riot/LabBook1/Lab2/bin/nucleo-l476rg/cortexm_common/vectors_cortexm.o
 .rodata.dummy_handler_default.str1.1
                0x08001ffa        0xe /home/etudiant/riot/LabBook1/Lab2/bin/nucleo-l476rg/cortexm_common/vectors_cortexm.o
 .rodata.hard_fault_handler.str1.1
                0x08002008      0x233 /home/etudiant/riot/LabBook1/Lab2/bin/nucleo-l476rg/cortexm_common/vectors_cortexm.o
 .rodata.mem_manage_default.str1.1
                0x0800223b       0x13 /home/etudiant/riot/LabBook1/Lab2/bin/nucleo-l476rg/cortexm_common/vectors_cortexm.o
 .rodata.nmi_default.str1.1
                0x0800224e        0xc /home/etudiant/riot/LabBook1/Lab2/bin/nucleo-l476rg/cortexm_common/vectors_cortexm.o
 .rodata.usage_fault_default.str1.1
                0x0800225a       0x14 /home/etudiant/riot/LabBook1/Lab2/bin/nucleo-l476rg/cortexm_common/vectors_cortexm.o
 *fill*         0x0800226e        0x2 
 .rodata.uart_config
                0x08002270       0x54 /home/etudiant/riot/LabBook1/Lab2/bin/nucleo-l476rg/periph/uart.o
 .rodata.__sf_fake_stderr
                0x080022c4       0x20 /usr/bin/../lib/gcc/arm-none-eabi/7.3.1/../../../../arm-none-eabi/lib/thumb/v7e-m/fpv4-sp/hard/libc_nano.a(lib_a-findfp.o)
                0x080022c4                __sf_fake_stderr
 .rodata.__sf_fake_stdin
                0x080022e4       0x20 /usr/bin/../lib/gcc/arm-none-eabi/7.3.1/../../../../arm-none-eabi/lib/thumb/v7e-m/fpv4-sp/hard/libc_nano.a(lib_a-findfp.o)
                0x080022e4                __sf_fake_stdin
 .rodata.__sf_fake_stdout
                0x08002304       0x20 /usr/bin/../lib/gcc/arm-none-eabi/7.3.1/../../../../arm-none-eabi/lib/thumb/v7e-m/fpv4-sp/hard/libc_nano.a(lib_a-findfp.o)
                0x08002304                __sf_fake_stdout
 .rodata._global_impure_ptr
                0x08002324        0x4 /usr/bin/../lib/gcc/arm-none-eabi/7.3.1/../../../../arm-none-eabi/lib/thumb/v7e-m/fpv4-sp/hard/libc_nano.a(lib_a-impure.o)
                0x08002324                _global_impure_ptr
 .rodata._vfprintf_r.str1.1
                0x08002328       0x11 /usr/bin/../lib/gcc/arm-none-eabi/7.3.1/../../../../arm-none-eabi/lib/thumb/v7e-m/fpv4-sp/hard/libc_nano.a(lib_a-nano-vfprintf.o)
 .rodata._printf_i.str1.1
                0x08002339       0x22 /usr/bin/../lib/gcc/arm-none-eabi/7.3.1/../../../../arm-none-eabi/lib/thumb/v7e-m/fpv4-sp/hard/libc_nano.a(lib_a-nano-vfprintf_i.o)
 *(.ARM.extab* .gnu.linkonce.armextab.*)
                0x0800235c                . = ALIGN (0x4)
 *fill*         0x0800235b        0x1 
 *(.init)
                0x0800235c                . = ALIGN (0x4)
                0x0800235c                __preinit_array_start = .
 *(.preinit_array)
                0x0800235c                __preinit_array_end = .
                0x0800235c                . = ALIGN (0x4)
                0x0800235c                __init_array_start = .
 *(SORT_BY_NAME(.init_array.*))
 *(.init_array)
                0x0800235c                __init_array_end = .
                0x0800235c                . = ALIGN (0x4)
 *crtbegin.o(.ctors)
 *(EXCLUDE_FILE(*crtend.o) .ctors)
 *(SORT_BY_NAME(.ctors.*))
 *crtend.o(.ctors)
                0x0800235c                . = ALIGN (0x4)
 *(.fini)
                0x0800235c                . = ALIGN (0x4)
                0x0800235c                __fini_array_start = .
 *(.fini_array)
 *(SORT_BY_NAME(.fini_array.*))
                0x0800235c                __fini_array_end = .
 *crtbegin.o(.dtors)
 *(EXCLUDE_FILE(*crtend.o) .dtors)
 *(SORT_BY_NAME(.dtors.*))
 *crtend.o(.dtors)
                0x0800235c                . = ALIGN (0x4)
                0x0800235c                _efixed = .

.vfp11_veneer   0x0800235c        0x0
 .vfp11_veneer  0x0800235c        0x0 linker stubs

.v4_bx          0x0800235c        0x0
 .v4_bx         0x0800235c        0x0 linker stubs

.iplt           0x0800235c        0x0
 .iplt          0x0800235c        0x0 /home/etudiant/riot/LabBook1/Lab2/bin/nucleo-l476rg/application_Lab2/main.o

.igot.plt       0x0800235c        0x0
 .igot.plt      0x0800235c        0x0 /home/etudiant/riot/LabBook1/Lab2/bin/nucleo-l476rg/application_Lab2/main.o

.rel.dyn        0x0800235c        0x0
 .rel.iplt      0x0800235c        0x0 /home/etudiant/riot/LabBook1/Lab2/bin/nucleo-l476rg/application_Lab2/main.o

.tdata          0x0800235c        0x0
                0x0800235c                __tdata_start = .
 *(.tdata .tdata.* .gnu.linkonce.td.*)
                0x0800235c                __tdata_end = .
                0x0800235c                __tdata_source = LOADADDR (.tdata)
                0x00000000                __tdata_size = SIZEOF (.tdata)

.tbss           0x0800235c        0x0
 *(.tbss .tbss.* .gnu.linkonce.tb.*)
 *(.tcommon)
                0x0800235c                __tbss_end = .
                0x00000000                __tls_size = (__tbss_end - __tdata_start)
                0x00000000                __tbss_size = (__tls_size - __tdata_size)
                [!provide]                PROVIDE (__exidx_start = .)

.ARM.exidx
 *(.ARM.exidx* .gnu.linkonce.armexidx.*)
                [!provide]                PROVIDE (__exidx_end = .)
                0x0800235c                . = ALIGN (0x4)

.eh_frame
 *(.eh_frame)
                0x0800235c                . = ALIGN (0x4)
                0x0800235c                _etext = .

.stack          0x20000000      0x200
 *(.puf)
                0x20000000                . = ALIGN (0x8)
                0x20000000                _sstack = .
 *(.isr_stack)
 .isr_stack     0x20000000      0x200 /home/etudiant/riot/LabBook1/Lab2/bin/nucleo-l476rg/cortexm_common/vectors_cortexm.o
                0x20000000                isr_stack
                0x20000200                . = ALIGN (0x8)
                0x20000200                _estack = .

.relocate       0x20000200       0x84 load address 0x0800235c
                0x20000200                . = ALIGN (0x4)
                0x20000200                _srelocate = .
 *(.ramfunc .ramfunc.*)
 *(.data .data.*)
 .data.heap_top
                0x20000200        0x4 /home/etudiant/riot/LabBook1/Lab2/bin/nucleo-l476rg/newlib_syscalls_default/syscalls.o
 .data.pm_blocker
                0x20000204        0x4 /home/etudiant/riot/LabBook1/Lab2/bin/nucleo-l476rg/pm_layered/pm.o
 .data.stdio_uart_isrpipe
                0x20000208       0x14 /home/etudiant/riot/LabBook1/Lab2/bin/nucleo-l476rg/stdio_uart/stdio_uart.o
                0x20000208                stdio_uart_isrpipe
 .data._impure_ptr
                0x2000021c        0x4 /usr/bin/../lib/gcc/arm-none-eabi/7.3.1/../../../../arm-none-eabi/lib/thumb/v7e-m/fpv4-sp/hard/libc_nano.a(lib_a-impure.o)
                0x2000021c                _impure_ptr
 .data.impure_data
                0x20000220       0x60 /usr/bin/../lib/gcc/arm-none-eabi/7.3.1/../../../../arm-none-eabi/lib/thumb/v7e-m/fpv4-sp/hard/libc_nano.a(lib_a-impure.o)
 *(.openocd .openocd.*)
 .openocd       0x20000280        0x2 /home/etudiant/riot/LabBook1/Lab2/bin/nucleo-l476rg/core/sched.o
                0x20000280                _tcb_name_offset
                0x20000281                max_threads
                0x20000284                . = ALIGN (0x4)
 *fill*         0x20000282        0x2 
                0x20000284                _erelocate = .

.bss            0x20000284      0x748 load address 0x080023e0
                0x20000284                . = ALIGN (0x4)
                0x20000284                _sbss = .
                0x20000284                _szero = .
 *(.bss .bss.*)
 .bss.main_stack
                0x20000284      0x600 /home/etudiant/riot/LabBook1/Lab2/bin/nucleo-l476rg/core/init.o
 .bss.crashed   0x20000884        0x4 /home/etudiant/riot/LabBook1/Lab2/bin/nucleo-l476rg/core/panic.o
 .bss.runqueue_bitcache
                0x20000888        0x4 /home/etudiant/riot/LabBook1/Lab2/bin/nucleo-l476rg/core/sched.o
 .bss.sched_active_pid
                0x2000088c        0x2 /home/etudiant/riot/LabBook1/Lab2/bin/nucleo-l476rg/core/sched.o
                0x2000088c                sched_active_pid
 *fill*         0x2000088e        0x2 
 .bss.sched_active_thread
                0x20000890        0x4 /home/etudiant/riot/LabBook1/Lab2/bin/nucleo-l476rg/core/sched.o
                0x20000890                sched_active_thread
 .bss.sched_context_switch_request
                0x20000894        0x4 /home/etudiant/riot/LabBook1/Lab2/bin/nucleo-l476rg/core/sched.o
                0x20000894                sched_context_switch_request
 .bss.sched_num_threads
                0x20000898        0x4 /home/etudiant/riot/LabBook1/Lab2/bin/nucleo-l476rg/core/sched.o
                0x20000898                sched_num_threads
 .bss.sched_runqueues
                0x2000089c       0x40 /home/etudiant/riot/LabBook1/Lab2/bin/nucleo-l476rg/core/sched.o
                0x2000089c                sched_runqueues
 .bss.sched_threads
                0x200008dc       0x84 /home/etudiant/riot/LabBook1/Lab2/bin/nucleo-l476rg/core/sched.o
                0x200008dc                sched_threads
 .bss.isr_ctx   0x20000960       0x24 /home/etudiant/riot/LabBook1/Lab2/bin/nucleo-l476rg/periph/uart.o
 .bss._rx_buf_mem
                0x20000984       0x40 /home/etudiant/riot/LabBook1/Lab2/bin/nucleo-l476rg/stdio_uart/stdio_uart.o
 .bss.__malloc_free_list
                0x200009c4        0x4 /usr/bin/../lib/gcc/arm-none-eabi/7.3.1/../../../../arm-none-eabi/lib/thumb/v7e-m/fpv4-sp/hard/libc_nano.a(lib_a-nano-mallocr.o)
                0x200009c4                __malloc_free_list
 .bss.__malloc_sbrk_start
                0x200009c8        0x4 /usr/bin/../lib/gcc/arm-none-eabi/7.3.1/../../../../arm-none-eabi/lib/thumb/v7e-m/fpv4-sp/hard/libc_nano.a(lib_a-nano-mallocr.o)
                0x200009c8                __malloc_sbrk_start
 *(COMMON)
                0x200009cc                . = ALIGN (0x4)
                0x200009cc                _ebss = .
                0x200009cc                _ezero = .

.noinit         0x200009cc        0x0 load address 0x080023e0
                0x200009cc                __noinit_start = .
 *(.noinit)
                0x200009cc                . = ALIGN (0x4)
                0x200009cc                __noinit_end = .
                0x200009cc                . = ALIGN (0x4)
                0x200009cc                _sheap = .
                0x20018000                _eheap = (ORIGIN (ram) + LENGTH (ram))
                0x20000000                _sram = ORIGIN (ram)
                0x20018000                _eram = (ORIGIN (ram) + LENGTH (ram))
                0x080023e0                _sbackup_data_load = LOADADDR (.backup.data)

.backup.data    0x00000000        0x0 load address 0x080023e0
                0x00000000                _sbackup_data = .
 *(.backup.data)
                0x00000000                _ebackup_data = .
                0x00000000                . = ALIGN (0x4)

.backup.bss     0x00000000        0x0 load address 0x080023e0
                0x00000000                _sbackup_bss = .
 *(.backup.bss)
                0x00000000                _ebackup_bss = .
                0x00000000                . = ALIGN (0x4)

.heap3          0x00000000        0x0 load address 0x080023e0
                0x00000000                _sheap1 = .
                0x00000000                _eheap1 = (ORIGIN (bkup-ram) + LENGTH (bkup-ram))
OUTPUT(/home/etudiant/riot/LabBook1/Lab2/bin/nucleo-l476rg/Lab2.elf elf32-littlearm)

.debug_info     0x00000000    0x20f6d
 .debug_info    0x00000000      0xc1b /home/etudiant/riot/LabBook1/Lab2/bin/nucleo-l476rg/application_Lab2/main.o
 .debug_info    0x00000c1b      0xad8 /home/etudiant/riot/LabBook1/Lab2/bin/nucleo-l476rg/auto_init/auto_init.o
 .debug_info    0x000016f3     0x182e /home/etudiant/riot/LabBook1/Lab2/bin/nucleo-l476rg/boards_common_nucleo/board_common_nucleo_init.o
 .debug_info    0x00002f21      0xde1 /home/etudiant/riot/LabBook1/Lab2/bin/nucleo-l476rg/core/init.o
 .debug_info    0x00003d02     0x1177 /home/etudiant/riot/LabBook1/Lab2/bin/nucleo-l476rg/core/mutex.o
 .debug_info    0x00004e79      0xe5c /home/etudiant/riot/LabBook1/Lab2/bin/nucleo-l476rg/core/panic.o
 .debug_info    0x00005cd5     0x129b /home/etudiant/riot/LabBook1/Lab2/bin/nucleo-l476rg/core/sched.o
 .debug_info    0x00006f70     0x1862 /home/etudiant/riot/LabBook1/Lab2/bin/nucleo-l476rg/core/thread.o
 .debug_info    0x000087d2     0x1300 /home/etudiant/riot/LabBook1/Lab2/bin/nucleo-l476rg/cortexm_common/cortexm_init.o
 .debug_info    0x00009ad2      0xeea /home/etudiant/riot/LabBook1/Lab2/bin/nucleo-l476rg/cortexm_common/mpu.o
 .debug_info    0x0000a9bc      0xcc3 /home/etudiant/riot/LabBook1/Lab2/bin/nucleo-l476rg/cortexm_common/panic.o
 .debug_info    0x0000b67f     0x1166 /home/etudiant/riot/LabBook1/Lab2/bin/nucleo-l476rg/cortexm_common/thread_arch.o
 .debug_info    0x0000c7e5     0x230d /home/etudiant/riot/LabBook1/Lab2/bin/nucleo-l476rg/cortexm_common/vectors_cortexm.o
 .debug_info    0x0000eaf2     0x1978 /home/etudiant/riot/LabBook1/Lab2/bin/nucleo-l476rg/cpu/cpu_common.o
 .debug_info    0x0001046a     0x18d5 /home/etudiant/riot/LabBook1/Lab2/bin/nucleo-l476rg/cpu/cpu_init.o
 .debug_info    0x00011d3f      0x500 /home/etudiant/riot/LabBook1/Lab2/bin/nucleo-l476rg/isrpipe/isrpipe.o
 .debug_info    0x0001223f     0x2330 /home/etudiant/riot/LabBook1/Lab2/bin/nucleo-l476rg/newlib_syscalls_default/syscalls.o
 .debug_info    0x0001456f      0xbf4 /home/etudiant/riot/LabBook1/Lab2/bin/nucleo-l476rg/periph_common/init.o
 .debug_info    0x00015163     0x1f3a /home/etudiant/riot/LabBook1/Lab2/bin/nucleo-l476rg/periph/gpio_all.o
 .debug_info    0x0001709d     0x10d4 /home/etudiant/riot/LabBook1/Lab2/bin/nucleo-l476rg/periph/pm.o
 .debug_info    0x00018171     0x2088 /home/etudiant/riot/LabBook1/Lab2/bin/nucleo-l476rg/periph/uart.o
 .debug_info    0x0001a1f9     0x1085 /home/etudiant/riot/LabBook1/Lab2/bin/nucleo-l476rg/pm_layered/pm.o
 .debug_info    0x0001b27e     0x1a78 /home/etudiant/riot/LabBook1/Lab2/bin/nucleo-l476rg/stdio_uart/stdio_uart.o
 .debug_info    0x0001ccf6     0x199b /home/etudiant/riot/LabBook1/Lab2/bin/nucleo-l476rg/stm32_clk/stmclk_common.o
 .debug_info    0x0001e691     0x1a90 /home/etudiant/riot/LabBook1/Lab2/bin/nucleo-l476rg/stm32_clk/stmclk_l4wb.o
 .debug_info    0x00020121      0x328 /home/etudiant/riot/LabBook1/Lab2/bin/nucleo-l476rg/stm32_vectors/STM32L476xx.o
 .debug_info    0x00020449      0xb24 /home/etudiant/riot/LabBook1/Lab2/bin/nucleo-l476rg/tsrb/tsrb.o

.debug_abbrev   0x00000000     0x51dc
 .debug_abbrev  0x00000000      0x259 /home/etudiant/riot/LabBook1/Lab2/bin/nucleo-l476rg/application_Lab2/main.o
 .debug_abbrev  0x00000259      0x1ab /home/etudiant/riot/LabBook1/Lab2/bin/nucleo-l476rg/auto_init/auto_init.o
 .debug_abbrev  0x00000404      0x2ad /home/etudiant/riot/LabBook1/Lab2/bin/nucleo-l476rg/boards_common_nucleo/board_common_nucleo_init.o
 .debug_abbrev  0x000006b1      0x2af /home/etudiant/riot/LabBook1/Lab2/bin/nucleo-l476rg/core/init.o
 .debug_abbrev  0x00000960      0x35e /home/etudiant/riot/LabBook1/Lab2/bin/nucleo-l476rg/core/mutex.o
 .debug_abbrev  0x00000cbe      0x30b /home/etudiant/riot/LabBook1/Lab2/bin/nucleo-l476rg/core/panic.o
 .debug_abbrev  0x00000fc9      0x40c /home/etudiant/riot/LabBook1/Lab2/bin/nucleo-l476rg/core/sched.o
 .debug_abbrev  0x000013d5      0x42a /home/etudiant/riot/LabBook1/Lab2/bin/nucleo-l476rg/core/thread.o
 .debug_abbrev  0x000017ff      0x370 /home/etudiant/riot/LabBook1/Lab2/bin/nucleo-l476rg/cortexm_common/cortexm_init.o
 .debug_abbrev  0x00001b6f      0x267 /home/etudiant/riot/LabBook1/Lab2/bin/nucleo-l476rg/cortexm_common/mpu.o
 .debug_abbrev  0x00001dd6      0x293 /home/etudiant/riot/LabBook1/Lab2/bin/nucleo-l476rg/cortexm_common/panic.o
 .debug_abbrev  0x00002069      0x3fe /home/etudiant/riot/LabBook1/Lab2/bin/nucleo-l476rg/cortexm_common/thread_arch.o
 .debug_abbrev  0x00002467      0x451 /home/etudiant/riot/LabBook1/Lab2/bin/nucleo-l476rg/cortexm_common/vectors_cortexm.o
 .debug_abbrev  0x000028b8      0x30d /home/etudiant/riot/LabBook1/Lab2/bin/nucleo-l476rg/cpu/cpu_common.o
 .debug_abbrev  0x00002bc5      0x2b0 /home/etudiant/riot/LabBook1/Lab2/bin/nucleo-l476rg/cpu/cpu_init.o
 .debug_abbrev  0x00002e75      0x25e /home/etudiant/riot/LabBook1/Lab2/bin/nucleo-l476rg/isrpipe/isrpipe.o
 .debug_abbrev  0x000030d3      0x495 /home/etudiant/riot/LabBook1/Lab2/bin/nucleo-l476rg/newlib_syscalls_default/syscalls.o
 .debug_abbrev  0x00003568      0x22d /home/etudiant/riot/LabBook1/Lab2/bin/nucleo-l476rg/periph_common/init.o
 .debug_abbrev  0x00003795      0x3af /home/etudiant/riot/LabBook1/Lab2/bin/nucleo-l476rg/periph/gpio_all.o
 .debug_abbrev  0x00003b44      0x328 /home/etudiant/riot/LabBook1/Lab2/bin/nucleo-l476rg/periph/pm.o
 .debug_abbrev  0x00003e6c      0x479 /home/etudiant/riot/LabBook1/Lab2/bin/nucleo-l476rg/periph/uart.o
 .debug_abbrev  0x000042e5      0x319 /home/etudiant/riot/LabBook1/Lab2/bin/nucleo-l476rg/pm_layered/pm.o
 .debug_abbrev  0x000045fe      0x31e /home/etudiant/riot/LabBook1/Lab2/bin/nucleo-l476rg/stdio_uart/stdio_uart.o
 .debug_abbrev  0x0000491c      0x28d /home/etudiant/riot/LabBook1/Lab2/bin/nucleo-l476rg/stm32_clk/stmclk_common.o
 .debug_abbrev  0x00004ba9      0x304 /home/etudiant/riot/LabBook1/Lab2/bin/nucleo-l476rg/stm32_clk/stmclk_l4wb.o
 .debug_abbrev  0x00004ead       0xe8 /home/etudiant/riot/LabBook1/Lab2/bin/nucleo-l476rg/stm32_vectors/STM32L476xx.o
 .debug_abbrev  0x00004f95      0x247 /home/etudiant/riot/LabBook1/Lab2/bin/nucleo-l476rg/tsrb/tsrb.o

.debug_aranges  0x00000000      0x748
 .debug_aranges
                0x00000000       0x28 /home/etudiant/riot/LabBook1/Lab2/bin/nucleo-l476rg/application_Lab2/main.o
 .debug_aranges
                0x00000028       0x20 /home/etudiant/riot/LabBook1/Lab2/bin/nucleo-l476rg/auto_init/auto_init.o
 .debug_aranges
                0x00000048       0x30 /home/etudiant/riot/LabBook1/Lab2/bin/nucleo-l476rg/boards_common_nucleo/board_common_nucleo_init.o
 .debug_aranges
                0x00000078       0x30 /home/etudiant/riot/LabBook1/Lab2/bin/nucleo-l476rg/core/init.o
 .debug_aranges
                0x000000a8       0x38 /home/etudiant/riot/LabBook1/Lab2/bin/nucleo-l476rg/core/mutex.o
 .debug_aranges
                0x000000e0       0x38 /home/etudiant/riot/LabBook1/Lab2/bin/nucleo-l476rg/core/panic.o
 .debug_aranges
                0x00000118       0x40 /home/etudiant/riot/LabBook1/Lab2/bin/nucleo-l476rg/core/sched.o
 .debug_aranges
                0x00000158       0x70 /home/etudiant/riot/LabBook1/Lab2/bin/nucleo-l476rg/core/thread.o
 .debug_aranges
                0x000001c8       0x30 /home/etudiant/riot/LabBook1/Lab2/bin/nucleo-l476rg/cortexm_common/cortexm_init.o
 .debug_aranges
                0x000001f8       0x40 /home/etudiant/riot/LabBook1/Lab2/bin/nucleo-l476rg/cortexm_common/mpu.o
 .debug_aranges
                0x00000238       0x28 /home/etudiant/riot/LabBook1/Lab2/bin/nucleo-l476rg/cortexm_common/panic.o
 .debug_aranges
                0x00000260       0x70 /home/etudiant/riot/LabBook1/Lab2/bin/nucleo-l476rg/cortexm_common/thread_arch.o
 .debug_aranges
                0x000002d0       0x70 /home/etudiant/riot/LabBook1/Lab2/bin/nucleo-l476rg/cortexm_common/vectors_cortexm.o
 .debug_aranges
                0x00000340       0x50 /home/etudiant/riot/LabBook1/Lab2/bin/nucleo-l476rg/cpu/cpu_common.o
 .debug_aranges
                0x00000390       0x28 /home/etudiant/riot/LabBook1/Lab2/bin/nucleo-l476rg/cpu/cpu_init.o
 .debug_aranges
                0x000003b8       0x38 /home/etudiant/riot/LabBook1/Lab2/bin/nucleo-l476rg/isrpipe/isrpipe.o
 .debug_aranges
                0x000003f0       0xc0 /home/etudiant/riot/LabBook1/Lab2/bin/nucleo-l476rg/newlib_syscalls_default/syscalls.o
 .debug_aranges
                0x000004b0       0x28 /home/etudiant/riot/LabBook1/Lab2/bin/nucleo-l476rg/periph_common/init.o
 .debug_aranges
                0x000004d8       0x78 /home/etudiant/riot/LabBook1/Lab2/bin/nucleo-l476rg/periph/gpio_all.o
 .debug_aranges
                0x00000550       0x30 /home/etudiant/riot/LabBook1/Lab2/bin/nucleo-l476rg/periph/pm.o
 .debug_aranges
                0x00000580       0x68 /home/etudiant/riot/LabBook1/Lab2/bin/nucleo-l476rg/periph/uart.o
 .debug_aranges
                0x000005e8       0x40 /home/etudiant/riot/LabBook1/Lab2/bin/nucleo-l476rg/pm_layered/pm.o
 .debug_aranges
                0x00000628       0x38 /home/etudiant/riot/LabBook1/Lab2/bin/nucleo-l476rg/stdio_uart/stdio_uart.o
 .debug_aranges
                0x00000660       0x50 /home/etudiant/riot/LabBook1/Lab2/bin/nucleo-l476rg/stm32_clk/stmclk_common.o
 .debug_aranges
                0x000006b0       0x28 /home/etudiant/riot/LabBook1/Lab2/bin/nucleo-l476rg/stm32_clk/stmclk_l4wb.o
 .debug_aranges
                0x000006d8       0x20 /home/etudiant/riot/LabBook1/Lab2/bin/nucleo-l476rg/stm32_vectors/STM32L476xx.o
 .debug_aranges
                0x000006f8       0x50 /home/etudiant/riot/LabBook1/Lab2/bin/nucleo-l476rg/tsrb/tsrb.o

.debug_ranges   0x00000000      0x8e8
 .debug_ranges  0x00000000       0x18 /home/etudiant/riot/LabBook1/Lab2/bin/nucleo-l476rg/application_Lab2/main.o
 .debug_ranges  0x00000018       0x10 /home/etudiant/riot/LabBook1/Lab2/bin/nucleo-l476rg/auto_init/auto_init.o
 .debug_ranges  0x00000028       0x20 /home/etudiant/riot/LabBook1/Lab2/bin/nucleo-l476rg/boards_common_nucleo/board_common_nucleo_init.o
 .debug_ranges  0x00000048       0x20 /home/etudiant/riot/LabBook1/Lab2/bin/nucleo-l476rg/core/init.o
 .debug_ranges  0x00000068       0x58 /home/etudiant/riot/LabBook1/Lab2/bin/nucleo-l476rg/core/mutex.o
 .debug_ranges  0x000000c0       0x28 /home/etudiant/riot/LabBook1/Lab2/bin/nucleo-l476rg/core/panic.o
 .debug_ranges  0x000000e8       0xd8 /home/etudiant/riot/LabBook1/Lab2/bin/nucleo-l476rg/core/sched.o
 .debug_ranges  0x000001c0       0xf0 /home/etudiant/riot/LabBook1/Lab2/bin/nucleo-l476rg/core/thread.o
 .debug_ranges  0x000002b0       0xa0 /home/etudiant/riot/LabBook1/Lab2/bin/nucleo-l476rg/cortexm_common/cortexm_init.o
 .debug_ranges  0x00000350       0x30 /home/etudiant/riot/LabBook1/Lab2/bin/nucleo-l476rg/cortexm_common/mpu.o
 .debug_ranges  0x00000380       0x18 /home/etudiant/riot/LabBook1/Lab2/bin/nucleo-l476rg/cortexm_common/panic.o
 .debug_ranges  0x00000398       0x90 /home/etudiant/riot/LabBook1/Lab2/bin/nucleo-l476rg/cortexm_common/thread_arch.o
 .debug_ranges  0x00000428       0x78 /home/etudiant/riot/LabBook1/Lab2/bin/nucleo-l476rg/cortexm_common/vectors_cortexm.o
 .debug_ranges  0x000004a0       0x40 /home/etudiant/riot/LabBook1/Lab2/bin/nucleo-l476rg/cpu/cpu_common.o
 .debug_ranges  0x000004e0       0x18 /home/etudiant/riot/LabBook1/Lab2/bin/nucleo-l476rg/cpu/cpu_init.o
 .debug_ranges  0x000004f8       0x58 /home/etudiant/riot/LabBook1/Lab2/bin/nucleo-l476rg/isrpipe/isrpipe.o
 .debug_ranges  0x00000550       0xe0 /home/etudiant/riot/LabBook1/Lab2/bin/nucleo-l476rg/newlib_syscalls_default/syscalls.o
 .debug_ranges  0x00000630       0x18 /home/etudiant/riot/LabBook1/Lab2/bin/nucleo-l476rg/periph_common/init.o
 .debug_ranges  0x00000648       0x68 /home/etudiant/riot/LabBook1/Lab2/bin/nucleo-l476rg/periph/gpio_all.o
 .debug_ranges  0x000006b0       0x40 /home/etudiant/riot/LabBook1/Lab2/bin/nucleo-l476rg/periph/pm.o
 .debug_ranges  0x000006f0       0xc0 /home/etudiant/riot/LabBook1/Lab2/bin/nucleo-l476rg/periph/uart.o
 .debug_ranges  0x000007b0       0x30 /home/etudiant/riot/LabBook1/Lab2/bin/nucleo-l476rg/pm_layered/pm.o
 .debug_ranges  0x000007e0       0x28 /home/etudiant/riot/LabBook1/Lab2/bin/nucleo-l476rg/stdio_uart/stdio_uart.o
 .debug_ranges  0x00000808       0x40 /home/etudiant/riot/LabBook1/Lab2/bin/nucleo-l476rg/stm32_clk/stmclk_common.o
 .debug_ranges  0x00000848       0x18 /home/etudiant/riot/LabBook1/Lab2/bin/nucleo-l476rg/stm32_clk/stmclk_l4wb.o
 .debug_ranges  0x00000860       0x10 /home/etudiant/riot/LabBook1/Lab2/bin/nucleo-l476rg/stm32_vectors/STM32L476xx.o
 .debug_ranges  0x00000870       0x78 /home/etudiant/riot/LabBook1/Lab2/bin/nucleo-l476rg/tsrb/tsrb.o

.debug_macro    0x00000000    0x358a8
 .debug_macro   0x00000000      0x33e /home/etudiant/riot/LabBook1/Lab2/bin/nucleo-l476rg/application_Lab2/main.o
 .debug_macro   0x0000033e      0xaa8 /home/etudiant/riot/LabBook1/Lab2/bin/nucleo-l476rg/application_Lab2/main.o
 .debug_macro   0x00000de6      0x130 /home/etudiant/riot/LabBook1/Lab2/bin/nucleo-l476rg/application_Lab2/main.o
 .debug_macro   0x00000f16       0x22 /home/etudiant/riot/LabBook1/Lab2/bin/nucleo-l476rg/application_Lab2/main.o
 .debug_macro   0x00000f38       0x40 /home/etudiant/riot/LabBook1/Lab2/bin/nucleo-l476rg/application_Lab2/main.o
 .debug_macro   0x00000f78       0x18 /home/etudiant/riot/LabBook1/Lab2/bin/nucleo-l476rg/application_Lab2/main.o
 .debug_macro   0x00000f90       0x5c /home/etudiant/riot/LabBook1/Lab2/bin/nucleo-l476rg/application_Lab2/main.o
 .debug_macro   0x00000fec       0x3c /home/etudiant/riot/LabBook1/Lab2/bin/nucleo-l476rg/application_Lab2/main.o
 .debug_macro   0x00001028       0x34 /home/etudiant/riot/LabBook1/Lab2/bin/nucleo-l476rg/application_Lab2/main.o
 .debug_macro   0x0000105c       0x16 /home/etudiant/riot/LabBook1/Lab2/bin/nucleo-l476rg/application_Lab2/main.o
 .debug_macro   0x00001072       0x57 /home/etudiant/riot/LabBook1/Lab2/bin/nucleo-l476rg/application_Lab2/main.o
 .debug_macro   0x000010c9       0x97 /home/etudiant/riot/LabBook1/Lab2/bin/nucleo-l476rg/application_Lab2/main.o
 .debug_macro   0x00001160      0x353 /home/etudiant/riot/LabBook1/Lab2/bin/nucleo-l476rg/application_Lab2/main.o
 .debug_macro   0x000014b3       0xf6 /home/etudiant/riot/LabBook1/Lab2/bin/nucleo-l476rg/application_Lab2/main.o
 .debug_macro   0x000015a9       0x10 /home/etudiant/riot/LabBook1/Lab2/bin/nucleo-l476rg/application_Lab2/main.o
 .debug_macro   0x000015b9       0x52 /home/etudiant/riot/LabBook1/Lab2/bin/nucleo-l476rg/application_Lab2/main.o
 .debug_macro   0x0000160b       0x1f /home/etudiant/riot/LabBook1/Lab2/bin/nucleo-l476rg/application_Lab2/main.o
 .debug_macro   0x0000162a       0x43 /home/etudiant/riot/LabBook1/Lab2/bin/nucleo-l476rg/application_Lab2/main.o
 .debug_macro   0x0000166d       0x20 /home/etudiant/riot/LabBook1/Lab2/bin/nucleo-l476rg/application_Lab2/main.o
 .debug_macro   0x0000168d      0x1a3 /home/etudiant/riot/LabBook1/Lab2/bin/nucleo-l476rg/application_Lab2/main.o
 .debug_macro   0x00001830       0x10 /home/etudiant/riot/LabBook1/Lab2/bin/nucleo-l476rg/application_Lab2/main.o
 .debug_macro   0x00001840       0x6a /home/etudiant/riot/LabBook1/Lab2/bin/nucleo-l476rg/application_Lab2/main.o
 .debug_macro   0x000018aa       0xb6 /home/etudiant/riot/LabBook1/Lab2/bin/nucleo-l476rg/application_Lab2/main.o
 .debug_macro   0x00001960       0x16 /home/etudiant/riot/LabBook1/Lab2/bin/nucleo-l476rg/application_Lab2/main.o
 .debug_macro   0x00001976      0x114 /home/etudiant/riot/LabBook1/Lab2/bin/nucleo-l476rg/application_Lab2/main.o
 .debug_macro   0x00001a8a       0xef /home/etudiant/riot/LabBook1/Lab2/bin/nucleo-l476rg/application_Lab2/main.o
 .debug_macro   0x00001b79      0x1df /home/etudiant/riot/LabBook1/Lab2/bin/nucleo-l476rg/application_Lab2/main.o
 .debug_macro   0x00001d58       0x22 /home/etudiant/riot/LabBook1/Lab2/bin/nucleo-l476rg/application_Lab2/main.o
 .debug_macro   0x00001d7a       0x49 /home/etudiant/riot/LabBook1/Lab2/bin/nucleo-l476rg/application_Lab2/main.o
 .debug_macro   0x00001dc3       0x2e /home/etudiant/riot/LabBook1/Lab2/bin/nucleo-l476rg/application_Lab2/main.o
 .debug_macro   0x00001df1       0x28 /home/etudiant/riot/LabBook1/Lab2/bin/nucleo-l476rg/application_Lab2/main.o
 .debug_macro   0x00001e19       0x1c /home/etudiant/riot/LabBook1/Lab2/bin/nucleo-l476rg/application_Lab2/main.o
 .debug_macro   0x00001e35       0x22 /home/etudiant/riot/LabBook1/Lab2/bin/nucleo-l476rg/application_Lab2/main.o
 .debug_macro   0x00001e57       0xd9 /home/etudiant/riot/LabBook1/Lab2/bin/nucleo-l476rg/application_Lab2/main.o
 .debug_macro   0x00001f30     0x102d /home/etudiant/riot/LabBook1/Lab2/bin/nucleo-l476rg/application_Lab2/main.o
 .debug_macro   0x00002f5d      0x11f /home/etudiant/riot/LabBook1/Lab2/bin/nucleo-l476rg/application_Lab2/main.o
 .debug_macro   0x0000307c    0x1a13d /home/etudiant/riot/LabBook1/Lab2/bin/nucleo-l476rg/application_Lab2/main.o
 .debug_macro   0x0001d1b9       0x43 /home/etudiant/riot/LabBook1/Lab2/bin/nucleo-l476rg/application_Lab2/main.o
 .debug_macro   0x0001d1fc       0x10 /home/etudiant/riot/LabBook1/Lab2/bin/nucleo-l476rg/application_Lab2/main.o
 .debug_macro   0x0001d20c       0x30 /home/etudiant/riot/LabBook1/Lab2/bin/nucleo-l476rg/application_Lab2/main.o
 .debug_macro   0x0001d23c       0x60 /home/etudiant/riot/LabBook1/Lab2/bin/nucleo-l476rg/application_Lab2/main.o
 .debug_macro   0x0001d29c       0x10 /home/etudiant/riot/LabBook1/Lab2/bin/nucleo-l476rg/application_Lab2/main.o
 .debug_macro   0x0001d2ac       0x35 /home/etudiant/riot/LabBook1/Lab2/bin/nucleo-l476rg/application_Lab2/main.o
 .debug_macro   0x0001d2e1      0x460 /home/etudiant/riot/LabBook1/Lab2/bin/nucleo-l476rg/application_Lab2/main.o
 .debug_macro   0x0001d741       0x2b /home/etudiant/riot/LabBook1/Lab2/bin/nucleo-l476rg/application_Lab2/main.o
 .debug_macro   0x0001d76c       0xee /home/etudiant/riot/LabBook1/Lab2/bin/nucleo-l476rg/application_Lab2/main.o
 .debug_macro   0x0001d85a       0x28 /home/etudiant/riot/LabBook1/Lab2/bin/nucleo-l476rg/application_Lab2/main.o
 .debug_macro   0x0001d882       0x18 /home/etudiant/riot/LabBook1/Lab2/bin/nucleo-l476rg/application_Lab2/main.o
 .debug_macro   0x0001d89a       0x10 /home/etudiant/riot/LabBook1/Lab2/bin/nucleo-l476rg/application_Lab2/main.o
 .debug_macro   0x0001d8aa       0x12 /home/etudiant/riot/LabBook1/Lab2/bin/nucleo-l476rg/application_Lab2/main.o
 .debug_macro   0x0001d8bc       0x66 /home/etudiant/riot/LabBook1/Lab2/bin/nucleo-l476rg/application_Lab2/main.o
 .debug_macro   0x0001d922       0x16 /home/etudiant/riot/LabBook1/Lab2/bin/nucleo-l476rg/application_Lab2/main.o
 .debug_macro   0x0001d938       0x2e /home/etudiant/riot/LabBook1/Lab2/bin/nucleo-l476rg/application_Lab2/main.o
 .debug_macro   0x0001d966       0x22 /home/etudiant/riot/LabBook1/Lab2/bin/nucleo-l476rg/application_Lab2/main.o
 .debug_macro   0x0001d988      0x1c8 /home/etudiant/riot/LabBook1/Lab2/bin/nucleo-l476rg/application_Lab2/main.o
 .debug_macro   0x0001db50       0x10 /home/etudiant/riot/LabBook1/Lab2/bin/nucleo-l476rg/application_Lab2/main.o
 .debug_macro   0x0001db60      0x186 /home/etudiant/riot/LabBook1/Lab2/bin/nucleo-l476rg/auto_init/auto_init.o
 .debug_macro   0x0001dce6      0xaa8 /home/etudiant/riot/LabBook1/Lab2/bin/nucleo-l476rg/auto_init/auto_init.o
 .debug_macro   0x0001e78e       0x56 /home/etudiant/riot/LabBook1/Lab2/bin/nucleo-l476rg/auto_init/auto_init.o
 .debug_macro   0x0001e7e4       0x51 /home/etudiant/riot/LabBook1/Lab2/bin/nucleo-l476rg/auto_init/auto_init.o
 .debug_macro   0x0001e835       0x46 /home/etudiant/riot/LabBook1/Lab2/bin/nucleo-l476rg/auto_init/auto_init.o
 .debug_macro   0x0001e87b       0x34 /home/etudiant/riot/LabBook1/Lab2/bin/nucleo-l476rg/auto_init/auto_init.o
 .debug_macro   0x0001e8af      0x3bd /home/etudiant/riot/LabBook1/Lab2/bin/nucleo-l476rg/boards_common_nucleo/board_common_nucleo_init.o
 .debug_macro   0x0001ec6c      0xaa8 /home/etudiant/riot/LabBook1/Lab2/bin/nucleo-l476rg/boards_common_nucleo/board_common_nucleo_init.o
 .debug_macro   0x0001f714       0x10 /home/etudiant/riot/LabBook1/Lab2/bin/nucleo-l476rg/boards_common_nucleo/board_common_nucleo_init.o
 .debug_macro   0x0001f724       0x9e /home/etudiant/riot/LabBook1/Lab2/bin/nucleo-l476rg/boards_common_nucleo/board_common_nucleo_init.o
 .debug_macro   0x0001f7c2       0x16 /home/etudiant/riot/LabBook1/Lab2/bin/nucleo-l476rg/boards_common_nucleo/board_common_nucleo_init.o
 .debug_macro   0x0001f7d8       0x28 /home/etudiant/riot/LabBook1/Lab2/bin/nucleo-l476rg/boards_common_nucleo/board_common_nucleo_init.o
 .debug_macro   0x0001f800       0x5f /home/etudiant/riot/LabBook1/Lab2/bin/nucleo-l476rg/boards_common_nucleo/board_common_nucleo_init.o
 .debug_macro   0x0001f85f       0x10 /home/etudiant/riot/LabBook1/Lab2/bin/nucleo-l476rg/boards_common_nucleo/board_common_nucleo_init.o
 .debug_macro   0x0001f86f       0xac /home/etudiant/riot/LabBook1/Lab2/bin/nucleo-l476rg/boards_common_nucleo/board_common_nucleo_init.o
 .debug_macro   0x0001f91b       0x10 /home/etudiant/riot/LabBook1/Lab2/bin/nucleo-l476rg/boards_common_nucleo/board_common_nucleo_init.o
 .debug_macro   0x0001f92b       0x10 /home/etudiant/riot/LabBook1/Lab2/bin/nucleo-l476rg/boards_common_nucleo/board_common_nucleo_init.o
 .debug_macro   0x0001f93b       0x3a /home/etudiant/riot/LabBook1/Lab2/bin/nucleo-l476rg/boards_common_nucleo/board_common_nucleo_init.o
 .debug_macro   0x0001f975      0x394 /home/etudiant/riot/LabBook1/Lab2/bin/nucleo-l476rg/core/init.o
 .debug_macro   0x0001fd09      0xaa8 /home/etudiant/riot/LabBook1/Lab2/bin/nucleo-l476rg/core/init.o
 .debug_macro   0x000207b1       0x10 /home/etudiant/riot/LabBook1/Lab2/bin/nucleo-l476rg/core/init.o
 .debug_macro   0x000207c1      0x23b /home/etudiant/riot/LabBook1/Lab2/bin/nucleo-l476rg/core/init.o
 .debug_macro   0x000209fc       0x10 /home/etudiant/riot/LabBook1/Lab2/bin/nucleo-l476rg/core/init.o
 .debug_macro   0x00020a0c       0x2e /home/etudiant/riot/LabBook1/Lab2/bin/nucleo-l476rg/core/init.o
 .debug_macro   0x00020a3a      0x31c /home/etudiant/riot/LabBook1/Lab2/bin/nucleo-l476rg/core/mutex.o
 .debug_macro   0x00020d56      0xaa8 /home/etudiant/riot/LabBook1/Lab2/bin/nucleo-l476rg/core/mutex.o
 .debug_macro   0x000217fe      0x1e5 /home/etudiant/riot/LabBook1/Lab2/bin/nucleo-l476rg/core/mutex.o
 .debug_macro   0x000219e3      0x356 /home/etudiant/riot/LabBook1/Lab2/bin/nucleo-l476rg/core/panic.o
 .debug_macro   0x00021d39      0xaa8 /home/etudiant/riot/LabBook1/Lab2/bin/nucleo-l476rg/core/panic.o
 .debug_macro   0x000227e1       0x10 /home/etudiant/riot/LabBook1/Lab2/bin/nucleo-l476rg/core/panic.o
 .debug_macro   0x000227f1      0x338 /home/etudiant/riot/LabBook1/Lab2/bin/nucleo-l476rg/core/sched.o
 .debug_macro   0x00022b29      0xaa8 /home/etudiant/riot/LabBook1/Lab2/bin/nucleo-l476rg/core/sched.o
 .debug_macro   0x000235d1       0x16 /home/etudiant/riot/LabBook1/Lab2/bin/nucleo-l476rg/core/sched.o
 .debug_macro   0x000235e7      0x329 /home/etudiant/riot/LabBook1/Lab2/bin/nucleo-l476rg/core/thread.o
 .debug_macro   0x00023910      0xaa8 /home/etudiant/riot/LabBook1/Lab2/bin/nucleo-l476rg/core/thread.o
 .debug_macro   0x000243b8       0xdc /home/etudiant/riot/LabBook1/Lab2/bin/nucleo-l476rg/core/thread.o
 .debug_macro   0x00024494      0x2fc /home/etudiant/riot/LabBook1/Lab2/bin/nucleo-l476rg/cortexm_common/cortexm_init.o
 .debug_macro   0x00024790      0xaa8 /home/etudiant/riot/LabBook1/Lab2/bin/nucleo-l476rg/cortexm_common/cortexm_init.o
 .debug_macro   0x00025238      0x2ff /home/etudiant/riot/LabBook1/Lab2/bin/nucleo-l476rg/cortexm_common/mpu.o
 .debug_macro   0x00025537      0xaa8 /home/etudiant/riot/LabBook1/Lab2/bin/nucleo-l476rg/cortexm_common/mpu.o
 .debug_macro   0x00025fdf      0x2ff /home/etudiant/riot/LabBook1/Lab2/bin/nucleo-l476rg/cortexm_common/panic.o
 .debug_macro   0x000262de      0xaa8 /home/etudiant/riot/LabBook1/Lab2/bin/nucleo-l476rg/cortexm_common/panic.o
 .debug_macro   0x00026d86      0x326 /home/etudiant/riot/LabBook1/Lab2/bin/nucleo-l476rg/cortexm_common/thread_arch.o
 .debug_macro   0x000270ac      0xaa8 /home/etudiant/riot/LabBook1/Lab2/bin/nucleo-l476rg/cortexm_common/thread_arch.o
 .debug_macro   0x00027b54       0x1c /home/etudiant/riot/LabBook1/Lab2/bin/nucleo-l476rg/cortexm_common/thread_arch.o
 .debug_macro   0x00027b70      0x3f7 /home/etudiant/riot/LabBook1/Lab2/bin/nucleo-l476rg/cortexm_common/vectors_cortexm.o
 .debug_macro   0x00027f67      0xaa8 /home/etudiant/riot/LabBook1/Lab2/bin/nucleo-l476rg/cortexm_common/vectors_cortexm.o
 .debug_macro   0x00028a0f       0x1c /home/etudiant/riot/LabBook1/Lab2/bin/nucleo-l476rg/cortexm_common/vectors_cortexm.o
 .debug_macro   0x00028a2b      0x367 /home/etudiant/riot/LabBook1/Lab2/bin/nucleo-l476rg/cpu/cpu_common.o
 .debug_macro   0x00028d92      0xaa8 /home/etudiant/riot/LabBook1/Lab2/bin/nucleo-l476rg/cpu/cpu_common.o
 .debug_macro   0x0002983a      0x402 /home/etudiant/riot/LabBook1/Lab2/bin/nucleo-l476rg/cpu/cpu_init.o
 .debug_macro   0x00029c3c      0xaa8 /home/etudiant/riot/LabBook1/Lab2/bin/nucleo-l476rg/cpu/cpu_init.o
 .debug_macro   0x0002a6e4       0x16 /home/etudiant/riot/LabBook1/Lab2/bin/nucleo-l476rg/cpu/cpu_init.o
 .debug_macro   0x0002a6fa      0x4fe /home/etudiant/riot/LabBook1/Lab2/bin/nucleo-l476rg/cpu/cpu_init.o
 .debug_macro   0x0002abf8      0x187 /home/etudiant/riot/LabBook1/Lab2/bin/nucleo-l476rg/isrpipe/isrpipe.o
 .debug_macro   0x0002ad7f      0xaa8 /home/etudiant/riot/LabBook1/Lab2/bin/nucleo-l476rg/isrpipe/isrpipe.o
 .debug_macro   0x0002b827      0x4f5 /home/etudiant/riot/LabBook1/Lab2/bin/nucleo-l476rg/newlib_syscalls_default/syscalls.o
 .debug_macro   0x0002bd1c      0xaa8 /home/etudiant/riot/LabBook1/Lab2/bin/nucleo-l476rg/newlib_syscalls_default/syscalls.o
 .debug_macro   0x0002c7c4       0x10 /home/etudiant/riot/LabBook1/Lab2/bin/nucleo-l476rg/newlib_syscalls_default/syscalls.o
 .debug_macro   0x0002c7d4       0xcf /home/etudiant/riot/LabBook1/Lab2/bin/nucleo-l476rg/newlib_syscalls_default/syscalls.o
 .debug_macro   0x0002c8a3       0xb7 /home/etudiant/riot/LabBook1/Lab2/bin/nucleo-l476rg/newlib_syscalls_default/syscalls.o
 .debug_macro   0x0002c95a       0x10 /home/etudiant/riot/LabBook1/Lab2/bin/nucleo-l476rg/newlib_syscalls_default/syscalls.o
 .debug_macro   0x0002c96a      0x241 /home/etudiant/riot/LabBook1/Lab2/bin/nucleo-l476rg/newlib_syscalls_default/syscalls.o
 .debug_macro   0x0002cbab       0x10 /home/etudiant/riot/LabBook1/Lab2/bin/nucleo-l476rg/newlib_syscalls_default/syscalls.o
 .debug_macro   0x0002cbbb       0x3c /home/etudiant/riot/LabBook1/Lab2/bin/nucleo-l476rg/newlib_syscalls_default/syscalls.o
 .debug_macro   0x0002cbf7       0xff /home/etudiant/riot/LabBook1/Lab2/bin/nucleo-l476rg/newlib_syscalls_default/syscalls.o
 .debug_macro   0x0002ccf6       0x16 /home/etudiant/riot/LabBook1/Lab2/bin/nucleo-l476rg/newlib_syscalls_default/syscalls.o
 .debug_macro   0x0002cd0c       0x10 /home/etudiant/riot/LabBook1/Lab2/bin/nucleo-l476rg/newlib_syscalls_default/syscalls.o
 .debug_macro   0x0002cd1c       0x10 /home/etudiant/riot/LabBook1/Lab2/bin/nucleo-l476rg/newlib_syscalls_default/syscalls.o
 .debug_macro   0x0002cd2c       0x2e /home/etudiant/riot/LabBook1/Lab2/bin/nucleo-l476rg/newlib_syscalls_default/syscalls.o
 .debug_macro   0x0002cd5a       0xf5 /home/etudiant/riot/LabBook1/Lab2/bin/nucleo-l476rg/newlib_syscalls_default/syscalls.o
 .debug_macro   0x0002ce4f      0x31d /home/etudiant/riot/LabBook1/Lab2/bin/nucleo-l476rg/periph_common/init.o
 .debug_macro   0x0002d16c      0xaa8 /home/etudiant/riot/LabBook1/Lab2/bin/nucleo-l476rg/periph_common/init.o
 .debug_macro   0x0002dc14      0x37d /home/etudiant/riot/LabBook1/Lab2/bin/nucleo-l476rg/periph/gpio_all.o
 .debug_macro   0x0002df91      0xaa8 /home/etudiant/riot/LabBook1/Lab2/bin/nucleo-l476rg/periph/gpio_all.o
 .debug_macro   0x0002ea39      0x371 /home/etudiant/riot/LabBook1/Lab2/bin/nucleo-l476rg/periph/pm.o
 .debug_macro   0x0002edaa      0xaa8 /home/etudiant/riot/LabBook1/Lab2/bin/nucleo-l476rg/periph/pm.o
 .debug_macro   0x0002f852      0x3aa /home/etudiant/riot/LabBook1/Lab2/bin/nucleo-l476rg/periph/uart.o
 .debug_macro   0x0002fbfc      0xaa8 /home/etudiant/riot/LabBook1/Lab2/bin/nucleo-l476rg/periph/uart.o
 .debug_macro   0x000306a4       0x10 /home/etudiant/riot/LabBook1/Lab2/bin/nucleo-l476rg/periph/uart.o
 .debug_macro   0x000306b4      0x353 /home/etudiant/riot/LabBook1/Lab2/bin/nucleo-l476rg/pm_layered/pm.o
 .debug_macro   0x00030a07      0xaa8 /home/etudiant/riot/LabBook1/Lab2/bin/nucleo-l476rg/pm_layered/pm.o
 .debug_macro   0x000314af      0x47a /home/etudiant/riot/LabBook1/Lab2/bin/nucleo-l476rg/stdio_uart/stdio_uart.o
 .debug_macro   0x00031929      0xaa8 /home/etudiant/riot/LabBook1/Lab2/bin/nucleo-l476rg/stdio_uart/stdio_uart.o
 .debug_macro   0x000323d1       0x16 /home/etudiant/riot/LabBook1/Lab2/bin/nucleo-l476rg/stdio_uart/stdio_uart.o
 .debug_macro   0x000323e7      0x376 /home/etudiant/riot/LabBook1/Lab2/bin/nucleo-l476rg/stm32_clk/stmclk_common.o
 .debug_macro   0x0003275d      0xaa8 /home/etudiant/riot/LabBook1/Lab2/bin/nucleo-l476rg/stm32_clk/stmclk_common.o
 .debug_macro   0x00033205      0x43a /home/etudiant/riot/LabBook1/Lab2/bin/nucleo-l476rg/stm32_clk/stmclk_l4wb.o
 .debug_macro   0x0003363f      0xaa8 /home/etudiant/riot/LabBook1/Lab2/bin/nucleo-l476rg/stm32_clk/stmclk_l4wb.o
 .debug_macro   0x000340e7      0x101 /home/etudiant/riot/LabBook1/Lab2/bin/nucleo-l476rg/stm32_vectors/STM32L476xx.o
 .debug_macro   0x000341e8      0xaa8 /home/etudiant/riot/LabBook1/Lab2/bin/nucleo-l476rg/stm32_vectors/STM32L476xx.o
 .debug_macro   0x00034c90       0x16 /home/etudiant/riot/LabBook1/Lab2/bin/nucleo-l476rg/stm32_vectors/STM32L476xx.o
 .debug_macro   0x00034ca6      0x15a /home/etudiant/riot/LabBook1/Lab2/bin/nucleo-l476rg/tsrb/tsrb.o
 .debug_macro   0x00034e00      0xaa8 /home/etudiant/riot/LabBook1/Lab2/bin/nucleo-l476rg/tsrb/tsrb.o

.debug_line     0x00000000     0xc436
 .debug_line    0x00000000      0x6a9 /home/etudiant/riot/LabBook1/Lab2/bin/nucleo-l476rg/application_Lab2/main.o
 .debug_line    0x000006a9      0x2fe /home/etudiant/riot/LabBook1/Lab2/bin/nucleo-l476rg/auto_init/auto_init.o
 .debug_line    0x000009a7      0x8bd /home/etudiant/riot/LabBook1/Lab2/bin/nucleo-l476rg/boards_common_nucleo/board_common_nucleo_init.o
 .debug_line    0x00001264      0x708 /home/etudiant/riot/LabBook1/Lab2/bin/nucleo-l476rg/core/init.o
 .debug_line    0x0000196c      0x685 /home/etudiant/riot/LabBook1/Lab2/bin/nucleo-l476rg/core/mutex.o
 .debug_line    0x00001ff1      0x708 /home/etudiant/riot/LabBook1/Lab2/bin/nucleo-l476rg/core/panic.o
 .debug_line    0x000026f9      0x6f3 /home/etudiant/riot/LabBook1/Lab2/bin/nucleo-l476rg/core/sched.o
 .debug_line    0x00002dec      0x84b /home/etudiant/riot/LabBook1/Lab2/bin/nucleo-l476rg/core/thread.o
 .debug_line    0x00003637      0x62d /home/etudiant/riot/LabBook1/Lab2/bin/nucleo-l476rg/cortexm_common/cortexm_init.o
 .debug_line    0x00003c64      0x5fe /home/etudiant/riot/LabBook1/Lab2/bin/nucleo-l476rg/cortexm_common/mpu.o
 .debug_line    0x00004262      0x5ca /home/etudiant/riot/LabBook1/Lab2/bin/nucleo-l476rg/cortexm_common/panic.o
 .debug_line    0x0000482c      0x719 /home/etudiant/riot/LabBook1/Lab2/bin/nucleo-l476rg/cortexm_common/thread_arch.o
 .debug_line    0x00004f45      0x9f7 /home/etudiant/riot/LabBook1/Lab2/bin/nucleo-l476rg/cortexm_common/vectors_cortexm.o
 .debug_line    0x0000593c      0x81a /home/etudiant/riot/LabBook1/Lab2/bin/nucleo-l476rg/cpu/cpu_common.o
 .debug_line    0x00006156      0x8fb /home/etudiant/riot/LabBook1/Lab2/bin/nucleo-l476rg/cpu/cpu_init.o
 .debug_line    0x00006a51      0x4af /home/etudiant/riot/LabBook1/Lab2/bin/nucleo-l476rg/isrpipe/isrpipe.o
 .debug_line    0x00006f00      0xb7b /home/etudiant/riot/LabBook1/Lab2/bin/nucleo-l476rg/newlib_syscalls_default/syscalls.o
 .debug_line    0x00007a7b      0x641 /home/etudiant/riot/LabBook1/Lab2/bin/nucleo-l476rg/periph_common/init.o
 .debug_line    0x000080bc      0x906 /home/etudiant/riot/LabBook1/Lab2/bin/nucleo-l476rg/periph/gpio_all.o
 .debug_line    0x000089c2      0x71e /home/etudiant/riot/LabBook1/Lab2/bin/nucleo-l476rg/periph/pm.o
 .debug_line    0x000090e0      0x94b /home/etudiant/riot/LabBook1/Lab2/bin/nucleo-l476rg/periph/uart.o
 .debug_line    0x00009a2b      0x781 /home/etudiant/riot/LabBook1/Lab2/bin/nucleo-l476rg/pm_layered/pm.o
 .debug_line    0x0000a1ac      0x96a /home/etudiant/riot/LabBook1/Lab2/bin/nucleo-l476rg/stdio_uart/stdio_uart.o
 .debug_line    0x0000ab16      0x7f9 /home/etudiant/riot/LabBook1/Lab2/bin/nucleo-l476rg/stm32_clk/stmclk_common.o
 .debug_line    0x0000b30f      0x801 /home/etudiant/riot/LabBook1/Lab2/bin/nucleo-l476rg/stm32_clk/stmclk_l4wb.o
 .debug_line    0x0000bb10      0x380 /home/etudiant/riot/LabBook1/Lab2/bin/nucleo-l476rg/stm32_vectors/STM32L476xx.o
 .debug_line    0x0000be90      0x5a6 /home/etudiant/riot/LabBook1/Lab2/bin/nucleo-l476rg/tsrb/tsrb.o

.debug_str      0x00000000    0xaab63
 .debug_str     0x00000000    0xa44f8 /home/etudiant/riot/LabBook1/Lab2/bin/nucleo-l476rg/application_Lab2/main.o
                              0xa48b9 (size before relaxing)
 .debug_str     0x000a44f8      0x506 /home/etudiant/riot/LabBook1/Lab2/bin/nucleo-l476rg/auto_init/auto_init.o
                               0x8104 (size before relaxing)
 .debug_str     0x000a49fe     0x115a /home/etudiant/riot/LabBook1/Lab2/bin/nucleo-l476rg/boards_common_nucleo/board_common_nucleo_init.o
                              0xa5924 (size before relaxing)
 .debug_str     0x000a5b58      0x752 /home/etudiant/riot/LabBook1/Lab2/bin/nucleo-l476rg/core/init.o
                              0xa50fb (size before relaxing)
 .debug_str     0x000a62aa      0x1e7 /home/etudiant/riot/LabBook1/Lab2/bin/nucleo-l476rg/core/mutex.o
                              0xa4338 (size before relaxing)
 .debug_str     0x000a6491      0x1c8 /home/etudiant/riot/LabBook1/Lab2/bin/nucleo-l476rg/core/panic.o
                              0xa4b7b (size before relaxing)
 .debug_str     0x000a6659      0x6d8 /home/etudiant/riot/LabBook1/Lab2/bin/nucleo-l476rg/core/sched.o
                              0xa4a04 (size before relaxing)
 .debug_str     0x000a6d31      0x1b3 /home/etudiant/riot/LabBook1/Lab2/bin/nucleo-l476rg/core/thread.o
                              0xa4be9 (size before relaxing)
 .debug_str     0x000a6ee4      0x680 /home/etudiant/riot/LabBook1/Lab2/bin/nucleo-l476rg/cortexm_common/cortexm_init.o
                              0xa4730 (size before relaxing)
 .debug_str     0x000a7564      0x110 /home/etudiant/riot/LabBook1/Lab2/bin/nucleo-l476rg/cortexm_common/mpu.o
                              0xa421b (size before relaxing)
 .debug_str     0x000a7674       0x6f /home/etudiant/riot/LabBook1/Lab2/bin/nucleo-l476rg/cortexm_common/panic.o
                              0xa4222 (size before relaxing)
 .debug_str     0x000a76e3      0x1b9 /home/etudiant/riot/LabBook1/Lab2/bin/nucleo-l476rg/cortexm_common/thread_arch.o
                              0xa448b (size before relaxing)
 .debug_str     0x000a789c      0x383 /home/etudiant/riot/LabBook1/Lab2/bin/nucleo-l476rg/cortexm_common/vectors_cortexm.o
                              0xa600e (size before relaxing)
 .debug_str     0x000a7c1f      0x23c /home/etudiant/riot/LabBook1/Lab2/bin/nucleo-l476rg/cpu/cpu_common.o
                              0xa54aa (size before relaxing)
 .debug_str     0x000a7e5b     0x1094 /home/etudiant/riot/LabBook1/Lab2/bin/nucleo-l476rg/cpu/cpu_init.o
                              0xa6907 (size before relaxing)
 .debug_str     0x000a8eef      0x1bb /home/etudiant/riot/LabBook1/Lab2/bin/nucleo-l476rg/isrpipe/isrpipe.o
                              0x9f26a (size before relaxing)
 .debug_str     0x000a90aa      0x8fb /home/etudiant/riot/LabBook1/Lab2/bin/nucleo-l476rg/newlib_syscalls_default/syscalls.o
                              0xa782d (size before relaxing)
 .debug_str     0x000a99a5       0xb4 /home/etudiant/riot/LabBook1/Lab2/bin/nucleo-l476rg/periph_common/init.o
                              0xa4893 (size before relaxing)
 .debug_str     0x000a9a59      0x2f6 /home/etudiant/riot/LabBook1/Lab2/bin/nucleo-l476rg/periph/gpio_all.o
                              0xa5697 (size before relaxing)
 .debug_str     0x000a9d4f      0x11e /home/etudiant/riot/LabBook1/Lab2/bin/nucleo-l476rg/periph/pm.o
                              0xa4c17 (size before relaxing)
 .debug_str     0x000a9e6d      0x2d8 /home/etudiant/riot/LabBook1/Lab2/bin/nucleo-l476rg/periph/uart.o
                              0xa5ae3 (size before relaxing)
 .debug_str     0x000aa145       0xd2 /home/etudiant/riot/LabBook1/Lab2/bin/nucleo-l476rg/pm_layered/pm.o
                              0xa4be8 (size before relaxing)
 .debug_str     0x000aa217      0x12e /home/etudiant/riot/LabBook1/Lab2/bin/nucleo-l476rg/stdio_uart/stdio_uart.o
                              0xa70f3 (size before relaxing)
 .debug_str     0x000aa345      0x194 /home/etudiant/riot/LabBook1/Lab2/bin/nucleo-l476rg/stm32_clk/stmclk_common.o
                              0xa53ea (size before relaxing)
 .debug_str     0x000aa4d9      0x4dc /home/etudiant/riot/LabBook1/Lab2/bin/nucleo-l476rg/stm32_clk/stmclk_l4wb.o
                              0xa5801 (size before relaxing)
 .debug_str     0x000aa9b5       0xd3 /home/etudiant/riot/LabBook1/Lab2/bin/nucleo-l476rg/stm32_vectors/STM32L476xx.o
                              0x9edaf (size before relaxing)
 .debug_str     0x000aaa88       0xdb /home/etudiant/riot/LabBook1/Lab2/bin/nucleo-l476rg/tsrb/tsrb.o
                              0x9f069 (size before relaxing)

.comment        0x00000000       0x7f
 .comment       0x00000000       0x7f /home/etudiant/riot/LabBook1/Lab2/bin/nucleo-l476rg/application_Lab2/main.o
                                 0x80 (size before relaxing)
 .comment       0x0000007f       0x80 /home/etudiant/riot/LabBook1/Lab2/bin/nucleo-l476rg/auto_init/auto_init.o
 .comment       0x0000007f       0x80 /home/etudiant/riot/LabBook1/Lab2/bin/nucleo-l476rg/boards_common_nucleo/board_common_nucleo_init.o
 .comment       0x0000007f       0x80 /home/etudiant/riot/LabBook1/Lab2/bin/nucleo-l476rg/core/init.o
 .comment       0x0000007f       0x80 /home/etudiant/riot/LabBook1/Lab2/bin/nucleo-l476rg/core/mutex.o
 .comment       0x0000007f       0x80 /home/etudiant/riot/LabBook1/Lab2/bin/nucleo-l476rg/core/panic.o
 .comment       0x0000007f       0x80 /home/etudiant/riot/LabBook1/Lab2/bin/nucleo-l476rg/core/sched.o
 .comment       0x0000007f       0x80 /home/etudiant/riot/LabBook1/Lab2/bin/nucleo-l476rg/core/thread.o
 .comment       0x0000007f       0x80 /home/etudiant/riot/LabBook1/Lab2/bin/nucleo-l476rg/cortexm_common/cortexm_init.o
 .comment       0x0000007f       0x80 /home/etudiant/riot/LabBook1/Lab2/bin/nucleo-l476rg/cortexm_common/mpu.o
 .comment       0x0000007f       0x80 /home/etudiant/riot/LabBook1/Lab2/bin/nucleo-l476rg/cortexm_common/panic.o
 .comment       0x0000007f       0x80 /home/etudiant/riot/LabBook1/Lab2/bin/nucleo-l476rg/cortexm_common/thread_arch.o
 .comment       0x0000007f       0x80 /home/etudiant/riot/LabBook1/Lab2/bin/nucleo-l476rg/cortexm_common/vectors_cortexm.o
 .comment       0x0000007f       0x80 /home/etudiant/riot/LabBook1/Lab2/bin/nucleo-l476rg/cpu/cpu_common.o
 .comment       0x0000007f       0x80 /home/etudiant/riot/LabBook1/Lab2/bin/nucleo-l476rg/cpu/cpu_init.o
 .comment       0x0000007f       0x80 /home/etudiant/riot/LabBook1/Lab2/bin/nucleo-l476rg/isrpipe/isrpipe.o
 .comment       0x0000007f       0x80 /home/etudiant/riot/LabBook1/Lab2/bin/nucleo-l476rg/newlib_syscalls_default/syscalls.o
 .comment       0x0000007f       0x80 /home/etudiant/riot/LabBook1/Lab2/bin/nucleo-l476rg/periph_common/init.o
 .comment       0x0000007f       0x80 /home/etudiant/riot/LabBook1/Lab2/bin/nucleo-l476rg/periph/gpio_all.o
 .comment       0x0000007f       0x80 /home/etudiant/riot/LabBook1/Lab2/bin/nucleo-l476rg/periph/pm.o
 .comment       0x0000007f       0x80 /home/etudiant/riot/LabBook1/Lab2/bin/nucleo-l476rg/periph/uart.o
 .comment       0x0000007f       0x80 /home/etudiant/riot/LabBook1/Lab2/bin/nucleo-l476rg/pm_layered/pm.o
 .comment       0x0000007f       0x80 /home/etudiant/riot/LabBook1/Lab2/bin/nucleo-l476rg/stdio_uart/stdio_uart.o
 .comment       0x0000007f       0x80 /home/etudiant/riot/LabBook1/Lab2/bin/nucleo-l476rg/stm32_clk/stmclk_common.o
 .comment       0x0000007f       0x80 /home/etudiant/riot/LabBook1/Lab2/bin/nucleo-l476rg/stm32_clk/stmclk_l4wb.o
 .comment       0x0000007f       0x80 /home/etudiant/riot/LabBook1/Lab2/bin/nucleo-l476rg/stm32_vectors/STM32L476xx.o
 .comment       0x0000007f       0x80 /home/etudiant/riot/LabBook1/Lab2/bin/nucleo-l476rg/tsrb/tsrb.o

.ARM.attributes
                0x00000000       0x37
 .ARM.attributes
                0x00000000       0x39 /home/etudiant/riot/LabBook1/Lab2/bin/nucleo-l476rg/application_Lab2/main.o
 .ARM.attributes
                0x00000039       0x39 /home/etudiant/riot/LabBook1/Lab2/bin/nucleo-l476rg/auto_init/auto_init.o
 .ARM.attributes
                0x00000072       0x39 /home/etudiant/riot/LabBook1/Lab2/bin/nucleo-l476rg/boards_common_nucleo/board_common_nucleo_init.o
 .ARM.attributes
                0x000000ab       0x39 /home/etudiant/riot/LabBook1/Lab2/bin/nucleo-l476rg/core/init.o
 .ARM.attributes
                0x000000e4       0x39 /home/etudiant/riot/LabBook1/Lab2/bin/nucleo-l476rg/core/mutex.o
 .ARM.attributes
                0x0000011d       0x39 /home/etudiant/riot/LabBook1/Lab2/bin/nucleo-l476rg/core/panic.o
 .ARM.attributes
                0x00000156       0x39 /home/etudiant/riot/LabBook1/Lab2/bin/nucleo-l476rg/core/sched.o
 .ARM.attributes
                0x0000018f       0x39 /home/etudiant/riot/LabBook1/Lab2/bin/nucleo-l476rg/core/thread.o
 .ARM.attributes
                0x000001c8       0x39 /home/etudiant/riot/LabBook1/Lab2/bin/nucleo-l476rg/cortexm_common/cortexm_init.o
 .ARM.attributes
                0x00000201       0x39 /home/etudiant/riot/LabBook1/Lab2/bin/nucleo-l476rg/cortexm_common/mpu.o
 .ARM.attributes
                0x0000023a       0x39 /home/etudiant/riot/LabBook1/Lab2/bin/nucleo-l476rg/cortexm_common/panic.o
 .ARM.attributes
                0x00000273       0x39 /home/etudiant/riot/LabBook1/Lab2/bin/nucleo-l476rg/cortexm_common/thread_arch.o
 .ARM.attributes
                0x000002ac       0x39 /home/etudiant/riot/LabBook1/Lab2/bin/nucleo-l476rg/cortexm_common/vectors_cortexm.o
 .ARM.attributes
                0x000002e5       0x39 /home/etudiant/riot/LabBook1/Lab2/bin/nucleo-l476rg/cpu/cpu_common.o
 .ARM.attributes
                0x0000031e       0x39 /home/etudiant/riot/LabBook1/Lab2/bin/nucleo-l476rg/cpu/cpu_init.o
 .ARM.attributes
                0x00000357       0x39 /home/etudiant/riot/LabBook1/Lab2/bin/nucleo-l476rg/isrpipe/isrpipe.o
 .ARM.attributes
                0x00000390       0x39 /home/etudiant/riot/LabBook1/Lab2/bin/nucleo-l476rg/newlib_syscalls_default/syscalls.o
 .ARM.attributes
                0x000003c9       0x39 /home/etudiant/riot/LabBook1/Lab2/bin/nucleo-l476rg/periph_common/init.o
 .ARM.attributes
                0x00000402       0x39 /home/etudiant/riot/LabBook1/Lab2/bin/nucleo-l476rg/periph/gpio_all.o
 .ARM.attributes
                0x0000043b       0x39 /home/etudiant/riot/LabBook1/Lab2/bin/nucleo-l476rg/periph/pm.o
 .ARM.attributes
                0x00000474       0x39 /home/etudiant/riot/LabBook1/Lab2/bin/nucleo-l476rg/periph/uart.o
 .ARM.attributes
                0x000004ad       0x39 /home/etudiant/riot/LabBook1/Lab2/bin/nucleo-l476rg/pm_layered/pm.o
 .ARM.attributes
                0x000004e6       0x39 /home/etudiant/riot/LabBook1/Lab2/bin/nucleo-l476rg/stdio_uart/stdio_uart.o
 .ARM.attributes
                0x0000051f       0x39 /home/etudiant/riot/LabBook1/Lab2/bin/nucleo-l476rg/stm32_clk/stmclk_common.o
 .ARM.attributes
                0x00000558       0x39 /home/etudiant/riot/LabBook1/Lab2/bin/nucleo-l476rg/stm32_clk/stmclk_l4wb.o
 .ARM.attributes
                0x00000591       0x39 /home/etudiant/riot/LabBook1/Lab2/bin/nucleo-l476rg/stm32_vectors/STM32L476xx.o
 .ARM.attributes
                0x000005ca       0x39 /home/etudiant/riot/LabBook1/Lab2/bin/nucleo-l476rg/tsrb/tsrb.o
 .ARM.attributes
                0x00000603       0x34 /usr/bin/../lib/gcc/arm-none-eabi/7.3.1/../../../../arm-none-eabi/lib/thumb/v7e-m/fpv4-sp/hard/libc_nano.a(lib_a-fflush.o)
 .ARM.attributes
                0x00000637       0x34 /usr/bin/../lib/gcc/arm-none-eabi/7.3.1/../../../../arm-none-eabi/lib/thumb/v7e-m/fpv4-sp/hard/libc_nano.a(lib_a-findfp.o)
 .ARM.attributes
                0x0000066b       0x34 /usr/bin/../lib/gcc/arm-none-eabi/7.3.1/../../../../arm-none-eabi/lib/thumb/v7e-m/fpv4-sp/hard/libc_nano.a(lib_a-fwalk.o)
 .ARM.attributes
                0x0000069f       0x34 /usr/bin/../lib/gcc/arm-none-eabi/7.3.1/../../../../arm-none-eabi/lib/thumb/v7e-m/fpv4-sp/hard/libc_nano.a(lib_a-impure.o)
 .ARM.attributes
                0x000006d3       0x34 /usr/bin/../lib/gcc/arm-none-eabi/7.3.1/../../../../arm-none-eabi/lib/thumb/v7e-m/fpv4-sp/hard/libc_nano.a(lib_a-init.o)
 .ARM.attributes
                0x00000707       0x34 /usr/bin/../lib/gcc/arm-none-eabi/7.3.1/../../../../arm-none-eabi/lib/thumb/v7e-m/fpv4-sp/hard/libc_nano.a(lib_a-memset.o)
 .ARM.attributes
                0x0000073b       0x34 /usr/bin/../lib/gcc/arm-none-eabi/7.3.1/../../../../arm-none-eabi/lib/thumb/v7e-m/fpv4-sp/hard/libc_nano.a(lib_a-nano-freer.o)
 .ARM.attributes
                0x0000076f       0x34 /usr/bin/../lib/gcc/arm-none-eabi/7.3.1/../../../../arm-none-eabi/lib/thumb/v7e-m/fpv4-sp/hard/libc_nano.a(lib_a-nano-mallocr.o)
 .ARM.attributes
                0x000007a3       0x34 /usr/bin/../lib/gcc/arm-none-eabi/7.3.1/../../../../arm-none-eabi/lib/thumb/v7e-m/fpv4-sp/hard/libc_nano.a(lib_a-printf.o)
 .ARM.attributes
                0x000007d7       0x34 /usr/bin/../lib/gcc/arm-none-eabi/7.3.1/../../../../arm-none-eabi/lib/thumb/v7e-m/fpv4-sp/hard/libc_nano.a(lib_a-puts.o)
 .ARM.attributes
                0x0000080b       0x34 /usr/bin/../lib/gcc/arm-none-eabi/7.3.1/../../../../arm-none-eabi/lib/thumb/v7e-m/fpv4-sp/hard/libc_nano.a(lib_a-stdio.o)
 .ARM.attributes
                0x0000083f       0x34 /usr/bin/../lib/gcc/arm-none-eabi/7.3.1/../../../../arm-none-eabi/lib/thumb/v7e-m/fpv4-sp/hard/libc_nano.a(lib_a-wbuf.o)
 .ARM.attributes
                0x00000873       0x34 /usr/bin/../lib/gcc/arm-none-eabi/7.3.1/../../../../arm-none-eabi/lib/thumb/v7e-m/fpv4-sp/hard/libc_nano.a(lib_a-wsetup.o)
 .ARM.attributes
                0x000008a7       0x34 /usr/bin/../lib/gcc/arm-none-eabi/7.3.1/../../../../arm-none-eabi/lib/thumb/v7e-m/fpv4-sp/hard/libc_nano.a(lib_a-makebuf.o)
 .ARM.attributes
                0x000008db       0x34 /usr/bin/../lib/gcc/arm-none-eabi/7.3.1/../../../../arm-none-eabi/lib/thumb/v7e-m/fpv4-sp/hard/libc_nano.a(lib_a-mlock.o)
 .ARM.attributes
                0x0000090f       0x34 /usr/bin/../lib/gcc/arm-none-eabi/7.3.1/../../../../arm-none-eabi/lib/thumb/v7e-m/fpv4-sp/hard/libc_nano.a(lib_a-nano-vfprintf.o)
 .ARM.attributes
                0x00000943       0x34 /usr/bin/../lib/gcc/arm-none-eabi/7.3.1/../../../../arm-none-eabi/lib/thumb/v7e-m/fpv4-sp/hard/libc_nano.a(lib_a-nano-vfprintf_i.o)
 .ARM.attributes
                0x00000977       0x20 /usr/bin/../lib/gcc/arm-none-eabi/7.3.1/../../../../arm-none-eabi/lib/thumb/v7e-m/fpv4-sp/hard/libc_nano.a(lib_a-memchr.o)

.debug_frame    0x00000000     0x13e8
 .debug_frame   0x00000000       0x38 /home/etudiant/riot/LabBook1/Lab2/bin/nucleo-l476rg/application_Lab2/main.o
 .debug_frame   0x00000038       0x20 /home/etudiant/riot/LabBook1/Lab2/bin/nucleo-l476rg/auto_init/auto_init.o
 .debug_frame   0x00000058       0x40 /home/etudiant/riot/LabBook1/Lab2/bin/nucleo-l476rg/boards_common_nucleo/board_common_nucleo_init.o
 .debug_frame   0x00000098       0x50 /home/etudiant/riot/LabBook1/Lab2/bin/nucleo-l476rg/core/init.o
 .debug_frame   0x000000e8       0x88 /home/etudiant/riot/LabBook1/Lab2/bin/nucleo-l476rg/core/mutex.o
 .debug_frame   0x00000170       0x58 /home/etudiant/riot/LabBook1/Lab2/bin/nucleo-l476rg/core/panic.o
 .debug_frame   0x000001c8       0x80 /home/etudiant/riot/LabBook1/Lab2/bin/nucleo-l476rg/core/sched.o
 .debug_frame   0x00000248      0x114 /home/etudiant/riot/LabBook1/Lab2/bin/nucleo-l476rg/core/thread.o
 .debug_frame   0x0000035c       0x48 /home/etudiant/riot/LabBook1/Lab2/bin/nucleo-l476rg/cortexm_common/cortexm_init.o
 .debug_frame   0x000003a4       0x60 /home/etudiant/riot/LabBook1/Lab2/bin/nucleo-l476rg/cortexm_common/mpu.o
 .debug_frame   0x00000404       0x38 /home/etudiant/riot/LabBook1/Lab2/bin/nucleo-l476rg/cortexm_common/panic.o
 .debug_frame   0x0000043c       0xe4 /home/etudiant/riot/LabBook1/Lab2/bin/nucleo-l476rg/cortexm_common/thread_arch.o
 .debug_frame   0x00000520      0x128 /home/etudiant/riot/LabBook1/Lab2/bin/nucleo-l476rg/cortexm_common/vectors_cortexm.o
 .debug_frame   0x00000648       0x80 /home/etudiant/riot/LabBook1/Lab2/bin/nucleo-l476rg/cpu/cpu_common.o
 .debug_frame   0x000006c8       0x3c /home/etudiant/riot/LabBook1/Lab2/bin/nucleo-l476rg/cpu/cpu_init.o
 .debug_frame   0x00000704       0x7c /home/etudiant/riot/LabBook1/Lab2/bin/nucleo-l476rg/isrpipe/isrpipe.o
 .debug_frame   0x00000780      0x19c /home/etudiant/riot/LabBook1/Lab2/bin/nucleo-l476rg/newlib_syscalls_default/syscalls.o
 .debug_frame   0x0000091c       0x30 /home/etudiant/riot/LabBook1/Lab2/bin/nucleo-l476rg/periph_common/init.o
 .debug_frame   0x0000094c      0x110 /home/etudiant/riot/LabBook1/Lab2/bin/nucleo-l476rg/periph/gpio_all.o
 .debug_frame   0x00000a5c       0x40 /home/etudiant/riot/LabBook1/Lab2/bin/nucleo-l476rg/periph/pm.o