Archive member included to satisfy reference by file (symbol)

/usr/bin/../lib/gcc/arm-none-eabi/7.3.1/thumb/v6-m/libgcc.a(_thumb1_case_uqi.o)
                              /home/etudiant/riot/LabBook1/Lab4/bin/nucleo-l073rz/cpu/cpu_common.o (__gnu_thumb1_case_uqi)
/usr/bin/../lib/gcc/arm-none-eabi/7.3.1/thumb/v6-m/libgcc.a(_udivsi3.o)
                              /home/etudiant/riot/LabBook1/Lab4/bin/nucleo-l073rz/periph_common/rtc.o (__aeabi_uidiv)
/usr/bin/../lib/gcc/arm-none-eabi/7.3.1/thumb/v6-m/libgcc.a(_divsi3.o)
                              /home/etudiant/riot/LabBook1/Lab4/bin/nucleo-l073rz/periph_common/rtc.o (__aeabi_idivmod)
/usr/bin/../lib/gcc/arm-none-eabi/7.3.1/thumb/v6-m/libgcc.a(_dvmd_tls.o)
                              /usr/bin/../lib/gcc/arm-none-eabi/7.3.1/thumb/v6-m/libgcc.a(_udivsi3.o) (__aeabi_idiv0)
/usr/bin/../lib/gcc/arm-none-eabi/7.3.1/../../../../arm-none-eabi/lib/thumb/v6-m/libc_nano.a(lib_a-atoi.o)
                              /home/etudiant/riot/LabBook1/Lab4/bin/nucleo-l073rz/shell_commands/sc_pm.o (atoi)
/usr/bin/../lib/gcc/arm-none-eabi/7.3.1/../../../../arm-none-eabi/lib/thumb/v6-m/libc_nano.a(lib_a-div.o)
                              /home/etudiant/riot/LabBook1/Lab4/bin/nucleo-l073rz/periph_common/rtc.o (div)
/usr/bin/../lib/gcc/arm-none-eabi/7.3.1/../../../../arm-none-eabi/lib/thumb/v6-m/libc_nano.a(lib_a-errno.o)
                              /home/etudiant/riot/LabBook1/Lab4/bin/nucleo-l073rz/newlib_syscalls_default/syscalls.o (__errno)
/usr/bin/../lib/gcc/arm-none-eabi/7.3.1/../../../../arm-none-eabi/lib/thumb/v6-m/libc_nano.a(lib_a-fflush.o)
                              /home/etudiant/riot/LabBook1/Lab4/bin/nucleo-l073rz/shell_commands/sc_pm.o (fflush)
/usr/bin/../lib/gcc/arm-none-eabi/7.3.1/../../../../arm-none-eabi/lib/thumb/v6-m/libc_nano.a(lib_a-findfp.o)
                              /usr/bin/../lib/gcc/arm-none-eabi/7.3.1/../../../../arm-none-eabi/lib/thumb/v6-m/libc_nano.a(lib_a-fflush.o) (__sinit)
/usr/bin/../lib/gcc/arm-none-eabi/7.3.1/../../../../arm-none-eabi/lib/thumb/v6-m/libc_nano.a(lib_a-fwalk.o)
                              /usr/bin/../lib/gcc/arm-none-eabi/7.3.1/../../../../arm-none-eabi/lib/thumb/v6-m/libc_nano.a(lib_a-findfp.o) (_fwalk)
/usr/bin/../lib/gcc/arm-none-eabi/7.3.1/../../../../arm-none-eabi/lib/thumb/v6-m/libc_nano.a(lib_a-getchar.o)
                              /home/etudiant/riot/LabBook1/Lab4/bin/nucleo-l073rz/shell/shell.o (getchar)
/usr/bin/../lib/gcc/arm-none-eabi/7.3.1/../../../../arm-none-eabi/lib/thumb/v6-m/libc_nano.a(lib_a-impure.o)
                              /usr/bin/../lib/gcc/arm-none-eabi/7.3.1/../../../../arm-none-eabi/lib/thumb/v6-m/libc_nano.a(lib_a-fflush.o) (_global_impure_ptr)
/usr/bin/../lib/gcc/arm-none-eabi/7.3.1/../../../../arm-none-eabi/lib/thumb/v6-m/libc_nano.a(lib_a-init.o)
                              /home/etudiant/riot/LabBook1/Lab4/bin/nucleo-l073rz/cortexm_common/vectors_cortexm.o (__libc_init_array)
/usr/bin/../lib/gcc/arm-none-eabi/7.3.1/../../../../arm-none-eabi/lib/thumb/v6-m/libc_nano.a(lib_a-memcmp.o)
                              /home/etudiant/riot/LabBook1/Lab4/bin/nucleo-l073rz/core/atomic_c11.o (memcmp)
/usr/bin/../lib/gcc/arm-none-eabi/7.3.1/../../../../arm-none-eabi/lib/thumb/v6-m/libc_nano.a(lib_a-memcpy-stub.o)
                              /home/etudiant/riot/LabBook1/Lab4/bin/nucleo-l073rz/core/atomic_c11.o (memcpy)
/usr/bin/../lib/gcc/arm-none-eabi/7.3.1/../../../../arm-none-eabi/lib/thumb/v6-m/libc_nano.a(lib_a-memset.o)
                              /home/etudiant/riot/LabBook1/Lab4/bin/nucleo-l073rz/periph_common/rtc.o (memset)
/usr/bin/../lib/gcc/arm-none-eabi/7.3.1/../../../../arm-none-eabi/lib/thumb/v6-m/libc_nano.a(lib_a-mstats.o)
                              /home/etudiant/riot/LabBook1/Lab4/bin/nucleo-l073rz/newlib_syscalls_default/syscalls.o (mallinfo)
/usr/bin/../lib/gcc/arm-none-eabi/7.3.1/../../../../arm-none-eabi/lib/thumb/v6-m/libc_nano.a(lib_a-nano-freer.o)
                              /usr/bin/../lib/gcc/arm-none-eabi/7.3.1/../../../../arm-none-eabi/lib/thumb/v6-m/libc_nano.a(lib_a-fflush.o) (_free_r)
/usr/bin/../lib/gcc/arm-none-eabi/7.3.1/../../../../arm-none-eabi/lib/thumb/v6-m/libc_nano.a(lib_a-nano-mallinfor.o)
                              /usr/bin/../lib/gcc/arm-none-eabi/7.3.1/../../../../arm-none-eabi/lib/thumb/v6-m/libc_nano.a(lib_a-mstats.o) (_mallinfo_r)
/usr/bin/../lib/gcc/arm-none-eabi/7.3.1/../../../../arm-none-eabi/lib/thumb/v6-m/libc_nano.a(lib_a-nano-mallocr.o)
                              /usr/bin/../lib/gcc/arm-none-eabi/7.3.1/../../../../arm-none-eabi/lib/thumb/v6-m/libc_nano.a(lib_a-findfp.o) (_malloc_r)
/usr/bin/../lib/gcc/arm-none-eabi/7.3.1/../../../../arm-none-eabi/lib/thumb/v6-m/libc_nano.a(lib_a-nano-malloptr.o)
                              /usr/bin/../lib/gcc/arm-none-eabi/7.3.1/../../../../arm-none-eabi/lib/thumb/v6-m/libc_nano.a(lib_a-mstats.o) (_mallopt_r)
[...]
Memory Configuration

Name             Origin             Length             Attributes
ccmram           0x10000000         0x00000000
rom              0x08000000         0x00030000         xr
ram              0x20000000         0x00005000         w !xr
bkup-ram         0x00000000         0x00000000         w !xr
*default*        0x00000000         0xffffffff

Linker script and memory map

LOAD /home/etudiant/riot/LabBook1/Lab4/bin/nucleo-l073rz/application_Lab2/main.o
LOAD /home/etudiant/riot/LabBook1/Lab4/bin/nucleo-l073rz/auto_init/auto_init.o
LOAD /home/etudiant/riot/LabBook1/Lab4/bin/nucleo-l073rz/boards_common_nucleo/board_common_nucleo_init.o
LOAD /home/etudiant/riot/LabBook1/Lab4/bin/nucleo-l073rz/core/assert.o
LOAD /home/etudiant/riot/LabBook1/Lab4/bin/nucleo-l073rz/core/atomic_c11.o
LOAD /home/etudiant/riot/LabBook1/Lab4/bin/nucleo-l073rz/core/atomic_sync.o
LOAD /home/etudiant/riot/LabBook1/Lab4/bin/nucleo-l073rz/core/bitarithm.o
LOAD /home/etudiant/riot/LabBook1/Lab4/bin/nucleo-l073rz/core/clist.o
LOAD /home/etudiant/riot/LabBook1/Lab4/bin/nucleo-l073rz/core/cond.o
LOAD /home/etudiant/riot/LabBook1/Lab4/bin/nucleo-l073rz/core/init.o
LOAD /home/etudiant/riot/LabBook1/Lab4/bin/nucleo-l073rz/core/lifo.o
LOAD /home/etudiant/riot/LabBook1/Lab4/bin/nucleo-l073rz/core/msg.o
LOAD /home/etudiant/riot/LabBook1/Lab4/bin/nucleo-l073rz/core/mutex.o
LOAD /home/etudiant/riot/LabBook1/Lab4/bin/nucleo-l073rz/core/panic.o
LOAD /home/etudiant/riot/LabBook1/Lab4/bin/nucleo-l073rz/core/priority_queue.o
LOAD /home/etudiant/riot/LabBook1/Lab4/bin/nucleo-l073rz/core/ringbuffer.o
LOAD /home/etudiant/riot/LabBook1/Lab4/bin/nucleo-l073rz/core/rmutex.o
LOAD /home/etudiant/riot/LabBook1/Lab4/bin/nucleo-l073rz/core/sched.o
LOAD /home/etudiant/riot/LabBook1/Lab4/bin/nucleo-l073rz/core/thread.o
LOAD /home/etudiant/riot/LabBook1/Lab4/bin/nucleo-l073rz/cortexm_common/cortexm_init.o
LOAD /home/etudiant/riot/LabBook1/Lab4/bin/nucleo-l073rz/cortexm_common/mpu.o
LOAD /home/etudiant/riot/LabBook1/Lab4/bin/nucleo-l073rz/cortexm_common/panic.o
LOAD /home/etudiant/riot/LabBook1/Lab4/bin/nucleo-l073rz/cortexm_common_periph/pm.o
LOAD /home/etudiant/riot/LabBook1/Lab4/bin/nucleo-l073rz/cortexm_common/thread_arch.o
LOAD /home/etudiant/riot/LabBook1/Lab4/bin/nucleo-l073rz/cortexm_common/vectors_cortexm.o
LOAD /home/etudiant/riot/LabBook1/Lab4/bin/nucleo-l073rz/cpu/cpu_common.o
LOAD /home/etudiant/riot/LabBook1/Lab4/bin/nucleo-l073rz/cpu/cpu_init.o
LOAD /home/etudiant/riot/LabBook1/Lab4/bin/nucleo-l073rz/isrpipe/isrpipe.o
LOAD /home/etudiant/riot/LabBook1/Lab4/bin/nucleo-l073rz/newlib_syscalls_default/syscalls.o
LOAD /home/etudiant/riot/LabBook1/Lab4/bin/nucleo-l073rz/periph_common/cpuid.o
LOAD /home/etudiant/riot/LabBook1/Lab4/bin/nucleo-l073rz/periph_common/eeprom.o
LOAD /home/etudiant/riot/LabBook1/Lab4/bin/nucleo-l073rz/periph_common/flashpage.o
LOAD /home/etudiant/riot/LabBook1/Lab4/bin/nucleo-l073rz/periph_common/gpio_util.o
LOAD /home/etudiant/riot/LabBook1/Lab4/bin/nucleo-l073rz/periph_common/i2c.o
LOAD /home/etudiant/riot/LabBook1/Lab4/bin/nucleo-l073rz/periph_common/init.o
LOAD /home/etudiant/riot/LabBook1/Lab4/bin/nucleo-l073rz/periph_common/pm.o
LOAD /home/etudiant/riot/LabBook1/Lab4/bin/nucleo-l073rz/periph_common/rtc.o
LOAD /home/etudiant/riot/LabBook1/Lab4/bin/nucleo-l073rz/periph_common/spi.o
LOAD /home/etudiant/riot/LabBook1/Lab4/bin/nucleo-l073rz/periph_common/timer.o
LOAD /home/etudiant/riot/LabBook1/Lab4/bin/nucleo-l073rz/periph/gpio_all.o
LOAD /home/etudiant/riot/LabBook1/Lab4/bin/nucleo-l073rz/periph/pm.o
LOAD /home/etudiant/riot/LabBook1/Lab4/bin/nucleo-l073rz/periph/uart.o
LOAD /home/etudiant/riot/LabBook1/Lab4/bin/nucleo-l073rz/pm_layered/pm.o
LOAD /home/etudiant/riot/LabBook1/Lab4/bin/nucleo-l073rz/ps/ps.o
LOAD /home/etudiant/riot/LabBook1/Lab4/bin/nucleo-l073rz/shell_commands/sc_pm.o
LOAD /home/etudiant/riot/LabBook1/Lab4/bin/nucleo-l073rz/shell_commands/sc_ps.o
LOAD /home/etudiant/riot/LabBook1/Lab4/bin/nucleo-l073rz/shell_commands/sc_sys.o
LOAD /home/etudiant/riot/LabBook1/Lab4/bin/nucleo-l073rz/shell_commands/shell_commands.o
LOAD /home/etudiant/riot/LabBook1/Lab4/bin/nucleo-l073rz/shell/shell.o
LOAD /home/etudiant/riot/LabBook1/Lab4/bin/nucleo-l073rz/stdio_uart/stdio_uart.o
LOAD /home/etudiant/riot/LabBook1/Lab4/bin/nucleo-l073rz/stm32_clk/stmclk_common.o
LOAD /home/etudiant/riot/LabBook1/Lab4/bin/nucleo-l073rz/stm32_clk/stmclk_l0l1.o
LOAD /home/etudiant/riot/LabBook1/Lab4/bin/nucleo-l073rz/stm32_vectors/STM32L073xx.o
LOAD /home/etudiant/riot/LabBook1/Lab4/bin/nucleo-l073rz/tsrb/tsrb.o
LOAD /usr/bin/../lib/gcc/arm-none-eabi/7.3.1/../../../../arm-none-eabi/lib/thumb/v6-m/libm.a
LOAD /usr/bin/../lib/gcc/arm-none-eabi/7.3.1/thumb/v6-m/libgcc.a
                0x08000000                _rom_start_addr = 0x8000000
                0x20000000                _ram_start_addr = 0x20000000
                0x00030000                _rom_length = 0x30000
                0x00005000                _ram_length = 0x5000
LOAD /usr/bin/../lib/gcc/arm-none-eabi/7.3.1/../../../../arm-none-eabi/lib/thumb/v6-m/libc_nano.a
START GROUP
LOAD /usr/bin/../lib/gcc/arm-none-eabi/7.3.1/thumb/v6-m/libgcc.a
LOAD /usr/bin/../lib/gcc/arm-none-eabi/7.3.1/../../../../arm-none-eabi/lib/thumb/v6-m/libg_nano.a
LOAD /usr/bin/../lib/gcc/arm-none-eabi/7.3.1/../../../../arm-none-eabi/lib/thumb/v6-m/libc_nano.a
END GROUP
START GROUP
LOAD /usr/bin/../lib/gcc/arm-none-eabi/7.3.1/thumb/v6-m/libgcc.a
LOAD /usr/bin/../lib/gcc/arm-none-eabi/7.3.1/../../../../arm-none-eabi/lib/thumb/v6-m/libc_nano.a
END GROUP
                0x00000000                ccmram_length = DEFINED (ccmram_len)?ccmram_len:0x0
                0x00000000                _rom_offset = DEFINED (_rom_offset)?_rom_offset:0x0
                0x00030000                _fw_rom_length = DEFINED (_fw_rom_length)?_fw_rom_length:(_rom_length - _rom_offset)
                0x00000001                ASSERT ((_fw_rom_length <= (_rom_length - _rom_offset)), Specified firmware size does not fit in ROM)
                0x00000000                _backup_ram_start_addr = DEFINED (_backup_ram_start_addr)?_backup_ram_start_addr:0x0
                0x00000000                _backup_ram_len = DEFINED (_backup_ram_len)?_backup_ram_len:0x0

.text           0x08000000     0x3520
                0x08000000                . = ALIGN (0x4)
                0x08000000                _sfixed = .
                0x08000000                _isr_vectors = DEFINED (_isr_vectors)?_isr_vectors:.
 *(SORT_BY_NAME(.vectors*))
 .vectors.0     0x08000000       0x40 /home/etudiant/riot/LabBook1/Lab4/bin/nucleo-l073rz/cortexm_common/vectors_cortexm.o
                0x08000000                cortex_vector_base
 .vectors.1     0x08000040       0x80 /home/etudiant/riot/LabBook1/Lab4/bin/nucleo-l073rz/stm32_vectors/STM32L073xx.o
                0x08000040                vector_cpu
 *(.text .text.* .gnu.linkonce.t.*)
 .text._target_handler
                0x080000c0       0x3c /home/etudiant/riot/LabBook1/Lab4/bin/nucleo-l073rz/application_Lab2/main.o
                0x080000c0                _target_handler
 .text._led_handler
                0x080000fc       0x44 /home/etudiant/riot/LabBook1/Lab4/bin/nucleo-l073rz/application_Lab2/main.o
                0x080000fc                _led_handler
 .text.startup.main
                0x08000140       0x20 /home/etudiant/riot/LabBook1/Lab4/bin/nucleo-l073rz/application_Lab2/main.o
                0x08000140                main
 .text.auto_init
                0x08000160        0x2 /home/etudiant/riot/LabBook1/Lab4/bin/nucleo-l073rz/auto_init/auto_init.o
                0x08000160                auto_init
 .text.board_init
                0x08000162        0x8 /home/etudiant/riot/LabBook1/Lab4/bin/nucleo-l073rz/boards_common_nucleo/board_common_nucleo_init.o
                0x08000162                board_init
 *fill*         0x0800016a        0x2 
 .text.main_trampoline
                0x0800016c       0x18 /home/etudiant/riot/LabBook1/Lab4/bin/nucleo-l073rz/core/init.o
 .text.kernel_init
                0x08000184       0x34 /home/etudiant/riot/LabBook1/Lab4/bin/nucleo-l073rz/core/init.o
                0x08000184                kernel_init
 .text._mutex_lock
                0x080001b8       0x60 /home/etudiant/riot/LabBook1/Lab4/bin/nucleo-l073rz/core/mutex.o
                0x080001b8                _mutex_lock
 .text.mutex_unlock
                0x08000218       0x44 /home/etudiant/riot/LabBook1/Lab4/bin/nucleo-l073rz/core/mutex.o
                0x08000218                mutex_unlock
 .text.panic_app
                0x0800025c        0x2 /home/etudiant/riot/LabBook1/Lab4/bin/nucleo-l073rz/core/panic.o
                0x0800025c                panic_app
 *fill*         0x0800025e        0x2 
 .text.core_panic
                0x08000260       0x60 /home/etudiant/riot/LabBook1/Lab4/bin/nucleo-l073rz/core/panic.o
                0x08000260                core_panic
 .text.sched_run
                0x080002c0       0x88 /home/etudiant/riot/LabBook1/Lab4/bin/nucleo-l073rz/core/sched.o
                0x080002c0                sched_run
 .text.sched_set_status
                0x08000348       0x7c /home/etudiant/riot/LabBook1/Lab4/bin/nucleo-l073rz/core/sched.o
                0x08000348                sched_set_status
 .text.sched_switch
                0x080003c4       0x34 /home/etudiant/riot/LabBook1/Lab4/bin/nucleo-l073rz/core/sched.o
                0x080003c4                sched_switch
 .text.sched_task_exit
                0x080003f8       0x40 /home/etudiant/riot/LabBook1/Lab4/bin/nucleo-l073rz/core/sched.o
                0x080003f8                sched_task_exit
 .text.thread_getname
                0x08000438       0x20 /home/etudiant/riot/LabBook1/Lab4/bin/nucleo-l073rz/core/thread.o
                0x08000438                thread_getname
 .text.thread_add_to_list
                0x08000458       0x34 /home/etudiant/riot/LabBook1/Lab4/bin/nucleo-l073rz/core/thread.o
                0x08000458                thread_add_to_list
 .text.thread_measure_stack_free
                0x0800048c       0x10 /home/etudiant/riot/LabBook1/Lab4/bin/nucleo-l073rz/core/thread.o
                0x0800048c                thread_measure_stack_free
 .text.thread_create
                0x0800049c       0xe4 /home/etudiant/riot/LabBook1/Lab4/bin/nucleo-l073rz/core/thread.o
                0x0800049c                thread_create
 .text.cortexm_init
                0x08000580       0x78 /home/etudiant/riot/LabBook1/Lab4/bin/nucleo-l073rz/cortexm_common/cortexm_init.o
                0x08000580                cortexm_init
 .text.panic_arch
                0x080005f8       0x1c /home/etudiant/riot/LabBook1/Lab4/bin/nucleo-l073rz/cortexm_common/panic.o
                0x080005f8                panic_arch
 .text.pm_reboot
                0x08000614       0x1c /home/etudiant/riot/LabBook1/Lab4/bin/nucleo-l073rz/cortexm_common_periph/pm.o
                0x08000614                pm_reboot
 .text.thread_stack_init
                0x08000630       0x90 /home/etudiant/riot/LabBook1/Lab4/bin/nucleo-l073rz/cortexm_common/thread_arch.o
                0x08000630                thread_stack_init
 .text.thread_isr_stack_usage
                0x080006c0       0x24 /home/etudiant/riot/LabBook1/Lab4/bin/nucleo-l073rz/cortexm_common/thread_arch.o
                0x080006c0                thread_isr_stack_usage
 .text.thread_isr_stack_pointer
                0x080006e4        0x6 /home/etudiant/riot/LabBook1/Lab4/bin/nucleo-l073rz/cortexm_common/thread_arch.o
                0x080006e4                thread_isr_stack_pointer
 *fill*         0x080006ea        0x2 
 .text.thread_isr_stack_start
                0x080006ec        0x8 /home/etudiant/riot/LabBook1/Lab4/bin/nucleo-l073rz/cortexm_common/thread_arch.o
                0x080006ec                thread_isr_stack_start
 .text.cpu_switch_context_exit
                0x080006f4        0x8 /home/etudiant/riot/LabBook1/Lab4/bin/nucleo-l073rz/cortexm_common/thread_arch.o
                0x080006f4                cpu_switch_context_exit
 .text.thread_yield_higher
                0x080006fc       0x14 /home/etudiant/riot/LabBook1/Lab4/bin/nucleo-l073rz/cortexm_common/thread_arch.o
                0x080006fc                thread_yield_higher
 .text.isr_pendsv
                0x08000710       0x58 /home/etudiant/riot/LabBook1/Lab4/bin/nucleo-l073rz/cortexm_common/thread_arch.o
                0x08000710                isr_pendsv
 .text.isr_svc  0x08000768       0x10 /home/etudiant/riot/LabBook1/Lab4/bin/nucleo-l073rz/cortexm_common/thread_arch.o
                0x08000768                isr_svc
 .text.sched_arch_idle
                0x08000778       0x10 /home/etudiant/riot/LabBook1/Lab4/bin/nucleo-l073rz/cortexm_common/thread_arch.o
                0x08000778                sched_arch_idle
 .text.hard_fault_default
                0x08000788       0x50 /home/etudiant/riot/LabBook1/Lab4/bin/nucleo-l073rz/cortexm_common/vectors_cortexm.o
                0x08000788                hard_fault_default
 .text.nmi_default
                0x080007d8       0x10 /home/etudiant/riot/LabBook1/Lab4/bin/nucleo-l073rz/cortexm_common/vectors_cortexm.o
                0x080007d8                nmi_default
 .text.dummy_handler_default
                0x080007e8       0x10 /home/etudiant/riot/LabBook1/Lab4/bin/nucleo-l073rz/cortexm_common/vectors_cortexm.o
                0x080007e8                dummy_handler_default
                0x080007e8                isr_systick
 .text.pre_startup
                0x080007f8        0x2 /home/etudiant/riot/LabBook1/Lab4/bin/nucleo-l073rz/cortexm_common/vectors_cortexm.o
                0x080007f8                pre_startup
 .text.post_startup
                0x080007fa        0x2 /home/etudiant/riot/LabBook1/Lab4/bin/nucleo-l073rz/cortexm_common/vectors_cortexm.o
                0x080007fa                post_startup
 .text.reset_handler_default
                0x080007fc       0x68 /home/etudiant/riot/LabBook1/Lab4/bin/nucleo-l073rz/cortexm_common/vectors_cortexm.o
                0x080007fc                reset_handler_default
 .text.hard_fault_handler
                0x08000864      0x14c /home/etudiant/riot/LabBook1/Lab4/bin/nucleo-l073rz/cortexm_common/vectors_cortexm.o
                0x08000864                hard_fault_handler
 .text.periph_apb_clk
                0x080009b0        0x8 /home/etudiant/riot/LabBook1/Lab4/bin/nucleo-l073rz/cpu/cpu_common.o
                0x080009b0                periph_apb_clk
 .text.periph_clk_en
                0x080009b8       0x38 /home/etudiant/riot/LabBook1/Lab4/bin/nucleo-l073rz/cpu/cpu_common.o
                0x080009b8                periph_clk_en
 .text.cpu_init
                0x080009f0       0x1e /home/etudiant/riot/LabBook1/Lab4/bin/nucleo-l073rz/cpu/cpu_init.o
                0x080009f0                cpu_init
 .text.isrpipe_write_one
                0x08000a0e       0x16 /home/etudiant/riot/LabBook1/Lab4/bin/nucleo-l073rz/isrpipe/isrpipe.o
                0x08000a0e                isrpipe_write_one
 .text.isrpipe_read
                0x08000a24       0x2a /home/etudiant/riot/LabBook1/Lab4/bin/nucleo-l073rz/isrpipe/isrpipe.o
                0x08000a24                isrpipe_read
 .text._init    0x08000a4e        0x2 /home/etudiant/riot/LabBook1/Lab4/bin/nucleo-l073rz/newlib_syscalls_default/syscalls.o
                0x08000a4e                _init
 .text._fini    0x08000a50        0x2 /home/etudiant/riot/LabBook1/Lab4/bin/nucleo-l073rz/newlib_syscalls_default/syscalls.o
                0x08000a50                _fini
 *fill*         0x08000a52        0x2 
 .text._sbrk_r  0x08000a54       0x3c /home/etudiant/riot/LabBook1/Lab4/bin/nucleo-l073rz/newlib_syscalls_default/syscalls.o
                0x08000a54                _sbrk_r
 .text._read_r  0x08000a90        0xc /home/etudiant/riot/LabBook1/Lab4/bin/nucleo-l073rz/newlib_syscalls_default/syscalls.o
                0x08000a90                _read_r
 .text._write_r
                0x08000a9c        0xc /home/etudiant/riot/LabBook1/Lab4/bin/nucleo-l073rz/newlib_syscalls_default/syscalls.o
                0x08000a9c                _write_r
 .text._close_r
                0x08000aa8        0xa /home/etudiant/riot/LabBook1/Lab4/bin/nucleo-l073rz/newlib_syscalls_default/syscalls.o
                0x08000aa8                _close_r
 .text._lseek_r
                0x08000ab2        0xa /home/etudiant/riot/LabBook1/Lab4/bin/nucleo-l073rz/newlib_syscalls_default/syscalls.o
                0x08000ab2                _lseek_r
 .text._fstat_r
                0x08000abc        0xa /home/etudiant/riot/LabBook1/Lab4/bin/nucleo-l073rz/newlib_syscalls_default/syscalls.o
                0x08000abc                _fstat_r
 .text._isatty_r
                0x08000ac6        0xe /home/etudiant/riot/LabBook1/Lab4/bin/nucleo-l073rz/newlib_syscalls_default/syscalls.o
                0x08000ac6                _isatty_r
 .text.periph_init
                0x08000ad4        0x2 /home/etudiant/riot/LabBook1/Lab4/bin/nucleo-l073rz/periph_common/init.o
                0x08000ad4                periph_init
 .text.gpio_init
                0x08000ad6       0x70 /home/etudiant/riot/LabBook1/Lab4/bin/nucleo-l073rz/periph/gpio_all.o
                0x08000ad6                gpio_init
 .text.gpio_init_af
                0x08000b46       0x52 /home/etudiant/riot/LabBook1/Lab4/bin/nucleo-l073rz/periph/gpio_all.o
                0x08000b46                gpio_init_af
 .text.pm_set   0x08000b98       0x7c /home/etudiant/riot/LabBook1/Lab4/bin/nucleo-l073rz/periph/pm.o
                0x08000b98                pm_set
 .text.pm_off   0x08000c14       0x10 /home/etudiant/riot/LabBook1/Lab4/bin/nucleo-l073rz/periph/pm.o
                0x08000c14                pm_off
 .text.uart_enable_clock
                0x08000c24       0x30 /home/etudiant/riot/LabBook1/Lab4/bin/nucleo-l073rz/periph/uart.o
 .text.irq_handler
                0x08000c54       0x4c /home/etudiant/riot/LabBook1/Lab4/bin/nucleo-l073rz/periph/uart.o
 .text.uart_init
                0x08000ca0       0xb4 /home/etudiant/riot/LabBook1/Lab4/bin/nucleo-l073rz/periph/uart.o
                0x08000ca0                uart_init
 .text.uart_write
                0x08000d54       0x44 /home/etudiant/riot/LabBook1/Lab4/bin/nucleo-l073rz/periph/uart.o
                0x08000d54                uart_write
 .text.isr_usart2
                0x08000d98        0xa /home/etudiant/riot/LabBook1/Lab4/bin/nucleo-l073rz/periph/uart.o
                0x08000d98                isr_usart2
 .text.isr_usart1
                0x08000da2        0xa /home/etudiant/riot/LabBook1/Lab4/bin/nucleo-l073rz/periph/uart.o
                0x08000da2                isr_usart1
 .text.pm_set_lowest
                0x08000dac       0x3c /home/etudiant/riot/LabBook1/Lab4/bin/nucleo-l073rz/pm_layered/pm.o
                0x08000dac                pm_set_lowest
 .text.pm_block
                0x08000de8       0x2c /home/etudiant/riot/LabBook1/Lab4/bin/nucleo-l073rz/pm_layered/pm.o
                0x08000de8                pm_block
 .text.pm_unblock
                0x08000e14       0x2c /home/etudiant/riot/LabBook1/Lab4/bin/nucleo-l073rz/pm_layered/pm.o
                0x08000e14                pm_unblock
 .text.pm_get_blocker
                0x08000e40       0x14 /home/etudiant/riot/LabBook1/Lab4/bin/nucleo-l073rz/pm_layered/pm.o
                0x08000e40                pm_get_blocker
 .text.ps       0x08000e54      0x100 /home/etudiant/riot/LabBook1/Lab4/bin/nucleo-l073rz/ps/ps.o
                0x08000e54                ps
 .text._print_usage
                0x08000f54       0x40 /home/etudiant/riot/LabBook1/Lab4/bin/nucleo-l073rz/shell_commands/sc_pm.o
 .text.parse_mode
                0x08000f94       0x20 /home/etudiant/riot/LabBook1/Lab4/bin/nucleo-l073rz/shell_commands/sc_pm.o
 .text._pm_handler
                0x08000fb4      0x194 /home/etudiant/riot/LabBook1/Lab4/bin/nucleo-l073rz/shell_commands/sc_pm.o
                0x08000fb4                _pm_handler
 .text._ps_handler
                0x08001148        0xa /home/etudiant/riot/LabBook1/Lab4/bin/nucleo-l073rz/shell_commands/sc_ps.o
                0x08001148                _ps_handler
 .text._reboot_handler
                0x08001152        0xa /home/etudiant/riot/LabBook1/Lab4/bin/nucleo-l073rz/shell_commands/sc_sys.o
                0x08001152                _reboot_handler
 .text._version_handler
                0x0800115c       0x10 /home/etudiant/riot/LabBook1/Lab4/bin/nucleo-l073rz/shell_commands/sc_sys.o
                0x0800115c                _version_handler
 .text.print_prompt
                0x0800116c       0x20 /home/etudiant/riot/LabBook1/Lab4/bin/nucleo-l073rz/shell/shell.o
 .text.print_commands
                0x0800118c       0x1c /home/etudiant/riot/LabBook1/Lab4/bin/nucleo-l073rz/shell/shell.o
 .text.shell_run_once
                0x080011a8      0x238 /home/etudiant/riot/LabBook1/Lab4/bin/nucleo-l073rz/shell/shell.o
                0x080011a8                shell_run_once
 .text.stdio_init
                0x080013e0       0x1c /home/etudiant/riot/LabBook1/Lab4/bin/nucleo-l073rz/stdio_uart/stdio_uart.o
                0x080013e0                stdio_init
 .text.stdio_read
                0x080013fc       0x14 /home/etudiant/riot/LabBook1/Lab4/bin/nucleo-l073rz/stdio_uart/stdio_uart.o
                0x080013fc                stdio_read
 .text.stdio_write
                0x08001410       0x12 /home/etudiant/riot/LabBook1/Lab4/bin/nucleo-l073rz/stdio_uart/stdio_uart.o
                0x08001410                stdio_write
 *fill*         0x08001422        0x2 
 .text.stmclk_enable_hsi
                0x08001424       0x18 /home/etudiant/riot/LabBook1/Lab4/bin/nucleo-l073rz/stm32_clk/stmclk_common.o
                0x08001424                stmclk_enable_hsi
 .text.stmclk_init_sysclk
                0x0800143c       0x90 /home/etudiant/riot/LabBook1/Lab4/bin/nucleo-l073rz/stm32_clk/stmclk_l0l1.o
                0x0800143c                stmclk_init_sysclk
 .text.dummy_handler
                0x080014cc        0x8 /home/etudiant/riot/LabBook1/Lab4/bin/nucleo-l073rz/stm32_vectors/STM32L073xx.o
                0x080014cc                isr_pvd
                0x080014cc                isr_i2c1
                0x080014cc                isr_exti
                0x080014cc                isr_tsc
                0x080014cc                isr_tim7
                0x080014cc                isr_i2c3
                0x080014cc                isr_rng_lpuart1
                0x080014cc                isr_dma1_channel4_5_6_7
                0x080014cc                isr_usart4_5
                0x080014cc                isr_tim22
                0x080014cc                isr_i2c2
                0x080014cc                isr_tim2
                0x080014cc                isr_dma1_channel2_3
                0x080014cc                isr_spi2
                0x080014cc                isr_dma1_channel1
                0x080014cc                dummy_handler
                0x080014cc                isr_tim21
                0x080014cc                isr_spi1
                0x080014cc                isr_lptim1
                0x080014cc                isr_flash
                0x080014cc                isr_rtc
                0x080014cc                isr_usb
                0x080014cc                isr_adc1_comp
                0x080014cc                isr_tim6_dac
                0x080014cc                isr_lcd
                0x080014cc                isr_tim3
                0x080014cc                isr_rcc_crs
                0x080014cc                isr_wwdg
 .text._pop     0x080014d4       0x12 /home/etudiant/riot/LabBook1/Lab4/bin/nucleo-l073rz/tsrb/tsrb.o
 .text.tsrb_get
                0x080014e6       0x3e /home/etudiant/riot/LabBook1/Lab4/bin/nucleo-l073rz/tsrb/tsrb.o
                0x080014e6                tsrb_get
 .text.tsrb_add_one
                0x08001524       0x3c /home/etudiant/riot/LabBook1/Lab4/bin/nucleo-l073rz/tsrb/tsrb.o
                0x08001524                tsrb_add_one
 .text          0x08001560       0x14 /usr/bin/../lib/gcc/arm-none-eabi/7.3.1/thumb/v6-m/libgcc.a(_thumb1_case_uqi.o)
                0x08001560                __gnu_thumb1_case_uqi
 .text          0x08001574      0x114 /usr/bin/../lib/gcc/arm-none-eabi/7.3.1/thumb/v6-m/libgcc.a(_udivsi3.o)
                0x08001574                __udivsi3
                0x08001574                __aeabi_uidiv
                0x08001680                __aeabi_uidivmod
 .text          0x08001688        0x4 /usr/bin/../lib/gcc/arm-none-eabi/7.3.1/thumb/v6-m/libgcc.a(_dvmd_tls.o)
                0x08001688                __aeabi_ldiv0
                0x08001688                __aeabi_idiv0
 .text.atoi     0x0800168c        0xc /usr/bin/../lib/gcc/arm-none-eabi/7.3.1/../../../../arm-none-eabi/lib/thumb/v6-m/libc_nano.a(lib_a-atoi.o)
                0x0800168c                atoi
 .text.__sflush_r
                0x08001698      0x114 /usr/bin/../lib/gcc/arm-none-eabi/7.3.1/../../../../arm-none-eabi/lib/thumb/v6-m/libc_nano.a(lib_a-fflush.o)
                0x08001698                __sflush_r
 .text._fflush_r
                0x080017ac       0x58 /usr/bin/../lib/gcc/arm-none-eabi/7.3.1/../../../../arm-none-eabi/lib/thumb/v6-m/libc_nano.a(lib_a-fflush.o)
                0x080017ac                _fflush_r
 .text.fflush   0x08001804       0x28 /usr/bin/../lib/gcc/arm-none-eabi/7.3.1/../../../../arm-none-eabi/lib/thumb/v6-m/libc_nano.a(lib_a-fflush.o)
                0x08001804                fflush
 .text.std      0x0800182c       0x48 /usr/bin/../lib/gcc/arm-none-eabi/7.3.1/../../../../arm-none-eabi/lib/thumb/v6-m/libc_nano.a(lib_a-findfp.o)
 .text._cleanup_r
                0x08001874       0x10 /usr/bin/../lib/gcc/arm-none-eabi/7.3.1/../../../../arm-none-eabi/lib/thumb/v6-m/libc_nano.a(lib_a-findfp.o)
                0x08001874                _cleanup_r
 .text.__sfmoreglue
                0x08001884       0x2c /usr/bin/../lib/gcc/arm-none-eabi/7.3.1/../../../../arm-none-eabi/lib/thumb/v6-m/libc_nano.a(lib_a-findfp.o)
                0x08001884                __sfmoreglue
 .text.__sinit  0x080018b0       0x68 /usr/bin/../lib/gcc/arm-none-eabi/7.3.1/../../../../arm-none-eabi/lib/thumb/v6-m/libc_nano.a(lib_a-findfp.o)
                0x080018b0                __sinit
 .text.__sfp    0x08001918       0x7c /usr/bin/../lib/gcc/arm-none-eabi/7.3.1/../../../../arm-none-eabi/lib/thumb/v6-m/libc_nano.a(lib_a-findfp.o)
                0x08001918                __sfp
 .text._fwalk   0x08001994       0x38 /usr/bin/../lib/gcc/arm-none-eabi/7.3.1/../../../../arm-none-eabi/lib/thumb/v6-m/libc_nano.a(lib_a-fwalk.o)
                0x08001994                _fwalk
 .text._fwalk_reent
                0x080019cc       0x42 /usr/bin/../lib/gcc/arm-none-eabi/7.3.1/../../../../arm-none-eabi/lib/thumb/v6-m/libc_nano.a(lib_a-fwalk.o)
                0x080019cc                _fwalk_reent
 *fill*         0x08001a0e        0x2 
 .text.getchar  0x08001a10       0x24 /usr/bin/../lib/gcc/arm-none-eabi/7.3.1/../../../../arm-none-eabi/lib/thumb/v6-m/libc_nano.a(lib_a-getchar.o)
                0x08001a10                getchar
 .text.__libc_init_array
                0x08001a34       0x48 /usr/bin/../lib/gcc/arm-none-eabi/7.3.1/../../../../arm-none-eabi/lib/thumb/v6-m/libc_nano.a(lib_a-init.o)
                0x08001a34                __libc_init_array
 .text.memcpy   0x08001a7c       0x12 /usr/bin/../lib/gcc/arm-none-eabi/7.3.1/../../../../arm-none-eabi/lib/thumb/v6-m/libc_nano.a(lib_a-memcpy-stub.o)
                0x08001a7c                memcpy
 .text.memset   0x08001a8e       0x10 /usr/bin/../lib/gcc/arm-none-eabi/7.3.1/../../../../arm-none-eabi/lib/thumb/v6-m/libc_nano.a(lib_a-memset.o)
                0x08001a8e                memset
 *fill*         0x08001a9e        0x2 
 .text._free_r  0x08001aa0       0x94 /usr/bin/../lib/gcc/arm-none-eabi/7.3.1/../../../../arm-none-eabi/lib/thumb/v6-m/libc_nano.a(lib_a-nano-freer.o)
                0x08001aa0                _free_r
 .text._malloc_r
                0x08001b34       0xbc /usr/bin/../lib/gcc/arm-none-eabi/7.3.1/../../../../arm-none-eabi/lib/thumb/v6-m/libc_nano.a(lib_a-nano-mallocr.o)
                0x08001b34                _malloc_r
 .text.printf   0x08001bf0       0x34 /usr/bin/../lib/gcc/arm-none-eabi/7.3.1/../../../../arm-none-eabi/lib/thumb/v6-m/libc_nano.a(lib_a-printf.o)
                0x08001bf0                printf
                0x08001bf0                iprintf
 .text.putchar  0x08001c24       0x28 /usr/bin/../lib/gcc/arm-none-eabi/7.3.1/../../../../arm-none-eabi/lib/thumb/v6-m/libc_nano.a(lib_a-putchar.o)
                0x08001c24                putchar
 .text._puts_r  0x08001c4c       0xc0 /usr/bin/../lib/gcc/arm-none-eabi/7.3.1/../../../../arm-none-eabi/lib/thumb/v6-m/libc_nano.a(lib_a-puts.o)
                0x08001c4c                _puts_r
 .text.puts     0x08001d0c       0x14 /usr/bin/../lib/gcc/arm-none-eabi/7.3.1/../../../../arm-none-eabi/lib/thumb/v6-m/libc_nano.a(lib_a-puts.o)
                0x08001d0c                puts
 .text.__sread  0x08001d20       0x28 /usr/bin/../lib/gcc/arm-none-eabi/7.3.1/../../../../arm-none-eabi/lib/thumb/v6-m/libc_nano.a(lib_a-stdio.o)
                0x08001d20                __sread
 .text.__swrite
                0x08001d48       0x38 /usr/bin/../lib/gcc/arm-none-eabi/7.3.1/../../../../arm-none-eabi/lib/thumb/v6-m/libc_nano.a(lib_a-stdio.o)
                0x08001d48                __swrite
 .text.__sseek  0x08001d80       0x2c /usr/bin/../lib/gcc/arm-none-eabi/7.3.1/../../../../arm-none-eabi/lib/thumb/v6-m/libc_nano.a(lib_a-stdio.o)
                0x08001d80                __sseek
 .text.__sclose
                0x08001dac        0xc /usr/bin/../lib/gcc/arm-none-eabi/7.3.1/../../../../arm-none-eabi/lib/thumb/v6-m/libc_nano.a(lib_a-stdio.o)
                0x08001dac                __sclose
 .text          0x08001db8       0x14 /usr/bin/../lib/gcc/arm-none-eabi/7.3.1/../../../../arm-none-eabi/lib/thumb/v6-m/libc_nano.a(lib_a-strcmp.o)
                0x08001db8                strcmp
 .text          0x08001dcc        0xe /usr/bin/../lib/gcc/arm-none-eabi/7.3.1/../../../../arm-none-eabi/lib/thumb/v6-m/libc_nano.a(lib_a-strlen.o)
                0x08001dcc                strlen
 *fill*         0x08001dda        0x2 
 .text._strtol_l.isra.0
                0x08001ddc      0x104 /usr/bin/../lib/gcc/arm-none-eabi/7.3.1/../../../../arm-none-eabi/lib/thumb/v6-m/libc_nano.a(lib_a-strtol.o)
 .text.strtol   0x08001ee0       0x28 /usr/bin/../lib/gcc/arm-none-eabi/7.3.1/../../../../arm-none-eabi/lib/thumb/v6-m/libc_nano.a(lib_a-strtol.o)
                0x08001ee0                strtol
 .text.__swbuf_r
                0x08001f08       0xac /usr/bin/../lib/gcc/arm-none-eabi/7.3.1/../../../../arm-none-eabi/lib/thumb/v6-m/libc_nano.a(lib_a-wbuf.o)
                0x08001f08                __swbuf_r
 .text.__swsetup_r
                0x08001fb4       0xec /usr/bin/../lib/gcc/arm-none-eabi/7.3.1/../../../../arm-none-eabi/lib/thumb/v6-m/libc_nano.a(lib_a-wsetup.o)
                0x08001fb4                __swsetup_r
 .text._getc_r  0x080020a0       0x5c /usr/bin/../lib/gcc/arm-none-eabi/7.3.1/../../../../arm-none-eabi/lib/thumb/v6-m/libc_nano.a(lib_a-getc.o)
                0x080020a0                _getc_r
 .text.__locale_ctype_ptr_l
                0x080020fc        0x6 /usr/bin/../lib/gcc/arm-none-eabi/7.3.1/../../../../arm-none-eabi/lib/thumb/v6-m/libc_nano.a(lib_a-locale.o)
                0x080020fc                __locale_ctype_ptr_l
 *fill*         0x08002102        0x2 
 .text.__swhatbuf_r
                0x08002104       0x50 /usr/bin/../lib/gcc/arm-none-eabi/7.3.1/../../../../arm-none-eabi/lib/thumb/v6-m/libc_nano.a(lib_a-makebuf.o)
                0x08002104                __swhatbuf_r
 .text.__smakebuf_r
                0x08002154       0x88 /usr/bin/../lib/gcc/arm-none-eabi/7.3.1/../../../../arm-none-eabi/lib/thumb/v6-m/libc_nano.a(lib_a-makebuf.o)
                0x08002154                __smakebuf_r
 .text.__ascii_mbtowc
                0x080021dc       0x24 /usr/bin/../lib/gcc/arm-none-eabi/7.3.1/../../../../arm-none-eabi/lib/thumb/v6-m/libc_nano.a(lib_a-mbtowc_r.o)
                0x080021dc                __ascii_mbtowc
 .text.__malloc_lock
                0x08002200        0x2 /usr/bin/../lib/gcc/arm-none-eabi/7.3.1/../../../../arm-none-eabi/lib/thumb/v6-m/libc_nano.a(lib_a-mlock.o)
                0x08002200                __malloc_lock
 .text.__malloc_unlock
                0x08002202        0x2 /usr/bin/../lib/gcc/arm-none-eabi/7.3.1/../../../../arm-none-eabi/lib/thumb/v6-m/libc_nano.a(lib_a-mlock.o)
                0x08002202                __malloc_unlock
 .text.__sfputc_r
                0x08002204       0x2a /usr/bin/../lib/gcc/arm-none-eabi/7.3.1/../../../../arm-none-eabi/lib/thumb/v6-m/libc_nano.a(lib_a-nano-vfprintf.o)
 .text.__sfputs_r
                0x0800222e       0x24 /usr/bin/../lib/gcc/arm-none-eabi/7.3.1/../../../../arm-none-eabi/lib/thumb/v6-m/libc_nano.a(lib_a-nano-vfprintf.o)
                0x0800222e                __sfputs_r
 *fill*         0x08002252        0x2 
 .text._vfprintf_r
                0x08002254      0x22c /usr/bin/../lib/gcc/arm-none-eabi/7.3.1/../../../../arm-none-eabi/lib/thumb/v6-m/libc_nano.a(lib_a-nano-vfprintf.o)
                0x08002254                _vfiprintf_r
                0x08002254                _vfprintf_r
 .text._printf_common
                0x08002480       0xda /usr/bin/../lib/gcc/arm-none-eabi/7.3.1/../../../../arm-none-eabi/lib/thumb/v6-m/libc_nano.a(lib_a-nano-vfprintf_i.o)
                0x08002480                _printf_common
 *fill*         0x0800255a        0x2 
 .text._printf_i
                0x0800255c      0x210 /usr/bin/../lib/gcc/arm-none-eabi/7.3.1/../../../../arm-none-eabi/lib/thumb/v6-m/libc_nano.a(lib_a-nano-vfprintf_i.o)
                0x0800255c                _printf_i
 .text._putc_r  0x0800276c       0x6c /usr/bin/../lib/gcc/arm-none-eabi/7.3.1/../../../../arm-none-eabi/lib/thumb/v6-m/libc_nano.a(lib_a-putc.o)
                0x0800276c                _putc_r
 .text.__srget_r
                0x080027d8       0x60 /usr/bin/../lib/gcc/arm-none-eabi/7.3.1/../../../../arm-none-eabi/lib/thumb/v6-m/libc_nano.a(lib_a-rget.o)
                0x080027d8                __srget_r
 .text.__ascii_wctomb
                0x08002838       0x18 /usr/bin/../lib/gcc/arm-none-eabi/7.3.1/../../../../arm-none-eabi/lib/thumb/v6-m/libc_nano.a(lib_a-wctomb_r.o)
                0x08002838                __ascii_wctomb
 .text.memchr   0x08002850       0x16 /usr/bin/../lib/gcc/arm-none-eabi/7.3.1/../../../../arm-none-eabi/lib/thumb/v6-m/libc_nano.a(lib_a-memchr-stub.o)
                0x08002850                memchr
 .text.lflush   0x08002866       0x18 /usr/bin/../lib/gcc/arm-none-eabi/7.3.1/../../../../arm-none-eabi/lib/thumb/v6-m/libc_nano.a(lib_a-refill.o)
 *fill*         0x0800287e        0x2 
 .text.__srefill_r
                0x08002880      0x124 /usr/bin/../lib/gcc/arm-none-eabi/7.3.1/../../../../arm-none-eabi/lib/thumb/v6-m/libc_nano.a(lib_a-refill.o)
                0x08002880                __srefill_r
 *(.glue_7t)
 .glue_7t       0x080029a4        0x0 linker stubs
 *(.glue_7)
 .glue_7        0x080029a4        0x0 linker stubs
 *(.rodata .rodata* .gnu.linkonce.r.*)
 .rodata._led_handler.str1.1
                0x080029a4       0x56 /home/etudiant/riot/LabBook1/Lab4/bin/nucleo-l073rz/application_Lab2/main.o
 .rodata._target_handler.str1.1
                0x080029fa       0x96 /home/etudiant/riot/LabBook1/Lab4/bin/nucleo-l073rz/application_Lab2/main.o
 .rodata.shell_commands
                0x08002a90       0x24 /home/etudiant/riot/LabBook1/Lab4/bin/nucleo-l073rz/application_Lab2/main.o
 .rodata.str1.1
                0x08002ab4       0x37 /home/etudiant/riot/LabBook1/Lab4/bin/nucleo-l073rz/application_Lab2/main.o
 .rodata.MultiplyDeBruijnBitPosition
                0x08002aeb       0x20 /home/etudiant/riot/LabBook1/Lab4/bin/nucleo-l073rz/core/bitarithm.o
                0x08002aeb                MultiplyDeBruijnBitPosition
 .rodata.kernel_init.str1.1
                0x08002b0b        0x5 /home/etudiant/riot/LabBook1/Lab4/bin/nucleo-l073rz/core/init.o
 .rodata.main_trampoline.str1.1
                0x08002b10       0x3b /home/etudiant/riot/LabBook1/Lab4/bin/nucleo-l073rz/core/init.o
 .rodata.assert_crash_message
                0x08002b4b       0x12 /home/etudiant/riot/LabBook1/Lab4/bin/nucleo-l073rz/core/panic.o
                0x08002b4b                assert_crash_message
 .rodata.core_panic.str1.1
                0x08002b5d       0x2e /home/etudiant/riot/LabBook1/Lab4/bin/nucleo-l073rz/core/panic.o
                                 0x30 (size before relaxing)
 .rodata.panic_arch.str1.1
                0x08002b8b        0xf /home/etudiant/riot/LabBook1/Lab4/bin/nucleo-l073rz/cortexm_common/panic.o
 .rodata.dummy_handler_default.str1.1
                0x08002b9a        0xe /home/etudiant/riot/LabBook1/Lab4/bin/nucleo-l073rz/cortexm_common/vectors_cortexm.o
 .rodata.hard_fault_handler.str1.1
                0x08002ba8      0x1ca /home/etudiant/riot/LabBook1/Lab4/bin/nucleo-l073rz/cortexm_common/vectors_cortexm.o
 .rodata.nmi_default.str1.1
                0x08002d72        0xc /home/etudiant/riot/LabBook1/Lab4/bin/nucleo-l073rz/cortexm_common/vectors_cortexm.o
 *fill*         0x08002d7e        0x2 
 .rodata.uart_config
                0x08002d80       0x38 /home/etudiant/riot/LabBook1/Lab4/bin/nucleo-l073rz/periph/uart.o
 .rodata        0x08002db8        0x2 /home/etudiant/riot/LabBook1/Lab4/bin/nucleo-l073rz/ps/ps.o
 .rodata.ps.str1.1
                0x08002dba      0x117 /home/etudiant/riot/LabBook1/Lab4/bin/nucleo-l073rz/ps/ps.o
 *fill*         0x08002ed1        0x3 
 .rodata.state_names
                0x08002ed4       0x34 /home/etudiant/riot/LabBook1/Lab4/bin/nucleo-l073rz/ps/ps.o
 .rodata.str1.1
                0x08002f08       0x6a /home/etudiant/riot/LabBook1/Lab4/bin/nucleo-l073rz/ps/ps.o
 .rodata._pm_handler.str1.1
                0x08002f72      0x158 /home/etudiant/riot/LabBook1/Lab4/bin/nucleo-l073rz/shell_commands/sc_pm.o
                                0x15e (size before relaxing)
 .rodata._print_usage.str1.1
                0x080030ca       0xf3 /home/etudiant/riot/LabBook1/Lab4/bin/nucleo-l073rz/shell_commands/sc_pm.o
 .rodata.parse_mode.str1.1
                0x080031bd       0x28 /home/etudiant/riot/LabBook1/Lab4/bin/nucleo-l073rz/shell_commands/sc_pm.o
 .rodata._version_handler.str1.1
                0x080031e5       0x19 /home/etudiant/riot/LabBook1/Lab4/bin/nucleo-l073rz/shell_commands/sc_sys.o
 *fill*         0x080031fe        0x2 
 .rodata._shell_command_list
                0x08003200       0x3c /home/etudiant/riot/LabBook1/Lab4/bin/nucleo-l073rz/shell_commands/shell_commands.o
                0x08003200                _shell_command_list
 .rodata.str1.1
                0x0800323c       0x8e /home/etudiant/riot/LabBook1/Lab4/bin/nucleo-l073rz/shell_commands/shell_commands.o
 .rodata.print_commands.str1.1
                0x080032ca        0xa /home/etudiant/riot/LabBook1/Lab4/bin/nucleo-l073rz/shell/shell.o
 .rodata.shell_run_once.str1.1
                0x080032d4       0xa9 /home/etudiant/riot/LabBook1/Lab4/bin/nucleo-l073rz/shell/shell.o
 *fill*         0x0800337d        0x3 
 .rodata.__sf_fake_stderr
                0x08003380       0x20 /usr/bin/../lib/gcc/arm-none-eabi/7.3.1/../../../../arm-none-eabi/lib/thumb/v6-m/libc_nano.a(lib_a-findfp.o)
                0x08003380                __sf_fake_stderr
 .rodata.__sf_fake_stdin
                0x080033a0       0x20 /usr/bin/../lib/gcc/arm-none-eabi/7.3.1/../../../../arm-none-eabi/lib/thumb/v6-m/libc_nano.a(lib_a-findfp.o)
                0x080033a0                __sf_fake_stdin
 .rodata.__sf_fake_stdout
                0x080033c0       0x20 /usr/bin/../lib/gcc/arm-none-eabi/7.3.1/../../../../arm-none-eabi/lib/thumb/v6-m/libc_nano.a(lib_a-findfp.o)
                0x080033c0                __sf_fake_stdout
 .rodata._global_impure_ptr
                0x080033e0        0x4 /usr/bin/../lib/gcc/arm-none-eabi/7.3.1/../../../../arm-none-eabi/lib/thumb/v6-m/libc_nano.a(lib_a-impure.o)
                0x080033e0                _global_impure_ptr
 .rodata._setlocale_r.str1.1
                0x080033e4        0x8 /usr/bin/../lib/gcc/arm-none-eabi/7.3.1/../../../../arm-none-eabi/lib/thumb/v6-m/libc_nano.a(lib_a-locale.o)
                                  0x9 (size before relaxing)
 .rodata.str1.1
                0x080033ec        0x8 /usr/bin/../lib/gcc/arm-none-eabi/7.3.1/../../../../arm-none-eabi/lib/thumb/v6-m/libc_nano.a(lib_a-locale.o)
                                  0x2 (size before relaxing)
 .rodata._vfprintf_r.str1.1
                0x080033ec       0x11 /usr/bin/../lib/gcc/arm-none-eabi/7.3.1/../../../../arm-none-eabi/lib/thumb/v6-m/libc_nano.a(lib_a-nano-vfprintf.o)
 .rodata._printf_i.str1.1
                0x080033fd       0x22 /usr/bin/../lib/gcc/arm-none-eabi/7.3.1/../../../../arm-none-eabi/lib/thumb/v6-m/libc_nano.a(lib_a-nano-vfprintf_i.o)
 .rodata._ctype_
                0x0800341f      0x101 /usr/bin/../lib/gcc/arm-none-eabi/7.3.1/../../../../arm-none-eabi/lib/thumb/v6-m/libc_nano.a(lib_a-ctype_.o)
                0x0800341f                _ctype_
 *(.ARM.extab* .gnu.linkonce.armextab.*)
                0x08003520                . = ALIGN (0x4)
 *(.init)
                0x08003520                . = ALIGN (0x4)
                0x08003520                __preinit_array_start = .
 *(.preinit_array)
                0x08003520                __preinit_array_end = .
                0x08003520                . = ALIGN (0x4)
                0x08003520                __init_array_start = .
 *(SORT_BY_NAME(.init_array.*))
 *(.init_array)
                0x08003520                __init_array_end = .
                0x08003520                . = ALIGN (0x4)
 *crtbegin.o(.ctors)
 *(EXCLUDE_FILE(*crtend.o) .ctors)
 *(SORT_BY_NAME(.ctors.*))
 *crtend.o(.ctors)
                0x08003520                . = ALIGN (0x4)
 *(.fini)
                0x08003520                . = ALIGN (0x4)
                0x08003520                __fini_array_start = .
 *(.fini_array)
 *(SORT_BY_NAME(.fini_array.*))
                0x08003520                __fini_array_end = .
 *crtbegin.o(.dtors)
 *(EXCLUDE_FILE(*crtend.o) .dtors)
 *(SORT_BY_NAME(.dtors.*))
 *crtend.o(.dtors)
                0x08003520                . = ALIGN (0x4)
                0x08003520                _efixed = .

.vfp11_veneer   0x08003520        0x0
 .vfp11_veneer  0x08003520        0x0 linker stubs

.v4_bx          0x08003520        0x0
 .v4_bx         0x08003520        0x0 linker stubs

.iplt           0x08003520        0x0
 .iplt          0x08003520        0x0 /home/etudiant/riot/LabBook1/Lab4/bin/nucleo-l073rz/application_Lab2/main.o

.igot.plt       0x08003520        0x0
 .igot.plt      0x08003520        0x0 /home/etudiant/riot/LabBook1/Lab4/bin/nucleo-l073rz/application_Lab2/main.o

.rel.dyn        0x08003520        0x0
 .rel.iplt      0x08003520        0x0 /home/etudiant/riot/LabBook1/Lab4/bin/nucleo-l073rz/application_Lab2/main.o

.tdata          0x08003520        0x0
                0x08003520                __tdata_start = .
 *(.tdata .tdata.* .gnu.linkonce.td.*)
                0x08003520                __tdata_end = .
                0x08003520                __tdata_source = LOADADDR (.tdata)
                0x00000000                __tdata_size = SIZEOF (.tdata)

.tbss           0x08003520        0x0
 *(.tbss .tbss.* .gnu.linkonce.tb.*)
 *(.tcommon)
                0x08003520                __tbss_end = .
                0x00000000                __tls_size = (__tbss_end - __tdata_start)
                0x00000000                __tbss_size = (__tls_size - __tdata_size)
                [!provide]                PROVIDE (__exidx_start = .)

.ARM.exidx
 *(.ARM.exidx* .gnu.linkonce.armexidx.*)
                [!provide]                PROVIDE (__exidx_end = .)
                0x08003520                . = ALIGN (0x4)

.eh_frame
 *(.eh_frame)
                0x08003520                . = ALIGN (0x4)
                0x08003520                _etext = .

.stack          0x20000000      0x200
 *(.puf)
                0x20000000                . = ALIGN (0x8)
                0x20000000                _sstack = .
 *(.isr_stack)
 .isr_stack     0x20000000      0x200 /home/etudiant/riot/LabBook1/Lab4/bin/nucleo-l073rz/cortexm_common/vectors_cortexm.o
                0x20000000                isr_stack
                0x20000200                . = ALIGN (0x8)
                0x20000200                _estack = .

.relocate       0x20000200      0x1f0 load address 0x08003520
                0x20000200                . = ALIGN (0x4)
                0x20000200                _srelocate = .
 *(.ramfunc .ramfunc.*)
 *(.data .data.*)
 .data.heap_top
                0x20000200        0x4 /home/etudiant/riot/LabBook1/Lab4/bin/nucleo-l073rz/newlib_syscalls_default/syscalls.o
 .data.pm_blocker
                0x20000204        0x4 /home/etudiant/riot/LabBook1/Lab4/bin/nucleo-l073rz/pm_layered/pm.o
 .data.stdio_uart_isrpipe
                0x20000208       0x14 /home/etudiant/riot/LabBook1/Lab4/bin/nucleo-l073rz/stdio_uart/stdio_uart.o
                0x20000208                stdio_uart_isrpipe
 .data._impure_ptr
                0x2000021c        0x4 /usr/bin/../lib/gcc/arm-none-eabi/7.3.1/../../../../arm-none-eabi/lib/thumb/v6-m/libc_nano.a(lib_a-impure.o)
                0x2000021c                _impure_ptr
 .data.impure_data
                0x20000220       0x60 /usr/bin/../lib/gcc/arm-none-eabi/7.3.1/../../../../arm-none-eabi/lib/thumb/v6-m/libc_nano.a(lib_a-impure.o)
 .data.__global_locale
                0x20000280      0x16c /usr/bin/../lib/gcc/arm-none-eabi/7.3.1/../../../../arm-none-eabi/lib/thumb/v6-m/libc_nano.a(lib_a-locale.o)
                0x20000280                __global_locale
 *(.openocd .openocd.*)
 .openocd       0x200003ec        0x2 /home/etudiant/riot/LabBook1/Lab4/bin/nucleo-l073rz/core/sched.o
                0x200003ec                _tcb_name_offset
                0x200003ed                max_threads
                0x200003f0                . = ALIGN (0x4)
 *fill*         0x200003ee        0x2 
                0x200003f0                _erelocate = .

.bss            0x200003f0      0x73c load address 0x08003710
                0x200003f0                . = ALIGN (0x4)
                0x200003f0                _sbss = .
                0x200003f0                _szero = .
 *(.bss .bss.*)
 .bss.main_stack
                0x200003f0      0x600 /home/etudiant/riot/LabBook1/Lab4/bin/nucleo-l073rz/core/init.o
 .bss.crashed   0x200009f0        0x4 /home/etudiant/riot/LabBook1/Lab4/bin/nucleo-l073rz/core/panic.o
 .bss.runqueue_bitcache
                0x200009f4        0x4 /home/etudiant/riot/LabBook1/Lab4/bin/nucleo-l073rz/core/sched.o
 .bss.sched_active_pid
                0x200009f8        0x2 /home/etudiant/riot/LabBook1/Lab4/bin/nucleo-l073rz/core/sched.o
                0x200009f8                sched_active_pid
 *fill*         0x200009fa        0x2 
 .bss.sched_active_thread
                0x200009fc        0x4 /home/etudiant/riot/LabBook1/Lab4/bin/nucleo-l073rz/core/sched.o
                0x200009fc                sched_active_thread
 .bss.sched_context_switch_request
                0x20000a00        0x4 /home/etudiant/riot/LabBook1/Lab4/bin/nucleo-l073rz/core/sched.o
                0x20000a00                sched_context_switch_request
 .bss.sched_num_threads
                0x20000a04        0x4 /home/etudiant/riot/LabBook1/Lab4/bin/nucleo-l073rz/core/sched.o
                0x20000a04                sched_num_threads
 .bss.sched_runqueues
                0x20000a08       0x40 /home/etudiant/riot/LabBook1/Lab4/bin/nucleo-l073rz/core/sched.o
                0x20000a08                sched_runqueues
 .bss.sched_threads
                0x20000a48       0x84 /home/etudiant/riot/LabBook1/Lab4/bin/nucleo-l073rz/core/sched.o
                0x20000a48                sched_threads
 .bss.isr_ctx   0x20000acc       0x18 /home/etudiant/riot/LabBook1/Lab4/bin/nucleo-l073rz/periph/uart.o
 .bss._rx_buf_mem
                0x20000ae4       0x40 /home/etudiant/riot/LabBook1/Lab4/bin/nucleo-l073rz/stdio_uart/stdio_uart.o
 .bss.__malloc_free_list
                0x20000b24        0x4 /usr/bin/../lib/gcc/arm-none-eabi/7.3.1/../../../../arm-none-eabi/lib/thumb/v6-m/libc_nano.a(lib_a-nano-mallocr.o)
                0x20000b24                __malloc_free_list
 .bss.__malloc_sbrk_start
                0x20000b28        0x4 /usr/bin/../lib/gcc/arm-none-eabi/7.3.1/../../../../arm-none-eabi/lib/thumb/v6-m/libc_nano.a(lib_a-nano-mallocr.o)
                0x20000b28                __malloc_sbrk_start
 *(COMMON)
                0x20000b2c                . = ALIGN (0x4)
                0x20000b2c                _ebss = .
                0x20000b2c                _ezero = .

.noinit         0x20000b2c        0x0 load address 0x08003710
                0x20000b2c                __noinit_start = .
 *(.noinit)
                0x20000b2c                . = ALIGN (0x4)
                0x20000b2c                __noinit_end = .
                0x20000b2c                . = ALIGN (0x4)
                0x20000b2c                _sheap = .
                0x20005000                _eheap = (ORIGIN (ram) + LENGTH (ram))
                0x20000000                _sram = ORIGIN (ram)
                0x20005000                _eram = (ORIGIN (ram) + LENGTH (ram))
                0x08003710                _sbackup_data_load = LOADADDR (.backup.data)

.backup.data    0x00000000        0x0 load address 0x08003710
                0x00000000                _sbackup_data = .
 *(.backup.data)
                0x00000000                _ebackup_data = .
                0x00000000                . = ALIGN (0x4)

.backup.bss     0x00000000        0x0 load address 0x08003710
                0x00000000                _sbackup_bss = .
 *(.backup.bss)
                0x00000000                _ebackup_bss = .
                0x00000000                . = ALIGN (0x4)

.heap3          0x00000000        0x0 load address 0x08003710
                0x00000000                _sheap1 = .
                0x00000000                _eheap1 = (ORIGIN (bkup-ram) + LENGTH (bkup-ram))
OUTPUT(/home/etudiant/riot/LabBook1/Lab4/bin/nucleo-l073rz/Lab2.elf elf32-littlearm)

.debug_info     0x00000000    0x24e6d
 .debug_info    0x00000000     0x1aa1 /home/etudiant/riot/LabBook1/Lab4/bin/nucleo-l073rz/application_Lab2/main.o
 .debug_info    0x00001aa1      0xad8 /home/etudiant/riot/LabBook1/Lab4/bin/nucleo-l073rz/auto_init/auto_init.o
 .debug_info    0x00002579     0x16fe /home/etudiant/riot/LabBook1/Lab4/bin/nucleo-l073rz/boards_common_nucleo/board_common_nucleo_init.o
 .debug_info    0x00003c77      0x936 /home/etudiant/riot/LabBook1/Lab4/bin/nucleo-l073rz/core/bitarithm.o
 .debug_info    0x000045ad      0xdba /home/etudiant/riot/LabBook1/Lab4/bin/nucleo-l073rz/core/init.o
 .debug_info    0x00005367     0x1152 /home/etudiant/riot/LabBook1/Lab4/bin/nucleo-l073rz/core/mutex.o
 .debug_info    0x000064b9      0xe46 /home/etudiant/riot/LabBook1/Lab4/bin/nucleo-l073rz/core/panic.o
 .debug_info    0x000072ff     0x1132 /home/etudiant/riot/LabBook1/Lab4/bin/nucleo-l073rz/core/sched.o
 .debug_info    0x00008431     0x182b /home/etudiant/riot/LabBook1/Lab4/bin/nucleo-l073rz/core/thread.o
 .debug_info    0x00009c5c      0xfe3 /home/etudiant/riot/LabBook1/Lab4/bin/nucleo-l073rz/cortexm_common/cortexm_init.o
 .debug_info    0x0000ac3f      0xc9c /home/etudiant/riot/LabBook1/Lab4/bin/nucleo-l073rz/cortexm_common/panic.o
 .debug_info    0x0000b8db      0xcbe /home/etudiant/riot/LabBook1/Lab4/bin/nucleo-l073rz/cortexm_common_periph/pm.o
 .debug_info    0x0000c599     0x1068 /home/etudiant/riot/LabBook1/Lab4/bin/nucleo-l073rz/cortexm_common/thread_arch.o
 .debug_info    0x0000d601     0x1ca7 /home/etudiant/riot/LabBook1/Lab4/bin/nucleo-l073rz/cortexm_common/vectors_cortexm.o
 .debug_info    0x0000f2a8     0x16cc /home/etudiant/riot/LabBook1/Lab4/bin/nucleo-l073rz/cpu/cpu_common.o
 .debug_info    0x00010974     0x1799 /home/etudiant/riot/LabBook1/Lab4/bin/nucleo-l073rz/cpu/cpu_init.o
 .debug_info    0x0001210d      0x4c5 /home/etudiant/riot/LabBook1/Lab4/bin/nucleo-l073rz/isrpipe/isrpipe.o
 .debug_info    0x000125d2     0x21f8 /home/etudiant/riot/LabBook1/Lab4/bin/nucleo-l073rz/newlib_syscalls_default/syscalls.o
 .debug_info    0x000147ca      0xbcd /home/etudiant/riot/LabBook1/Lab4/bin/nucleo-l073rz/periph_common/init.o
 .debug_info    0x00015397     0x1b81 /home/etudiant/riot/LabBook1/Lab4/bin/nucleo-l073rz/periph/gpio_all.o
 .debug_info    0x00016f18      0xe8f /home/etudiant/riot/LabBook1/Lab4/bin/nucleo-l073rz/periph/pm.o
 .debug_info    0x00017da7     0x1d95 /home/etudiant/riot/LabBook1/Lab4/bin/nucleo-l073rz/periph/uart.o
 .debug_info    0x00019b3c     0x1046 /home/etudiant/riot/LabBook1/Lab4/bin/nucleo-l073rz/pm_layered/pm.o
 .debug_info    0x0001ab82      0xf18 /home/etudiant/riot/LabBook1/Lab4/bin/nucleo-l073rz/ps/ps.o
 .debug_info    0x0001ba9a     0x128e /home/etudiant/riot/LabBook1/Lab4/bin/nucleo-l073rz/shell_commands/sc_pm.o
 .debug_info    0x0001cd28       0x8e /home/etudiant/riot/LabBook1/Lab4/bin/nucleo-l073rz/shell_commands/sc_ps.o
 .debug_info    0x0001cdb6      0xc64 /home/etudiant/riot/LabBook1/Lab4/bin/nucleo-l073rz/shell_commands/sc_sys.o
 .debug_info    0x0001da1a      0xc50 /home/etudiant/riot/LabBook1/Lab4/bin/nucleo-l073rz/shell_commands/shell_commands.o
 .debug_info    0x0001e66a     0x13ac /home/etudiant/riot/LabBook1/Lab4/bin/nucleo-l073rz/shell/shell.o
 .debug_info    0x0001fa16     0x1948 /home/etudiant/riot/LabBook1/Lab4/bin/nucleo-l073rz/stdio_uart/stdio_uart.o
 .debug_info    0x0002135e     0x1659 /home/etudiant/riot/LabBook1/Lab4/bin/nucleo-l073rz/stm32_clk/stmclk_common.o
 .debug_info    0x000229b7     0x17fc /home/etudiant/riot/LabBook1/Lab4/bin/nucleo-l073rz/stm32_clk/stmclk_l0l1.o
 .debug_info    0x000241b3      0x1bd /home/etudiant/riot/LabBook1/Lab4/bin/nucleo-l073rz/stm32_vectors/STM32L073xx.o
 .debug_info    0x00024370      0xafd /home/etudiant/riot/LabBook1/Lab4/bin/nucleo-l073rz/tsrb/tsrb.o

.debug_abbrev   0x00000000     0x6334
 .debug_abbrev  0x00000000      0x336 /home/etudiant/riot/LabBook1/Lab4/bin/nucleo-l073rz/application_Lab2/main.o
 .debug_abbrev  0x00000336      0x1ab /home/etudiant/riot/LabBook1/Lab4/bin/nucleo-l073rz/auto_init/auto_init.o
 .debug_abbrev  0x000004e1      0x2aa /home/etudiant/riot/LabBook1/Lab4/bin/nucleo-l073rz/boards_common_nucleo/board_common_nucleo_init.o
 .debug_abbrev  0x0000078b      0x1bf /home/etudiant/riot/LabBook1/Lab4/bin/nucleo-l073rz/core/bitarithm.o
 .debug_abbrev  0x0000094a      0x2af /home/etudiant/riot/LabBook1/Lab4/bin/nucleo-l073rz/core/init.o
 .debug_abbrev  0x00000bf9      0x37b /home/etudiant/riot/LabBook1/Lab4/bin/nucleo-l073rz/core/mutex.o
 .debug_abbrev  0x00000f74      0x31c /home/etudiant/riot/LabBook1/Lab4/bin/nucleo-l073rz/core/panic.o
 .debug_abbrev  0x00001290      0x3e8 /home/etudiant/riot/LabBook1/Lab4/bin/nucleo-l073rz/core/sched.o
 .debug_abbrev  0x00001678      0x43c /home/etudiant/riot/LabBook1/Lab4/bin/nucleo-l073rz/core/thread.o
 .debug_abbrev  0x00001ab4      0x357 /home/etudiant/riot/LabBook1/Lab4/bin/nucleo-l073rz/cortexm_common/cortexm_init.o
 .debug_abbrev  0x00001e0b      0x293 /home/etudiant/riot/LabBook1/Lab4/bin/nucleo-l073rz/cortexm_common/panic.o
 .debug_abbrev  0x0000209e      0x27b /home/etudiant/riot/LabBook1/Lab4/bin/nucleo-l073rz/cortexm_common_periph/pm.o
 .debug_abbrev  0x00002319      0x3fd /home/etudiant/riot/LabBook1/Lab4/bin/nucleo-l073rz/cortexm_common/thread_arch.o
 .debug_abbrev  0x00002716      0x3fa /home/etudiant/riot/LabBook1/Lab4/bin/nucleo-l073rz/cortexm_common/vectors_cortexm.o
 .debug_abbrev  0x00002b10      0x307 /home/etudiant/riot/LabBook1/Lab4/bin/nucleo-l073rz/cpu/cpu_common.o
 .debug_abbrev  0x00002e17      0x2ab /home/etudiant/riot/LabBook1/Lab4/bin/nucleo-l073rz/cpu/cpu_init.o
 .debug_abbrev  0x000030c2      0x246 /home/etudiant/riot/LabBook1/Lab4/bin/nucleo-l073rz/isrpipe/isrpipe.o
 .debug_abbrev  0x00003308      0x4a8 /home/etudiant/riot/LabBook1/Lab4/bin/nucleo-l073rz/newlib_syscalls_default/syscalls.o
 .debug_abbrev  0x000037b0      0x22d /home/etudiant/riot/LabBook1/Lab4/bin/nucleo-l073rz/periph_common/init.o
 .debug_abbrev  0x000039dd      0x388 /home/etudiant/riot/LabBook1/Lab4/bin/nucleo-l073rz/periph/gpio_all.o
 .debug_abbrev  0x00003d65      0x322 /home/etudiant/riot/LabBook1/Lab4/bin/nucleo-l073rz/periph/pm.o
 .debug_abbrev  0x00004087      0x46e /home/etudiant/riot/LabBook1/Lab4/bin/nucleo-l073rz/periph/uart.o
 .debug_abbrev  0x000044f5      0x319 /home/etudiant/riot/LabBook1/Lab4/bin/nucleo-l073rz/pm_layered/pm.o
 .debug_abbrev  0x0000480e      0x2f5 /home/etudiant/riot/LabBook1/Lab4/bin/nucleo-l073rz/ps/ps.o
 .debug_abbrev  0x00004b03      0x33d /home/etudiant/riot/LabBook1/Lab4/bin/nucleo-l073rz/shell_commands/sc_pm.o
 .debug_abbrev  0x00004e40       0x7d /home/etudiant/riot/LabBook1/Lab4/bin/nucleo-l073rz/shell_commands/sc_ps.o
 .debug_abbrev  0x00004ebd      0x273 /home/etudiant/riot/LabBook1/Lab4/bin/nucleo-l073rz/shell_commands/sc_sys.o
 .debug_abbrev  0x00005130      0x222 /home/etudiant/riot/LabBook1/Lab4/bin/nucleo-l073rz/shell_commands/shell_commands.o
 .debug_abbrev  0x00005352      0x45a /home/etudiant/riot/LabBook1/Lab4/bin/nucleo-l073rz/shell/shell.o
 .debug_abbrev  0x000057ac      0x310 /home/etudiant/riot/LabBook1/Lab4/bin/nucleo-l073rz/stdio_uart/stdio_uart.o
 .debug_abbrev  0x00005abc      0x27f /home/etudiant/riot/LabBook1/Lab4/bin/nucleo-l073rz/stm32_clk/stmclk_common.o
 .debug_abbrev  0x00005d3b      0x2fd /home/etudiant/riot/LabBook1/Lab4/bin/nucleo-l073rz/stm32_clk/stmclk_l0l1.o
 .debug_abbrev  0x00006038       0xcd /home/etudiant/riot/LabBook1/Lab4/bin/nucleo-l073rz/stm32_vectors/STM32L073xx.o
 .debug_abbrev  0x00006105      0x22f /home/etudiant/riot/LabBook1/Lab4/bin/nucleo-l073rz/tsrb/tsrb.o

.debug_loc      0x00000000     0x34d4
 .debug_loc     0x00000000      0x19b /home/etudiant/riot/LabBook1/Lab4/bin/nucleo-l073rz/application_Lab2/main.o
 .debug_loc     0x0000019b      0x133 /home/etudiant/riot/LabBook1/Lab4/bin/nucleo-l073rz/core/bitarithm.o
 .debug_loc     0x000002ce       0x21 /home/etudiant/riot/LabBook1/Lab4/bin/nucleo-l073rz/core/init.o
 .debug_loc     0x000002ef      0x1fd /home/etudiant/riot/LabBook1/Lab4/bin/nucleo-l073rz/core/mutex.o
 .debug_loc     0x000004ec       0x52 /home/etudiant/riot/LabBook1/Lab4/bin/nucleo-l073rz/core/panic.o
 .debug_loc     0x0000053e      0x208 /home/etudiant/riot/LabBook1/Lab4/bin/nucleo-l073rz/core/sched.o
 .debug_loc     0x00000746      0x531 /home/etudiant/riot/LabBook1/Lab4/bin/nucleo-l073rz/core/thread.o
 .debug_loc     0x00000c77       0xa9 /home/etudiant/riot/LabBook1/Lab4/bin/nucleo-l073rz/cortexm_common/cortexm_init.o
 .debug_loc     0x00000d20       0x20 /home/etudiant/riot/LabBook1/Lab4/bin/nucleo-l073rz/cortexm_common/panic.o
 .debug_loc     0x00000d40      0x309 /home/etudiant/riot/LabBook1/Lab4/bin/nucleo-l073rz/cortexm_common/thread_arch.o
 .debug_loc     0x00001049      0x2b7 /home/etudiant/riot/LabBook1/Lab4/bin/nucleo-l073rz/cortexm_common/vectors_cortexm.o
 .debug_loc     0x00001300       0xdd /home/etudiant/riot/LabBook1/Lab4/bin/nucleo-l073rz/cpu/cpu_common.o
 .debug_loc     0x000013dd      0x278 /home/etudiant/riot/LabBook1/Lab4/bin/nucleo-l073rz/isrpipe/isrpipe.o
 .debug_loc     0x00001655      0x409 /home/etudiant/riot/LabBook1/Lab4/bin/nucleo-l073rz/newlib_syscalls_default/syscalls.o
 .debug_loc     0x00001a5e      0x3f1 /home/etudiant/riot/LabBook1/Lab4/bin/nucleo-l073rz/periph/gpio_all.o
 .debug_loc     0x00001e4f       0x7f /home/etudiant/riot/LabBook1/Lab4/bin/nucleo-l073rz/periph/pm.o
 .debug_loc     0x00001ece      0x46f /home/etudiant/riot/LabBook1/Lab4/bin/nucleo-l073rz/periph/uart.o
 .debug_loc     0x0000233d       0xbf /home/etudiant/riot/LabBook1/Lab4/bin/nucleo-l073rz/pm_layered/pm.o
 .debug_loc     0x000023fc      0x163 /home/etudiant/riot/LabBook1/Lab4/bin/nucleo-l073rz/ps/ps.o
 .debug_loc     0x0000255f      0x40e /home/etudiant/riot/LabBook1/Lab4/bin/nucleo-l073rz/shell_commands/sc_pm.o
 .debug_loc     0x0000296d       0x42 /home/etudiant/riot/LabBook1/Lab4/bin/nucleo-l073rz/shell_commands/sc_ps.o
 .debug_loc     0x000029af       0x84 /home/etudiant/riot/LabBook1/Lab4/bin/nucleo-l073rz/shell_commands/sc_sys.o
 .debug_loc     0x00002a33      0x56e /home/etudiant/riot/LabBook1/Lab4/bin/nucleo-l073rz/shell/shell.o
 .debug_loc     0x00002fa1       0xb8 /home/etudiant/riot/LabBook1/Lab4/bin/nucleo-l073rz/stdio_uart/stdio_uart.o
 .debug_loc     0x00003059       0x13 /home/etudiant/riot/LabBook1/Lab4/bin/nucleo-l073rz/stm32_clk/stmclk_l0l1.o
 .debug_loc     0x0000306c      0x468 /home/etudiant/riot/LabBook1/Lab4/bin/nucleo-l073rz/tsrb/tsrb.o

.debug_aranges  0x00000000      0x840
 .debug_aranges
                0x00000000       0x38 /home/etudiant/riot/LabBook1/Lab4/bin/nucleo-l073rz/application_Lab2/main.o
 .debug_aranges
                0x00000038       0x20 /home/etudiant/riot/LabBook1/Lab4/bin/nucleo-l073rz/auto_init/auto_init.o
 .debug_aranges
                0x00000058       0x30 /home/etudiant/riot/LabBook1/Lab4/bin/nucleo-l073rz/boards_common_nucleo/board_common_nucleo_init.o
 .debug_aranges
                0x00000088       0x28 /home/etudiant/riot/LabBook1/Lab4/bin/nucleo-l073rz/core/bitarithm.o
 .debug_aranges
                0x000000b0       0x30 /home/etudiant/riot/LabBook1/Lab4/bin/nucleo-l073rz/core/init.o
 .debug_aranges
                0x000000e0       0x38 /home/etudiant/riot/LabBook1/Lab4/bin/nucleo-l073rz/core/mutex.o
 .debug_aranges
                0x00000118       0x38 /home/etudiant/riot/LabBook1/Lab4/bin/nucleo-l073rz/core/panic.o
 .debug_aranges
                0x00000150       0x40 /home/etudiant/riot/LabBook1/Lab4/bin/nucleo-l073rz/core/sched.o
 .debug_aranges
                0x00000190       0x70 /home/etudiant/riot/LabBook1/Lab4/bin/nucleo-l073rz/core/thread.o
 .debug_aranges
                0x00000200       0x30 /home/etudiant/riot/LabBook1/Lab4/bin/nucleo-l073rz/cortexm_common/cortexm_init.o
 .debug_aranges
                0x00000230       0x28 /home/etudiant/riot/LabBook1/Lab4/bin/nucleo-l073rz/cortexm_common/panic.o
 .debug_aranges
                0x00000258       0x28 /home/etudiant/riot/LabBook1/Lab4/bin/nucleo-l073rz/cortexm_common_periph/pm.o
 .debug_aranges
                0x00000280       0x70 /home/etudiant/riot/LabBook1/Lab4/bin/nucleo-l073rz/cortexm_common/thread_arch.o
 .debug_aranges
                0x000002f0       0x50 /home/etudiant/riot/LabBook1/Lab4/bin/nucleo-l073rz/cortexm_common/vectors_cortexm.o
 .debug_aranges
                0x00000340       0x40 /home/etudiant/riot/LabBook1/Lab4/bin/nucleo-l073rz/cpu/cpu_common.o
 .debug_aranges
                0x00000380       0x28 /home/etudiant/riot/LabBook1/Lab4/bin/nucleo-l073rz/cpu/cpu_init.o
 .debug_aranges
                0x000003a8       0x38 /home/etudiant/riot/LabBook1/Lab4/bin/nucleo-l073rz/isrpipe/isrpipe.o
 .debug_aranges
                0x000003e0       0xc0 /home/etudiant/riot/LabBook1/Lab4/bin/nucleo-l073rz/newlib_syscalls_default/syscalls.o
 .debug_aranges
                0x000004a0       0x28 /home/etudiant/riot/LabBook1/Lab4/bin/nucleo-l073rz/periph_common/init.o
 .debug_aranges
                0x000004c8       0x70 /home/etudiant/riot/LabBook1/Lab4/bin/nucleo-l073rz/periph/gpio_all.o
 .debug_aranges
                0x00000538       0x30 /home/etudiant/riot/LabBook1/Lab4/bin/nucleo-l073rz/periph/pm.o
 .debug_aranges
                0x00000568       0x60 /home/etudiant/riot/LabBook1/Lab4/bin/nucleo-l073rz/periph/uart.o
 .debug_aranges
                0x000005c8       0x40 /home/etudiant/riot/LabBook1/Lab4/bin/nucleo-l073rz/pm_layered/pm.o
 .debug_aranges
                0x00000608       0x20 /home/etudiant/riot/LabBook1/Lab4/bin/nucleo-l073rz/ps/ps.o
 .debug_aranges
                0x00000628       0x38 /home/etudiant/riot/LabBook1/Lab4/bin/nucleo-l073rz/shell_commands/sc_pm.o
 .debug_aranges
                0x00000660       0x20 /home/etudiant/riot/LabBook1/Lab4/bin/nucleo-l073rz/shell_commands/sc_ps.o
 .debug_aranges
                0x00000680       0x30 /home/etudiant/riot/LabBook1/Lab4/bin/nucleo-l073rz/shell_commands/sc_sys.o
 .debug_aranges
                0x000006b0       0x20 /home/etudiant/riot/LabBook1/Lab4/bin/nucleo-l073rz/shell_commands/shell_commands.o
 .debug_aranges
                0x000006d0       0x50 /home/etudiant/riot/LabBook1/Lab4/bin/nucleo-l073rz/shell/shell.o
 .debug_aranges
                0x00000720       0x38 /home/etudiant/riot/LabBook1/Lab4/bin/nucleo-l073rz/stdio_uart/stdio_uart.o
 .debug_aranges
                0x00000758       0x50 /home/etudiant/riot/LabBook1/Lab4/bin/nucleo-l073rz/stm32_clk/stmclk_common.o
 .debug_aranges
                0x000007a8       0x28 /home/etudiant/riot/LabBook1/Lab4/bin/nucleo-l073rz/stm32_clk/stmclk_l0l1.o
 .debug_aranges
                0x000007d0       0x20 /home/etudiant/riot/LabBook1/Lab4/bin/nucleo-l073rz/stm32_vectors/STM32L073xx.o
 .debug_aranges
                0x000007f0       0x50 /home/etudiant/riot/LabBook1/Lab4/bin/nucleo-l073rz/tsrb/tsrb.o

.debug_ranges   0x00000000      0xd18
 .debug_ranges  0x00000000       0x28 /home/etudiant/riot/LabBook1/Lab4/bin/nucleo-l073rz/application_Lab2/main.o
 .debug_ranges  0x00000028       0x10 /home/etudiant/riot/LabBook1/Lab4/bin/nucleo-l073rz/auto_init/auto_init.o
 .debug_ranges  0x00000038       0x20 /home/etudiant/riot/LabBook1/Lab4/bin/nucleo-l073rz/boards_common_nucleo/board_common_nucleo_init.o
 .debug_ranges  0x00000058       0x18 /home/etudiant/riot/LabBook1/Lab4/bin/nucleo-l073rz/core/bitarithm.o
 .debug_ranges  0x00000070       0x20 /home/etudiant/riot/LabBook1/Lab4/bin/nucleo-l073rz/core/init.o
 .debug_ranges  0x00000090       0xa0 /home/etudiant/riot/LabBook1/Lab4/bin/nucleo-l073rz/core/mutex.o
 .debug_ranges  0x00000130       0x28 /home/etudiant/riot/LabBook1/Lab4/bin/nucleo-l073rz/core/panic.o
 .debug_ranges  0x00000158       0xf0 /home/etudiant/riot/LabBook1/Lab4/bin/nucleo-l073rz/core/sched.o
 .debug_ranges  0x00000248       0xd8 /home/etudiant/riot/LabBook1/Lab4/bin/nucleo-l073rz/core/thread.o
 .debug_ranges  0x00000320       0xb0 /home/etudiant/riot/LabBook1/Lab4/bin/nucleo-l073rz/cortexm_common/cortexm_init.o
 .debug_ranges  0x000003d0       0x18 /home/etudiant/riot/LabBook1/Lab4/bin/nucleo-l073rz/cortexm_common/panic.o
 .debug_ranges  0x000003e8       0x18 /home/etudiant/riot/LabBook1/Lab4/bin/nucleo-l073rz/cortexm_common_periph/pm.o
 .debug_ranges  0x00000400       0x78 /home/etudiant/riot/LabBook1/Lab4/bin/nucleo-l073rz/cortexm_common/thread_arch.o
 .debug_ranges  0x00000478       0x58 /home/etudiant/riot/LabBook1/Lab4/bin/nucleo-l073rz/cortexm_common/vectors_cortexm.o
 .debug_ranges  0x000004d0       0x30 /home/etudiant/riot/LabBook1/Lab4/bin/nucleo-l073rz/cpu/cpu_common.o
 .debug_ranges  0x00000500       0x18 /home/etudiant/riot/LabBook1/Lab4/bin/nucleo-l073rz/cpu/cpu_init.o
 .debug_ranges  0x00000518       0x58 /home/etudiant/riot/LabBook1/Lab4/bin/nucleo-l073rz/isrpipe/isrpipe.o
 .debug_ranges  0x00000570      0x110 /home/etudiant/riot/LabBook1/Lab4/bin/nucleo-l073rz/newlib_syscalls_default/syscalls.o
 .debug_ranges  0x00000680       0x18 /home/etudiant/riot/LabBook1/Lab4/bin/nucleo-l073rz/periph_common/init.o
 .debug_ranges  0x00000698      0x1b8 /home/etudiant/riot/LabBook1/Lab4/bin/nucleo-l073rz/periph/gpio_all.o
 .debug_ranges  0x00000850       0x40 /home/etudiant/riot/LabBook1/Lab4/bin/nucleo-l073rz/periph/pm.o
 .debug_ranges  0x00000890       0xf8 /home/etudiant/riot/LabBook1/Lab4/bin/nucleo-l073rz/periph/uart.o
 .debug_ranges  0x00000988       0x30 /home/etudiant/riot/LabBook1/Lab4/bin/nucleo-l073rz/pm_layered/pm.o
 .debug_ranges  0x000009b8       0x28 /home/etudiant/riot/LabBook1/Lab4/bin/nucleo-l073rz/ps/ps.o
 .debug_ranges  0x000009e0       0x88 /home/etudiant/riot/LabBook1/Lab4/bin/nucleo-l073rz/shell_commands/sc_pm.o
 .debug_ranges  0x00000a68       0x10 /home/etudiant/riot/LabBook1/Lab4/bin/nucleo-l073rz/shell_commands/sc_ps.o
 .debug_ranges  0x00000a78       0x20 /home/etudiant/riot/LabBook1/Lab4/bin/nucleo-l073rz/shell_commands/sc_sys.o
 .debug_ranges  0x00000a98       0x10 /home/etudiant/riot/LabBook1/Lab4/bin/nucleo-l073rz/shell_commands/shell_commands.o
 .debug_ranges  0x00000aa8      0x168 /home/etudiant/riot/LabBook1/Lab4/bin/nucleo-l073rz/shell/shell.o
 .debug_ranges  0x00000c10       0x28 /home/etudiant/riot/LabBook1/Lab4/bin/nucleo-l073rz/stdio_uart/stdio_uart.o
 .debug_ranges  0x00000c38       0x40 /home/etudiant/riot/LabBook1/Lab4/bin/nucleo-l073rz/stm32_clk/stmclk_common.o
 .debug_ranges  0x00000c78       0x18 /home/etudiant/riot/LabBook1/Lab4/bin/nucleo-l073rz/stm32_clk/stmclk_l0l1.o
 .debug_ranges  0x00000c90       0x10 /home/etudiant/riot/LabBook1/Lab4/bin/nucleo-l073rz/stm32_vectors/STM32L073xx.o
 .debug_ranges  0x00000ca0       0x78 /home/etudiant/riot/LabBook1/Lab4/bin/nucleo-l073rz/tsrb/tsrb.o

.debug_macro    0x00000000    0x2ab61
 .debug_macro   0x00000000      0x3dc /home/etudiant/riot/LabBook1/Lab4/bin/nucleo-l073rz/application_Lab2/main.o
 .debug_macro   0x000003dc      0xa96 /home/etudiant/riot/LabBook1/Lab4/bin/nucleo-l073rz/application_Lab2/main.o
 .debug_macro   0x00000e72      0x130 /home/etudiant/riot/LabBook1/Lab4/bin/nucleo-l073rz/application_Lab2/main.o
 .debug_macro   0x00000fa2       0x22 /home/etudiant/riot/LabBook1/Lab4/bin/nucleo-l073rz/application_Lab2/main.o
 .debug_macro   0x00000fc4       0x40 /home/etudiant/riot/LabBook1/Lab4/bin/nucleo-l073rz/application_Lab2/main.o
 .debug_macro   0x00001004       0x18 /home/etudiant/riot/LabBook1/Lab4/bin/nucleo-l073rz/application_Lab2/main.o
 .debug_macro   0x0000101c       0x5c /home/etudiant/riot/LabBook1/Lab4/bin/nucleo-l073rz/application_Lab2/main.o
 .debug_macro   0x00001078       0x3c /home/etudiant/riot/LabBook1/Lab4/bin/nucleo-l073rz/application_Lab2/main.o
 .debug_macro   0x000010b4       0x34 /home/etudiant/riot/LabBook1/Lab4/bin/nucleo-l073rz/application_Lab2/main.o
 .debug_macro   0x000010e8       0x16 /home/etudiant/riot/LabBook1/Lab4/bin/nucleo-l073rz/application_Lab2/main.o
 .debug_macro   0x000010fe       0x57 /home/etudiant/riot/LabBook1/Lab4/bin/nucleo-l073rz/application_Lab2/main.o
 .debug_macro   0x00001155       0x97 /home/etudiant/riot/LabBook1/Lab4/bin/nucleo-l073rz/application_Lab2/main.o
 .debug_macro   0x000011ec      0x353 /home/etudiant/riot/LabBook1/Lab4/bin/nucleo-l073rz/application_Lab2/main.o
 .debug_macro   0x0000153f       0xf6 /home/etudiant/riot/LabBook1/Lab4/bin/nucleo-l073rz/application_Lab2/main.o
 .debug_macro   0x00001635       0x10 /home/etudiant/riot/LabBook1/Lab4/bin/nucleo-l073rz/application_Lab2/main.o
 .debug_macro   0x00001645       0x52 /home/etudiant/riot/LabBook1/Lab4/bin/nucleo-l073rz/application_Lab2/main.o
 .debug_macro   0x00001697       0x1f /home/etudiant/riot/LabBook1/Lab4/bin/nucleo-l073rz/application_Lab2/main.o
 .debug_macro   0x000016b6       0x43 /home/etudiant/riot/LabBook1/Lab4/bin/nucleo-l073rz/application_Lab2/main.o
 .debug_macro   0x000016f9       0x20 /home/etudiant/riot/LabBook1/Lab4/bin/nucleo-l073rz/application_Lab2/main.o
 .debug_macro   0x00001719      0x1a3 /home/etudiant/riot/LabBook1/Lab4/bin/nucleo-l073rz/application_Lab2/main.o
 .debug_macro   0x000018bc       0x10 /home/etudiant/riot/LabBook1/Lab4/bin/nucleo-l073rz/application_Lab2/main.o
 .debug_macro   0x000018cc       0x6a /home/etudiant/riot/LabBook1/Lab4/bin/nucleo-l073rz/application_Lab2/main.o
 .debug_macro   0x00001936       0xb6 /home/etudiant/riot/LabBook1/Lab4/bin/nucleo-l073rz/application_Lab2/main.o
 .debug_macro   0x000019ec       0x16 /home/etudiant/riot/LabBook1/Lab4/bin/nucleo-l073rz/application_Lab2/main.o
 .debug_macro   0x00001a02      0x114 /home/etudiant/riot/LabBook1/Lab4/bin/nucleo-l073rz/application_Lab2/main.o
 .debug_macro   0x00001b16       0xef /home/etudiant/riot/LabBook1/Lab4/bin/nucleo-l073rz/application_Lab2/main.o
 .debug_macro   0x00001c05      0x1df /home/etudiant/riot/LabBook1/Lab4/bin/nucleo-l073rz/application_Lab2/main.o
 .debug_macro   0x00001de4       0x22 /home/etudiant/riot/LabBook1/Lab4/bin/nucleo-l073rz/application_Lab2/main.o
 .debug_macro   0x00001e06       0x43 /home/etudiant/riot/LabBook1/Lab4/bin/nucleo-l073rz/application_Lab2/main.o
 .debug_macro   0x00001e49       0x2e /home/etudiant/riot/LabBook1/Lab4/bin/nucleo-l073rz/application_Lab2/main.o
 .debug_macro   0x00001e77       0x28 /home/etudiant/riot/LabBook1/Lab4/bin/nucleo-l073rz/application_Lab2/main.o
 .debug_macro   0x00001e9f       0x1c /home/etudiant/riot/LabBook1/Lab4/bin/nucleo-l073rz/application_Lab2/main.o
 .debug_macro   0x00001ebb       0x22 /home/etudiant/riot/LabBook1/Lab4/bin/nucleo-l073rz/application_Lab2/main.o
 .debug_macro   0x00001edd       0xaf /home/etudiant/riot/LabBook1/Lab4/bin/nucleo-l073rz/application_Lab2/main.o
 .debug_macro   0x00001f8c      0x4da /home/etudiant/riot/LabBook1/Lab4/bin/nucleo-l073rz/application_Lab2/main.o
 .debug_macro   0x00002466      0x11f /home/etudiant/riot/LabBook1/Lab4/bin/nucleo-l073rz/application_Lab2/main.o
 .debug_macro   0x00002585     0xa43e /home/etudiant/riot/LabBook1/Lab4/bin/nucleo-l073rz/application_Lab2/main.o
 .debug_macro   0x0000c9c3       0x3c /home/etudiant/riot/LabBook1/Lab4/bin/nucleo-l073rz/application_Lab2/main.o
 .debug_macro   0x0000c9ff       0x10 /home/etudiant/riot/LabBook1/Lab4/bin/nucleo-l073rz/application_Lab2/main.o
 .debug_macro   0x0000ca0f       0x29 /home/etudiant/riot/LabBook1/Lab4/bin/nucleo-l073rz/application_Lab2/main.o
 .debug_macro   0x0000ca38       0x60 /home/etudiant/riot/LabBook1/Lab4/bin/nucleo-l073rz/application_Lab2/main.o
 .debug_macro   0x0000ca98       0x10 /home/etudiant/riot/LabBook1/Lab4/bin/nucleo-l073rz/application_Lab2/main.o
 .debug_macro   0x0000caa8       0x35 /home/etudiant/riot/LabBook1/Lab4/bin/nucleo-l073rz/application_Lab2/main.o
 .debug_macro   0x0000cadd      0x460 /home/etudiant/riot/LabBook1/Lab4/bin/nucleo-l073rz/application_Lab2/main.o
 .debug_macro   0x0000cf3d       0x2b /home/etudiant/riot/LabBook1/Lab4/bin/nucleo-l073rz/application_Lab2/main.o
 .debug_macro   0x0000cf68       0xee /home/etudiant/riot/LabBook1/Lab4/bin/nucleo-l073rz/application_Lab2/main.o
 .debug_macro   0x0000d056       0x28 /home/etudiant/riot/LabBook1/Lab4/bin/nucleo-l073rz/application_Lab2/main.o
 .debug_macro   0x0000d07e       0x18 /home/etudiant/riot/LabBook1/Lab4/bin/nucleo-l073rz/application_Lab2/main.o
 .debug_macro   0x0000d096       0x10 /home/etudiant/riot/LabBook1/Lab4/bin/nucleo-l073rz/application_Lab2/main.o
 .debug_macro   0x0000d0a6       0x12 /home/etudiant/riot/LabBook1/Lab4/bin/nucleo-l073rz/application_Lab2/main.o
 .debug_macro   0x0000d0b8       0x66 /home/etudiant/riot/LabBook1/Lab4/bin/nucleo-l073rz/application_Lab2/main.o
 .debug_macro   0x0000d11e       0x16 /home/etudiant/riot/LabBook1/Lab4/bin/nucleo-l073rz/application_Lab2/main.o
 .debug_macro   0x0000d134       0x2e /home/etudiant/riot/LabBook1/Lab4/bin/nucleo-l073rz/application_Lab2/main.o
 .debug_macro   0x0000d162       0x22 /home/etudiant/riot/LabBook1/Lab4/bin/nucleo-l073rz/application_Lab2/main.o
 .debug_macro   0x0000d184      0x1c1 /home/etudiant/riot/LabBook1/Lab4/bin/nucleo-l073rz/application_Lab2/main.o
 .debug_macro   0x0000d345       0x10 /home/etudiant/riot/LabBook1/Lab4/bin/nucleo-l073rz/application_Lab2/main.o
 .debug_macro   0x0000d355       0x10 /home/etudiant/riot/LabBook1/Lab4/bin/nucleo-l073rz/application_Lab2/main.o
 .debug_macro   0x0000d365       0x76 /home/etudiant/riot/LabBook1/Lab4/bin/nucleo-l073rz/application_Lab2/main.o
 .debug_macro   0x0000d3db       0x28 /home/etudiant/riot/LabBook1/Lab4/bin/nucleo-l073rz/application_Lab2/main.o
 .debug_macro   0x0000d403       0x16 /home/etudiant/riot/LabBook1/Lab4/bin/nucleo-l073rz/application_Lab2/main.o
 .debug_macro   0x0000d419       0x3f /home/etudiant/riot/LabBook1/Lab4/bin/nucleo-l073rz/application_Lab2/main.o
 .debug_macro   0x0000d458       0x10 /home/etudiant/riot/LabBook1/Lab4/bin/nucleo-l073rz/application_Lab2/main.o
 .debug_macro   0x0000d468       0xac /home/etudiant/riot/LabBook1/Lab4/bin/nucleo-l073rz/application_Lab2/main.o
 .debug_macro   0x0000d514       0x10 /home/etudiant/riot/LabBook1/Lab4/bin/nucleo-l073rz/application_Lab2/main.o
 .debug_macro   0x0000d524       0x10 /home/etudiant/riot/LabBook1/Lab4/bin/nucleo-l073rz/application_Lab2/main.o
 .debug_macro   0x0000d534       0x3a /home/etudiant/riot/LabBook1/Lab4/bin/nucleo-l073rz/application_Lab2/main.o
 .debug_macro   0x0000d56e      0x186 /home/etudiant/riot/LabBook1/Lab4/bin/nucleo-l073rz/auto_init/auto_init.o
 .debug_macro   0x0000d6f4      0xa96 /home/etudiant/riot/LabBook1/Lab4/bin/nucleo-l073rz/auto_init/auto_init.o
 .debug_macro   0x0000e18a       0x56 /home/etudiant/riot/LabBook1/Lab4/bin/nucleo-l073rz/auto_init/auto_init.o
 .debug_macro   0x0000e1e0       0x51 /home/etudiant/riot/LabBook1/Lab4/bin/nucleo-l073rz/auto_init/auto_init.o
 .debug_macro   0x0000e231       0x46 /home/etudiant/riot/LabBook1/Lab4/bin/nucleo-l073rz/auto_init/auto_init.o
 .debug_macro   0x0000e277       0x34 /home/etudiant/riot/LabBook1/Lab4/bin/nucleo-l073rz/auto_init/auto_init.o
 .debug_macro   0x0000e2ab      0x3b9 /home/etudiant/riot/LabBook1/Lab4/bin/nucleo-l073rz/boards_common_nucleo/board_common_nucleo_init.o
 .debug_macro   0x0000e664      0xa96 /home/etudiant/riot/LabBook1/Lab4/bin/nucleo-l073rz/boards_common_nucleo/board_common_nucleo_init.o
 .debug_macro   0x0000f0fa      0x1e5 /home/etudiant/riot/LabBook1/Lab4/bin/nucleo-l073rz/core/bitarithm.o
 .debug_macro   0x0000f2df      0xa96 /home/etudiant/riot/LabBook1/Lab4/bin/nucleo-l073rz/core/bitarithm.o
 .debug_macro   0x0000fd75       0xd6 /home/etudiant/riot/LabBook1/Lab4/bin/nucleo-l073rz/core/bitarithm.o
 .debug_macro   0x0000fe4b      0x38a /home/etudiant/riot/LabBook1/Lab4/bin/nucleo-l073rz/core/init.o
 .debug_macro   0x000101d5      0xa96 /home/etudiant/riot/LabBook1/Lab4/bin/nucleo-l073rz/core/init.o
 .debug_macro   0x00010c6b       0x10 /home/etudiant/riot/LabBook1/Lab4/bin/nucleo-l073rz/core/init.o
 .debug_macro   0x00010c7b      0x23b /home/etudiant/riot/LabBook1/Lab4/bin/nucleo-l073rz/core/init.o
 .debug_macro   0x00010eb6       0x10 /home/etudiant/riot/LabBook1/Lab4/bin/nucleo-l073rz/core/init.o
 .debug_macro   0x00010ec6       0x2e /home/etudiant/riot/LabBook1/Lab4/bin/nucleo-l073rz/core/init.o
 .debug_macro   0x00010ef4      0x312 /home/etudiant/riot/LabBook1/Lab4/bin/nucleo-l073rz/core/mutex.o
 .debug_macro   0x00011206      0xa96 /home/etudiant/riot/LabBook1/Lab4/bin/nucleo-l073rz/core/mutex.o
 .debug_macro   0x00011c9c      0x1e5 /home/etudiant/riot/LabBook1/Lab4/bin/nucleo-l073rz/core/mutex.o
 .debug_macro   0x00011e81      0x356 /home/etudiant/riot/LabBook1/Lab4/bin/nucleo-l073rz/core/panic.o
 .debug_macro   0x000121d7      0xa96 /home/etudiant/riot/LabBook1/Lab4/bin/nucleo-l073rz/core/panic.o
 .debug_macro   0x00012c6d       0x10 /home/etudiant/riot/LabBook1/Lab4/bin/nucleo-l073rz/core/panic.o
 .debug_macro   0x00012c7d      0x325 /home/etudiant/riot/LabBook1/Lab4/bin/nucleo-l073rz/core/sched.o
 .debug_macro   0x00012fa2      0xa96 /home/etudiant/riot/LabBook1/Lab4/bin/nucleo-l073rz/core/sched.o
 .debug_macro   0x00013a38      0x31f /home/etudiant/riot/LabBook1/Lab4/bin/nucleo-l073rz/core/thread.o
 .debug_macro   0x00013d57      0xa96 /home/etudiant/riot/LabBook1/Lab4/bin/nucleo-l073rz/core/thread.o
 .debug_macro   0x000147ed       0xdc /home/etudiant/riot/LabBook1/Lab4/bin/nucleo-l073rz/core/thread.o
 .debug_macro   0x000148c9      0x2f2 /home/etudiant/riot/LabBook1/Lab4/bin/nucleo-l073rz/cortexm_common/cortexm_init.o
 .debug_macro   0x00014bbb      0xa96 /home/etudiant/riot/LabBook1/Lab4/bin/nucleo-l073rz/cortexm_common/cortexm_init.o
 .debug_macro   0x00015651      0x2f5 /home/etudiant/riot/LabBook1/Lab4/bin/nucleo-l073rz/cortexm_common/panic.o
 .debug_macro   0x00015946      0xa96 /home/etudiant/riot/LabBook1/Lab4/bin/nucleo-l073rz/cortexm_common/panic.o
 .debug_macro   0x000163dc      0x320 /home/etudiant/riot/LabBook1/Lab4/bin/nucleo-l073rz/cortexm_common_periph/pm.o
 .debug_macro   0x000166fc      0xa96 /home/etudiant/riot/LabBook1/Lab4/bin/nucleo-l073rz/cortexm_common_periph/pm.o
 .debug_macro   0x00017192      0x31c /home/etudiant/riot/LabBook1/Lab4/bin/nucleo-l073rz/cortexm_common/thread_arch.o
 .debug_macro   0x000174ae      0xa96 /home/etudiant/riot/LabBook1/Lab4/bin/nucleo-l073rz/cortexm_common/thread_arch.o
 .debug_macro   0x00017f44       0x1c /home/etudiant/riot/LabBook1/Lab4/bin/nucleo-l073rz/cortexm_common/thread_arch.o
 .debug_macro   0x00017f60      0x3f3 /home/etudiant/riot/LabBook1/Lab4/bin/nucleo-l073rz/cortexm_common/vectors_cortexm.o
 .debug_macro   0x00018353      0xa96 /home/etudiant/riot/LabBook1/Lab4/bin/nucleo-l073rz/cortexm_common/vectors_cortexm.o
 .debug_macro   0x00018de9       0x1c /home/etudiant/riot/LabBook1/Lab4/bin/nucleo-l073rz/cortexm_common/vectors_cortexm.o
 .debug_macro   0x00018e05      0x35d /home/etudiant/riot/LabBook1/Lab4/bin/nucleo-l073rz/cpu/cpu_common.o
 .debug_macro   0x00019162      0xa96 /home/etudiant/riot/LabBook1/Lab4/bin/nucleo-l073rz/cpu/cpu_common.o
 .debug_macro   0x00019bf8      0x3fe /home/etudiant/riot/LabBook1/Lab4/bin/nucleo-l073rz/cpu/cpu_init.o
 .debug_macro   0x00019ff6      0xa96 /home/etudiant/riot/LabBook1/Lab4/bin/nucleo-l073rz/cpu/cpu_init.o
 .debug_macro   0x0001aa8c       0x16 /home/etudiant/riot/LabBook1/Lab4/bin/nucleo-l073rz/cpu/cpu_init.o
 .debug_macro   0x0001aaa2      0x4fe /home/etudiant/riot/LabBook1/Lab4/bin/nucleo-l073rz/cpu/cpu_init.o
 .debug_macro   0x0001afa0      0x17d /home/etudiant/riot/LabBook1/Lab4/bin/nucleo-l073rz/isrpipe/isrpipe.o
 .debug_macro   0x0001b11d      0xa96 /home/etudiant/riot/LabBook1/Lab4/bin/nucleo-l073rz/isrpipe/isrpipe.o
 .debug_macro   0x0001bbb3      0x4f1 /home/etudiant/riot/LabBook1/Lab4/bin/nucleo-l073rz/newlib_syscalls_default/syscalls.o
 .debug_macro   0x0001c0a4      0xa96 /home/etudiant/riot/LabBook1/Lab4/bin/nucleo-l073rz/newlib_syscalls_default/syscalls.o
 .debug_macro   0x0001cb3a       0x10 /home/etudiant/riot/LabBook1/Lab4/bin/nucleo-l073rz/newlib_syscalls_default/syscalls.o
 .debug_macro   0x0001cb4a       0xcf /home/etudiant/riot/LabBook1/Lab4/bin/nucleo-l073rz/newlib_syscalls_default/syscalls.o
 .debug_macro   0x0001cc19       0xb7 /home/etudiant/riot/LabBook1/Lab4/bin/nucleo-l073rz/newlib_syscalls_default/syscalls.o
 .debug_macro   0x0001ccd0       0x10 /home/etudiant/riot/LabBook1/Lab4/bin/nucleo-l073rz/newlib_syscalls_default/syscalls.o
 .debug_macro   0x0001cce0      0x241 /home/etudiant/riot/LabBook1/Lab4/bin/nucleo-l073rz/newlib_syscalls_default/syscalls.o
 .debug_macro   0x0001cf21       0x10 /home/etudiant/riot/LabBook1/Lab4/bin/nucleo-l073rz/newlib_syscalls_default/syscalls.o
 .debug_macro   0x0001cf31       0x3c /home/etudiant/riot/LabBook1/Lab4/bin/nucleo-l073rz/newlib_syscalls_default/syscalls.o
 .debug_macro   0x0001cf6d       0xff /home/etudiant/riot/LabBook1/Lab4/bin/nucleo-l073rz/newlib_syscalls_default/syscalls.o
 .debug_macro   0x0001d06c       0x16 /home/etudiant/riot/LabBook1/Lab4/bin/nucleo-l073rz/newlib_syscalls_default/syscalls.o
 .debug_macro   0x0001d082       0x10 /home/etudiant/riot/LabBook1/Lab4/bin/nucleo-l073rz/newlib_syscalls_default/syscalls.o
 .debug_macro   0x0001d092       0x10 /home/etudiant/riot/LabBook1/Lab4/bin/nucleo-l073rz/newlib_syscalls_default/syscalls.o
 .debug_macro   0x0001d0a2       0x2e /home/etudiant/riot/LabBook1/Lab4/bin/nucleo-l073rz/newlib_syscalls_default/syscalls.o
 .debug_macro   0x0001d0d0       0xf5 /home/etudiant/riot/LabBook1/Lab4/bin/nucleo-l073rz/newlib_syscalls_default/syscalls.o
 .debug_macro   0x0001d1c5      0x313 /home/etudiant/riot/LabBook1/Lab4/bin/nucleo-l073rz/periph_common/init.o
 .debug_macro   0x0001d4d8      0xa96 /home/etudiant/riot/LabBook1/Lab4/bin/nucleo-l073rz/periph_common/init.o
 .debug_macro   0x0001df6e      0x373 /home/etudiant/riot/LabBook1/Lab4/bin/nucleo-l073rz/periph/gpio_all.o
 .debug_macro   0x0001e2e1      0xa96 /home/etudiant/riot/LabBook1/Lab4/bin/nucleo-l073rz/periph/gpio_all.o
 .debug_macro   0x0001ed77      0x361 /home/etudiant/riot/LabBook1/Lab4/bin/nucleo-l073rz/periph/pm.o
 .debug_macro   0x0001f0d8      0xa96 /home/etudiant/riot/LabBook1/Lab4/bin/nucleo-l073rz/periph/pm.o
 .debug_macro   0x0001fb6e      0x3a0 /home/etudiant/riot/LabBook1/Lab4/bin/nucleo-l073rz/periph/uart.o
 .debug_macro   0x0001ff0e      0xa96 /home/etudiant/riot/LabBook1/Lab4/bin/nucleo-l073rz/periph/uart.o
 .debug_macro   0x000209a4       0x10 /home/etudiant/riot/LabBook1/Lab4/bin/nucleo-l073rz/periph/uart.o
 .debug_macro   0x000209b4      0x349 /home/etudiant/riot/LabBook1/Lab4/bin/nucleo-l073rz/pm_layered/pm.o
 .debug_macro   0x00020cfd      0xa96 /home/etudiant/riot/LabBook1/Lab4/bin/nucleo-l073rz/pm_layered/pm.o
 .debug_macro   0x00021793      0x2dc /home/etudiant/riot/LabBook1/Lab4/bin/nucleo-l073rz/ps/ps.o
 .debug_macro   0x00021a6f      0xa96 /home/etudiant/riot/LabBook1/Lab4/bin/nucleo-l073rz/ps/ps.o
 .debug_macro   0x00022505      0x362 /home/etudiant/riot/LabBook1/Lab4/bin/nucleo-l073rz/shell_commands/sc_pm.o
 .debug_macro   0x00022867      0xa96 /home/etudiant/riot/LabBook1/Lab4/bin/nucleo-l073rz/shell_commands/sc_pm.o
 .debug_macro   0x000232fd       0x24 /home/etudiant/riot/LabBook1/Lab4/bin/nucleo-l073rz/shell_commands/sc_ps.o
 .debug_macro   0x00023321      0xa96 /home/etudiant/riot/LabBook1/Lab4/bin/nucleo-l073rz/shell_commands/sc_ps.o
 .debug_macro   0x00023db7      0x320 /home/etudiant/riot/LabBook1/Lab4/bin/nucleo-l073rz/shell_commands/sc_sys.o
 .debug_macro   0x000240d7      0xa96 /home/etudiant/riot/LabBook1/Lab4/bin/nucleo-l073rz/shell_commands/sc_sys.o
 .debug_macro   0x00024b6d      0x368 /home/etudiant/riot/LabBook1/Lab4/bin/nucleo-l073rz/shell_commands/shell_commands.o
 .debug_macro   0x00024ed5      0xa96 /home/etudiant/riot/LabBook1/Lab4/bin/nucleo-l073rz/shell_commands/shell_commands.o
 .debug_macro   0x0002596b       0x22 /home/etudiant/riot/LabBook1/Lab4/bin/nucleo-l073rz/shell_commands/shell_commands.o
 .debug_macro   0x0002598d      0x3f3 /home/etudiant/riot/LabBook1/Lab4/bin/nucleo-l073rz/shell/shell.o
 .debug_macro   0x00025d80      0xa96 /home/etudiant/riot/LabBook1/Lab4/bin/nucleo-l073rz/shell/shell.o
 .debug_macro   0x00026816      0x476 /home/etudiant/riot/LabBook1/Lab4/bin/nucleo-l073rz/stdio_uart/stdio_uart.o
 .debug_macro   0x00026c8c      0xa96 /home/etudiant/riot/LabBook1/Lab4/bin/nucleo-l073rz/stdio_uart/stdio_uart.o
 .debug_macro   0x00027722       0x16 /home/etudiant/riot/LabBook1/Lab4/bin/nucleo-l073rz/stdio_uart/stdio_uart.o
 .debug_macro   0x00027738      0x36c /home/etudiant/riot/LabBook1/Lab4/bin/nucleo-l073rz/stm32_clk/stmclk_common.o
 .debug_macro   0x00027aa4      0xa96 /home/etudiant/riot/LabBook1/Lab4/bin/nucleo-l073rz/stm32_clk/stmclk_common.o
 .debug_macro   0x0002853a      0x408 /home/etudiant/riot/LabBook1/Lab4/bin/nucleo-l073rz/stm32_clk/stmclk_l0l1.o
 .debug_macro   0x00028942      0xa96 /home/etudiant/riot/LabBook1/Lab4/bin/nucleo-l073rz/stm32_clk/stmclk_l0l1.o
 .debug_macro   0x000293d8       0xf7 /home/etudiant/riot/LabBook1/Lab4/bin/nucleo-l073rz/stm32_vectors/STM32L073xx.o
 .debug_macro   0x000294cf      0xa96 /home/etudiant/riot/LabBook1/Lab4/bin/nucleo-l073rz/stm32_vectors/STM32L073xx.o
 .debug_macro   0x00029f65       0x16 /home/etudiant/riot/LabBook1/Lab4/bin/nucleo-l073rz/stm32_vectors/STM32L073xx.o
 .debug_macro   0x00029f7b      0x150 /home/etudiant/riot/LabBook1/Lab4/bin/nucleo-l073rz/tsrb/tsrb.o
 .debug_macro   0x0002a0cb      0xa96 /home/etudiant/riot/LabBook1/Lab4/bin/nucleo-l073rz/tsrb/tsrb.o

.debug_line     0x00000000     0xf095
 .debug_line    0x00000000      0x90c /home/etudiant/riot/LabBook1/Lab4/bin/nucleo-l073rz/application_Lab2/main.o
 .debug_line    0x0000090c      0x2fe /home/etudiant/riot/LabBook1/Lab4/bin/nucleo-l073rz/auto_init/auto_init.o
 .debug_line    0x00000c0a      0x8c3 /home/etudiant/riot/LabBook1/Lab4/bin/nucleo-l073rz/boards_common_nucleo/board_common_nucleo_init.o
 .debug_line    0x000014cd      0x4a9 /home/etudiant/riot/LabBook1/Lab4/bin/nucleo-l073rz/core/bitarithm.o
 .debug_line    0x00001976      0x70d /home/etudiant/riot/LabBook1/Lab4/bin/nucleo-l073rz/core/init.o
 .debug_line    0x00002083      0x6a9 /home/etudiant/riot/LabBook1/Lab4/bin/nucleo-l073rz/core/mutex.o
 .debug_line    0x0000272c      0x716 /home/etudiant/riot/LabBook1/Lab4/bin/nucleo-l073rz/core/panic.o
 .debug_line    0x00002e42      0x700 /home/etudiant/riot/LabBook1/Lab4/bin/nucleo-l073rz/core/sched.o
 .debug_line    0x00003542      0x881 /home/etudiant/riot/LabBook1/Lab4/bin/nucleo-l073rz/core/thread.o
 .debug_line    0x00003dc3      0x610 /home/etudiant/riot/LabBook1/Lab4/bin/nucleo-l073rz/cortexm_common/cortexm_init.o
 .debug_line    0x000043d3      0x5ce /home/etudiant/riot/LabBook1/Lab4/bin/nucleo-l073rz/cortexm_common/panic.o
 .debug_line    0x000049a1      0x6c9 /home/etudiant/riot/LabBook1/Lab4/bin/nucleo-l073rz/cortexm_common_periph/pm.o
 .debug_line    0x0000506a      0x711 /home/etudiant/riot/LabBook1/Lab4/bin/nucleo-l073rz/cortexm_common/thread_arch.o
 .debug_line    0x0000577b      0x9af /home/etudiant/riot/LabBook1/Lab4/bin/nucleo-l073rz/cortexm_common/vectors_cortexm.o
 .debug_line    0x0000612a      0x7d9 /home/etudiant/riot/LabBook1/Lab4/bin/nucleo-l073rz/cpu/cpu_common.o
 .debug_line    0x00006903      0x8fc /home/etudiant/riot/LabBook1/Lab4/bin/nucleo-l073rz/cpu/cpu_init.o
 .debug_line    0x000071ff      0x4b7 /home/etudiant/riot/LabBook1/Lab4/bin/nucleo-l073rz/isrpipe/isrpipe.o
 .debug_line    0x000076b6      0xb9d /home/etudiant/riot/LabBook1/Lab4/bin/nucleo-l073rz/newlib_syscalls_default/syscalls.o
 .debug_line    0x00008253      0x645 /home/etudiant/riot/LabBook1/Lab4/bin/nucleo-l073rz/periph_common/init.o
 .debug_line    0x00008898      0x959 /home/etudiant/riot/LabBook1/Lab4/bin/nucleo-l073rz/periph/gpio_all.o
 .debug_line    0x000091f1      0x721 /home/etudiant/riot/LabBook1/Lab4/bin/nucleo-l073rz/periph/pm.o
 .debug_line    0x00009912      0x94d /home/etudiant/riot/LabBook1/Lab4/bin/nucleo-l073rz/periph/uart.o
 .debug_line    0x0000a25f      0x788 /home/etudiant/riot/LabBook1/Lab4/bin/nucleo-l073rz/pm_layered/pm.o
 .debug_line    0x0000a9e7      0x5c3 /home/etudiant/riot/LabBook1/Lab4/bin/nucleo-l073rz/ps/ps.o
 .debug_line    0x0000afaa      0x76f /home/etudiant/riot/LabBook1/Lab4/bin/nucleo-l073rz/shell_commands/sc_pm.o
 .debug_line    0x0000b719       0xdf /home/etudiant/riot/LabBook1/Lab4/bin/nucleo-l073rz/shell_commands/sc_ps.o
 .debug_line    0x0000b7f8      0x6c3 /home/etudiant/riot/LabBook1/Lab4/bin/nucleo-l073rz/shell_commands/sc_sys.o
 .debug_line    0x0000bebb      0x6dc /home/etudiant/riot/LabBook1/Lab4/bin/nucleo-l073rz/shell_commands/shell_commands.o
 .debug_line    0x0000c597      0x84c /home/etudiant/riot/LabBook1/Lab4/bin/nucleo-l073rz/shell/shell.o
 .debug_line    0x0000cde3      0x972 /home/etudiant/riot/LabBook1/Lab4/bin/nucleo-l073rz/stdio_uart/stdio_uart.o
 .debug_line    0x0000d755      0x806 /home/etudiant/riot/LabBook1/Lab4/bin/nucleo-l073rz/stm32_clk/stmclk_common.o
 .debug_line    0x0000df5b      0x804 /home/etudiant/riot/LabBook1/Lab4/bin/nucleo-l073rz/stm32_clk/stmclk_l0l1.o
 .debug_line    0x0000e75f      0x385 /home/etudiant/riot/LabBook1/Lab4/bin/nucleo-l073rz/stm32_vectors/STM32L073xx.o
 .debug_line    0x0000eae4      0x5b1 /home/etudiant/riot/LabBook1/Lab4/bin/nucleo-l073rz/tsrb/tsrb.o

.debug_str      0x00000000    0x4c638
 .debug_str     0x00000000    0x47068 /home/etudiant/riot/LabBook1/Lab4/bin/nucleo-l073rz/application_Lab2/main.o
                              0x4749e (size before relaxing)
 .debug_str     0x00047068      0x506 /home/etudiant/riot/LabBook1/Lab4/bin/nucleo-l073rz/auto_init/auto_init.o
                               0x8067 (size before relaxing)
 .debug_str     0x0004756e      0x117 /home/etudiant/riot/LabBook1/Lab4/bin/nucleo-l073rz/boards_common_nucleo/board_common_nucleo_init.o
                              0x4736d (size before relaxing)
 .debug_str     0x00047685      0x36b /home/etudiant/riot/LabBook1/Lab4/bin/nucleo-l073rz/core/bitarithm.o
                              0x43fd1 (size before relaxing)
 .debug_str     0x000479f0      0x734 /home/etudiant/riot/LabBook1/Lab4/bin/nucleo-l073rz/core/init.o
                              0x46c94 (size before relaxing)
 .debug_str     0x00048124      0x1e7 /home/etudiant/riot/LabBook1/Lab4/bin/nucleo-l073rz/core/mutex.o
                              0x45ec7 (size before relaxing)
 .debug_str     0x0004830b      0x18b /home/etudiant/riot/LabBook1/Lab4/bin/nucleo-l073rz/core/panic.o
                              0x466d7 (size before relaxing)
 .debug_str     0x00048496      0x20a /home/etudiant/riot/LabBook1/Lab4/bin/nucleo-l073rz/core/sched.o
                              0x46364 (size before relaxing)
 .debug_str     0x000486a0      0x1b3 /home/etudiant/riot/LabBook1/Lab4/bin/nucleo-l073rz/core/thread.o
                              0x46735 (size before relaxing)
 .debug_str     0x00048853      0x346 /home/etudiant/riot/LabBook1/Lab4/bin/nucleo-l073rz/cortexm_common/cortexm_init.o
                              0x45f24 (size before relaxing)
 .debug_str     0x00048b99       0x6f /home/etudiant/riot/LabBook1/Lab4/bin/nucleo-l073rz/cortexm_common/panic.o
                              0x45db1 (size before relaxing)
 .debug_str     0x00048c08       0xc7 /home/etudiant/riot/LabBook1/Lab4/bin/nucleo-l073rz/cortexm_common_periph/pm.o
                              0x46487 (size before relaxing)
 .debug_str     0x00048ccf      0x1b9 /home/etudiant/riot/LabBook1/Lab4/bin/nucleo-l073rz/cortexm_common/thread_arch.o
                              0x45feb (size before relaxing)
 .debug_str     0x00048e88      0x399 /home/etudiant/riot/LabBook1/Lab4/bin/nucleo-l073rz/cortexm_common/vectors_cortexm.o
                              0x47767 (size before relaxing)
 .debug_str     0x00049221      0x186 /home/etudiant/riot/LabBook1/Lab4/bin/nucleo-l073rz/cpu/cpu_common.o
                              0x46e10 (size before relaxing)
 .debug_str     0x000493a7     0x1093 /home/etudiant/riot/LabBook1/Lab4/bin/nucleo-l073rz/cpu/cpu_init.o
                              0x4833a (size before relaxing)
 .debug_str     0x0004a43a      0x1bb /home/etudiant/riot/LabBook1/Lab4/bin/nucleo-l073rz/isrpipe/isrpipe.o
                              0x40db6 (size before relaxing)