Archive member included to satisfy reference by file (symbol)

/usr/bin/../lib/gcc/arm-none-eabi/7.3.1/thumb/v6-m/libgcc.a(_thumb1_case_uqi.o)
                              /home/etudiant/riot/LabBook1/Lab7/bin/nucleo-l073rz/cpu/cpu_common.o (__gnu_thumb1_case_uqi)
/usr/bin/../lib/gcc/arm-none-eabi/7.3.1/thumb/v6-m/libgcc.a(_udivsi3.o)
                              /home/etudiant/riot/LabBook1/Lab7/bin/nucleo-l073rz/periph_common/rtc.o (__aeabi_uidiv)
/usr/bin/../lib/gcc/arm-none-eabi/7.3.1/thumb/v6-m/libgcc.a(_divsi3.o)
                              /home/etudiant/riot/LabBook1/Lab7/bin/nucleo-l073rz/periph_common/rtc.o (__aeabi_idivmod)
/usr/bin/../lib/gcc/arm-none-eabi/7.3.1/thumb/v6-m/libgcc.a(_dvmd_tls.o)
                              /usr/bin/../lib/gcc/arm-none-eabi/7.3.1/thumb/v6-m/libgcc.a(_udivsi3.o) (__aeabi_idiv0)
/usr/bin/../lib/gcc/arm-none-eabi/7.3.1/thumb/v6-m/libgcc.a(_muldi3.o)
                              /home/etudiant/riot/LabBook1/Lab7/bin/nucleo-l073rz/div/div.o (__aeabi_lmul)
/usr/bin/../lib/gcc/arm-none-eabi/7.3.1/../../../../arm-none-eabi/lib/thumb/v6-m/libc_nano.a(lib_a-atoi.o)
                              /home/etudiant/riot/LabBook1/Lab7/bin/nucleo-l073rz/shell_commands/sc_pm.o (atoi)
/usr/bin/../lib/gcc/arm-none-eabi/7.3.1/../../../../arm-none-eabi/lib/thumb/v6-m/libc_nano.a(lib_a-div.o)
                              /home/etudiant/riot/LabBook1/Lab7/bin/nucleo-l073rz/periph_common/rtc.o (div)
/usr/bin/../lib/gcc/arm-none-eabi/7.3.1/../../../../arm-none-eabi/lib/thumb/v6-m/libc_nano.a(lib_a-errno.o)
                              /home/etudiant/riot/LabBook1/Lab7/bin/nucleo-l073rz/newlib_syscalls_default/syscalls.o (__errno)
/usr/bin/../lib/gcc/arm-none-eabi/7.3.1/../../../../arm-none-eabi/lib/thumb/v6-m/libc_nano.a(lib_a-fflush.o)
                              /home/etudiant/riot/LabBook1/Lab7/bin/nucleo-l073rz/shell_commands/sc_pm.o (fflush)
/usr/bin/../lib/gcc/arm-none-eabi/7.3.1/../../../../arm-none-eabi/lib/thumb/v6-m/libc_nano.a(lib_a-findfp.o)
                              /usr/bin/../lib/gcc/arm-none-eabi/7.3.1/../../../../arm-none-eabi/lib/thumb/v6-m/libc_nano.a(lib_a-fflush.o) (__sinit)
/usr/bin/../lib/gcc/arm-none-eabi/7.3.1/../../../../arm-none-eabi/lib/thumb/v6-m/libc_nano.a(lib_a-fwalk.o)
                              /usr/bin/../lib/gcc/arm-none-eabi/7.3.1/../../../../arm-none-eabi/lib/thumb/v6-m/libc_nano.a(lib_a-findfp.o) (_fwalk)
/usr/bin/../lib/gcc/arm-none-eabi/7.3.1/../../../../arm-none-eabi/lib/thumb/v6-m/libc_nano.a(lib_a-getchar.o)
                              /home/etudiant/riot/LabBook1/Lab7/bin/nucleo-l073rz/shell/shell.o (getchar)
/usr/bin/../lib/gcc/arm-none-eabi/7.3.1/../../../../arm-none-eabi/lib/thumb/v6-m/libc_nano.a(lib_a-impure.o)
                              /usr/bin/../lib/gcc/arm-none-eabi/7.3.1/../../../../arm-none-eabi/lib/thumb/v6-m/libc_nano.a(lib_a-fflush.o) (_global_impure_ptr)
/usr/bin/../lib/gcc/arm-none-eabi/7.3.1/../../../../arm-none-eabi/lib/thumb/v6-m/libc_nano.a(lib_a-init.o)
                              /home/etudiant/riot/LabBook1/Lab7/bin/nucleo-l073rz/cortexm_common/vectors_cortexm.o (__libc_init_array)
/usr/bin/../lib/gcc/arm-none-eabi/7.3.1/../../../../arm-none-eabi/lib/thumb/v6-m/libc_nano.a(lib_a-memcmp.o)
                              /home/etudiant/riot/LabBook1/Lab7/bin/nucleo-l073rz/core/atomic_c11.o (memcmp)
/usr/bin/../lib/gcc/arm-none-eabi/7.3.1/../../../../arm-none-eabi/lib/thumb/v6-m/libc_nano.a(lib_a-memcpy-stub.o)
                              /home/etudiant/riot/LabBook1/Lab7/bin/nucleo-l073rz/core/atomic_c11.o (memcpy)
/usr/bin/../lib/gcc/arm-none-eabi/7.3.1/../../../../arm-none-eabi/lib/thumb/v6-m/libc_nano.a(lib_a-memset.o)
                              /home/etudiant/riot/LabBook1/Lab7/bin/nucleo-l073rz/periph_common/rtc.o (memset)
/usr/bin/../lib/gcc/arm-none-eabi/7.3.1/../../../../arm-none-eabi/lib/thumb/v6-m/libc_nano.a(lib_a-mstats.o)
                              /home/etudiant/riot/LabBook1/Lab7/bin/nucleo-l073rz/newlib_syscalls_default/syscalls.o (mallinfo)
/usr/bin/../lib/gcc/arm-none-eabi/7.3.1/../../../../arm-none-eabi/lib/thumb/v6-m/libc_nano.a(lib_a-nano-freer.o)
                              /usr/bin/../lib/gcc/arm-none-eabi/7.3.1/../../../../arm-none-eabi/lib/thumb/v6-m/libc_nano.a(lib_a-fflush.o) (_free_r)
/usr/bin/../lib/gcc/arm-none-eabi/7.3.1/../../../../arm-none-eabi/lib/thumb/v6-m/libc_nano.a(lib_a-nano-mallinfor.o)
                              /usr/bin/../lib/gcc/arm-none-eabi/7.3.1/../../../../arm-none-eabi/lib/thumb/v6-m/libc_nano.a(lib_a-mstats.o) (_mallinfo_r)
/usr/bin/../lib/gcc/arm-none-eabi/7.3.1/../../../../arm-none-eabi/lib/thumb/v6-m/libc_nano.a(lib_a-nano-mallocr.o)
                              /usr/bin/../lib/gcc/arm-none-eabi/7.3.1/../../../../arm-none-eabi/lib/thumb/v6-m/libc_nano.a(lib_a-findfp.o) (_malloc_r)
/usr/bin/../lib/gcc/arm-none-eabi/7.3.1/../../../../arm-none-eabi/lib/thumb/v6-m/libc_nano.a(lib_a-nano-malloptr.o)
[...]
Memory Configuration

Name             Origin             Length             Attributes
ccmram           0x10000000         0x00000000
rom              0x08000000         0x00030000         xr
ram              0x20000000         0x00005000         w !xr
bkup-ram         0x00000000         0x00000000         w !xr
*default*        0x00000000         0xffffffff

Linker script and memory map

LOAD /home/etudiant/riot/LabBook1/Lab7/bin/nucleo-l073rz/application_Lab2/main.o
LOAD /home/etudiant/riot/LabBook1/Lab7/bin/nucleo-l073rz/auto_init/auto_init.o
LOAD /home/etudiant/riot/LabBook1/Lab7/bin/nucleo-l073rz/boards_common_nucleo/board_common_nucleo_init.o
LOAD /home/etudiant/riot/LabBook1/Lab7/bin/nucleo-l073rz/core/assert.o
LOAD /home/etudiant/riot/LabBook1/Lab7/bin/nucleo-l073rz/core/atomic_c11.o
LOAD /home/etudiant/riot/LabBook1/Lab7/bin/nucleo-l073rz/core/atomic_sync.o
LOAD /home/etudiant/riot/LabBook1/Lab7/bin/nucleo-l073rz/core/bitarithm.o
LOAD /home/etudiant/riot/LabBook1/Lab7/bin/nucleo-l073rz/core/clist.o
LOAD /home/etudiant/riot/LabBook1/Lab7/bin/nucleo-l073rz/core/cond.o
LOAD /home/etudiant/riot/LabBook1/Lab7/bin/nucleo-l073rz/core/init.o
LOAD /home/etudiant/riot/LabBook1/Lab7/bin/nucleo-l073rz/core/lifo.o
LOAD /home/etudiant/riot/LabBook1/Lab7/bin/nucleo-l073rz/core/msg.o
LOAD /home/etudiant/riot/LabBook1/Lab7/bin/nucleo-l073rz/core/mutex.o
LOAD /home/etudiant/riot/LabBook1/Lab7/bin/nucleo-l073rz/core/panic.o
LOAD /home/etudiant/riot/LabBook1/Lab7/bin/nucleo-l073rz/core/priority_queue.o
LOAD /home/etudiant/riot/LabBook1/Lab7/bin/nucleo-l073rz/core/ringbuffer.o
LOAD /home/etudiant/riot/LabBook1/Lab7/bin/nucleo-l073rz/core/rmutex.o
LOAD /home/etudiant/riot/LabBook1/Lab7/bin/nucleo-l073rz/core/sched.o
LOAD /home/etudiant/riot/LabBook1/Lab7/bin/nucleo-l073rz/core/thread.o
LOAD /home/etudiant/riot/LabBook1/Lab7/bin/nucleo-l073rz/cortexm_common/cortexm_init.o
LOAD /home/etudiant/riot/LabBook1/Lab7/bin/nucleo-l073rz/cortexm_common/mpu.o
LOAD /home/etudiant/riot/LabBook1/Lab7/bin/nucleo-l073rz/cortexm_common/panic.o
LOAD /home/etudiant/riot/LabBook1/Lab7/bin/nucleo-l073rz/cortexm_common_periph/pm.o
LOAD /home/etudiant/riot/LabBook1/Lab7/bin/nucleo-l073rz/cortexm_common/thread_arch.o
LOAD /home/etudiant/riot/LabBook1/Lab7/bin/nucleo-l073rz/cortexm_common/vectors_cortexm.o
LOAD /home/etudiant/riot/LabBook1/Lab7/bin/nucleo-l073rz/cpu/cpu_common.o
LOAD /home/etudiant/riot/LabBook1/Lab7/bin/nucleo-l073rz/cpu/cpu_init.o
LOAD /home/etudiant/riot/LabBook1/Lab7/bin/nucleo-l073rz/div/div.o
LOAD /home/etudiant/riot/LabBook1/Lab7/bin/nucleo-l073rz/isrpipe/isrpipe.o
LOAD /home/etudiant/riot/LabBook1/Lab7/bin/nucleo-l073rz/newlib_syscalls_default/syscalls.o
LOAD /home/etudiant/riot/LabBook1/Lab7/bin/nucleo-l073rz/periph_common/cpuid.o
LOAD /home/etudiant/riot/LabBook1/Lab7/bin/nucleo-l073rz/periph_common/eeprom.o
LOAD /home/etudiant/riot/LabBook1/Lab7/bin/nucleo-l073rz/periph_common/flashpage.o
LOAD /home/etudiant/riot/LabBook1/Lab7/bin/nucleo-l073rz/periph_common/gpio_util.o
LOAD /home/etudiant/riot/LabBook1/Lab7/bin/nucleo-l073rz/periph_common/i2c.o
LOAD /home/etudiant/riot/LabBook1/Lab7/bin/nucleo-l073rz/periph_common/init.o
LOAD /home/etudiant/riot/LabBook1/Lab7/bin/nucleo-l073rz/periph_common/pm.o
LOAD /home/etudiant/riot/LabBook1/Lab7/bin/nucleo-l073rz/periph_common/rtc.o
LOAD /home/etudiant/riot/LabBook1/Lab7/bin/nucleo-l073rz/periph_common/spi.o
LOAD /home/etudiant/riot/LabBook1/Lab7/bin/nucleo-l073rz/periph_common/timer.o
LOAD /home/etudiant/riot/LabBook1/Lab7/bin/nucleo-l073rz/periph/gpio_all.o
LOAD /home/etudiant/riot/LabBook1/Lab7/bin/nucleo-l073rz/periph/pm.o
LOAD /home/etudiant/riot/LabBook1/Lab7/bin/nucleo-l073rz/periph/timer.o
LOAD /home/etudiant/riot/LabBook1/Lab7/bin/nucleo-l073rz/periph/uart.o
LOAD /home/etudiant/riot/LabBook1/Lab7/bin/nucleo-l073rz/pm_layered/pm.o
LOAD /home/etudiant/riot/LabBook1/Lab7/bin/nucleo-l073rz/ps/ps.o
LOAD /home/etudiant/riot/LabBook1/Lab7/bin/nucleo-l073rz/shell_commands/sc_pm.o
LOAD /home/etudiant/riot/LabBook1/Lab7/bin/nucleo-l073rz/shell_commands/sc_ps.o
LOAD /home/etudiant/riot/LabBook1/Lab7/bin/nucleo-l073rz/shell_commands/sc_sys.o
LOAD /home/etudiant/riot/LabBook1/Lab7/bin/nucleo-l073rz/shell_commands/shell_commands.o
LOAD /home/etudiant/riot/LabBook1/Lab7/bin/nucleo-l073rz/shell/shell.o
LOAD /home/etudiant/riot/LabBook1/Lab7/bin/nucleo-l073rz/stdio_uart/stdio_uart.o
LOAD /home/etudiant/riot/LabBook1/Lab7/bin/nucleo-l073rz/stm32_clk/stmclk_common.o
LOAD /home/etudiant/riot/LabBook1/Lab7/bin/nucleo-l073rz/stm32_clk/stmclk_l0l1.o
LOAD /home/etudiant/riot/LabBook1/Lab7/bin/nucleo-l073rz/stm32_vectors/STM32L073xx.o
LOAD /home/etudiant/riot/LabBook1/Lab7/bin/nucleo-l073rz/tsrb/tsrb.o
LOAD /home/etudiant/riot/LabBook1/Lab7/bin/nucleo-l073rz/xtimer/xtimer_core.o
LOAD /home/etudiant/riot/LabBook1/Lab7/bin/nucleo-l073rz/xtimer/xtimer.o
LOAD /usr/bin/../lib/gcc/arm-none-eabi/7.3.1/../../../../arm-none-eabi/lib/thumb/v6-m/libm.a
LOAD /usr/bin/../lib/gcc/arm-none-eabi/7.3.1/thumb/v6-m/libgcc.a
                0x08000000                _rom_start_addr = 0x8000000
                0x20000000                _ram_start_addr = 0x20000000
                0x00030000                _rom_length = 0x30000
                0x00005000                _ram_length = 0x5000
LOAD /usr/bin/../lib/gcc/arm-none-eabi/7.3.1/../../../../arm-none-eabi/lib/thumb/v6-m/libc_nano.a
START GROUP
LOAD /usr/bin/../lib/gcc/arm-none-eabi/7.3.1/thumb/v6-m/libgcc.a
LOAD /usr/bin/../lib/gcc/arm-none-eabi/7.3.1/../../../../arm-none-eabi/lib/thumb/v6-m/libg_nano.a
LOAD /usr/bin/../lib/gcc/arm-none-eabi/7.3.1/../../../../arm-none-eabi/lib/thumb/v6-m/libc_nano.a
END GROUP
START GROUP
LOAD /usr/bin/../lib/gcc/arm-none-eabi/7.3.1/thumb/v6-m/libgcc.a
LOAD /usr/bin/../lib/gcc/arm-none-eabi/7.3.1/../../../../arm-none-eabi/lib/thumb/v6-m/libc_nano.a
END GROUP
                0x00000000                ccmram_length = DEFINED (ccmram_len)?ccmram_len:0x0
                0x00000000                _rom_offset = DEFINED (_rom_offset)?_rom_offset:0x0
                0x00030000                _fw_rom_length = DEFINED (_fw_rom_length)?_fw_rom_length:(_rom_length - _rom_offset)
                0x00000001                ASSERT ((_fw_rom_length <= (_rom_length - _rom_offset)), Specified firmware size does not fit in ROM)
                0x00000000                _backup_ram_start_addr = DEFINED (_backup_ram_start_addr)?_backup_ram_start_addr:0x0
                0x00000000                _backup_ram_len = DEFINED (_backup_ram_len)?_backup_ram_len:0x0

.text           0x08000000     0x3b50
                0x08000000                . = ALIGN (0x4)
                0x08000000                _sfixed = .
                0x08000000                _isr_vectors = DEFINED (_isr_vectors)?_isr_vectors:.
 *(SORT_BY_NAME(.vectors*))
 .vectors.0     0x08000000       0x40 /home/etudiant/riot/LabBook1/Lab7/bin/nucleo-l073rz/cortexm_common/vectors_cortexm.o
                0x08000000                cortex_vector_base
 .vectors.1     0x08000040       0x80 /home/etudiant/riot/LabBook1/Lab7/bin/nucleo-l073rz/stm32_vectors/STM32L073xx.o
                0x08000040                vector_cpu
 *(.text .text.* .gnu.linkonce.t.*)
 .text._bp_callback
                0x080000c0       0x24 /home/etudiant/riot/LabBook1/Lab7/bin/nucleo-l073rz/application_Lab2/main.o
                0x080000c0                _bp_callback
 .text._led_toggle_handler
                0x080000e4       0x20 /home/etudiant/riot/LabBook1/Lab7/bin/nucleo-l073rz/application_Lab2/main.o
                0x080000e4                _led_toggle_handler
 .text.startup.main
                0x08000104       0x70 /home/etudiant/riot/LabBook1/Lab7/bin/nucleo-l073rz/application_Lab2/main.o
                0x08000104                main
 .text.auto_init
                0x08000174        0x8 /home/etudiant/riot/LabBook1/Lab7/bin/nucleo-l073rz/auto_init/auto_init.o
                0x08000174                auto_init
 .text.board_init
                0x0800017c        0x8 /home/etudiant/riot/LabBook1/Lab7/bin/nucleo-l073rz/boards_common_nucleo/board_common_nucleo_init.o
                0x0800017c                board_init
 .text.main_trampoline
                0x08000184       0x18 /home/etudiant/riot/LabBook1/Lab7/bin/nucleo-l073rz/core/init.o
 .text.kernel_init
                0x0800019c       0x34 /home/etudiant/riot/LabBook1/Lab7/bin/nucleo-l073rz/core/init.o
                0x0800019c                kernel_init
 .text._msg_receive
                0x080001d0       0xe4 /home/etudiant/riot/LabBook1/Lab7/bin/nucleo-l073rz/core/msg.o
 .text.queue_msg
                0x080002b4       0x28 /home/etudiant/riot/LabBook1/Lab7/bin/nucleo-l073rz/core/msg.o
 .text._msg_send_oneway
                0x080002dc       0x40 /home/etudiant/riot/LabBook1/Lab7/bin/nucleo-l073rz/core/msg.o
 .text._msg_send
                0x0800031c       0xa0 /home/etudiant/riot/LabBook1/Lab7/bin/nucleo-l073rz/core/msg.o
 .text.msg_send_to_self
                0x080003bc       0x28 /home/etudiant/riot/LabBook1/Lab7/bin/nucleo-l073rz/core/msg.o
                0x080003bc                msg_send_to_self
 .text.msg_send_int
                0x080003e4        0xc /home/etudiant/riot/LabBook1/Lab7/bin/nucleo-l073rz/core/msg.o
                0x080003e4                msg_send_int
 .text.msg_try_send
                0x080003f0       0x34 /home/etudiant/riot/LabBook1/Lab7/bin/nucleo-l073rz/core/msg.o
                0x080003f0                msg_try_send
 .text.msg_receive
                0x08000424        0xa /home/etudiant/riot/LabBook1/Lab7/bin/nucleo-l073rz/core/msg.o
                0x08000424                msg_receive
 *fill*         0x0800042e        0x2 
 .text.msg_init_queue
                0x08000430       0x28 /home/etudiant/riot/LabBook1/Lab7/bin/nucleo-l073rz/core/msg.o
                0x08000430                msg_init_queue
 .text._mutex_lock
                0x08000458       0x60 /home/etudiant/riot/LabBook1/Lab7/bin/nucleo-l073rz/core/mutex.o
                0x08000458                _mutex_lock
 .text.mutex_unlock
                0x080004b8       0x44 /home/etudiant/riot/LabBook1/Lab7/bin/nucleo-l073rz/core/mutex.o
                0x080004b8                mutex_unlock
 .text.panic_app
                0x080004fc        0x2 /home/etudiant/riot/LabBook1/Lab7/bin/nucleo-l073rz/core/panic.o
                0x080004fc                panic_app
 *fill*         0x080004fe        0x2 
 .text.core_panic
                0x08000500       0x60 /home/etudiant/riot/LabBook1/Lab7/bin/nucleo-l073rz/core/panic.o
                0x08000500                core_panic
 .text.sched_run
                0x08000560       0x88 /home/etudiant/riot/LabBook1/Lab7/bin/nucleo-l073rz/core/sched.o
                0x08000560                sched_run
 .text.sched_set_status
                0x080005e8       0x7c /home/etudiant/riot/LabBook1/Lab7/bin/nucleo-l073rz/core/sched.o
                0x080005e8                sched_set_status
 .text.sched_switch
                0x08000664       0x34 /home/etudiant/riot/LabBook1/Lab7/bin/nucleo-l073rz/core/sched.o
                0x08000664                sched_switch
 .text.sched_task_exit
                0x08000698       0x40 /home/etudiant/riot/LabBook1/Lab7/bin/nucleo-l073rz/core/sched.o
                0x08000698                sched_task_exit
 .text.thread_getname
                0x080006d8       0x20 /home/etudiant/riot/LabBook1/Lab7/bin/nucleo-l073rz/core/thread.o
                0x080006d8                thread_getname
 .text.thread_add_to_list
                0x080006f8       0x34 /home/etudiant/riot/LabBook1/Lab7/bin/nucleo-l073rz/core/thread.o
                0x080006f8                thread_add_to_list
 .text.thread_measure_stack_free
                0x0800072c       0x10 /home/etudiant/riot/LabBook1/Lab7/bin/nucleo-l073rz/core/thread.o
                0x0800072c                thread_measure_stack_free
 .text.thread_create
                0x0800073c       0xe4 /home/etudiant/riot/LabBook1/Lab7/bin/nucleo-l073rz/core/thread.o
                0x0800073c                thread_create
 .text.cortexm_init
                0x08000820       0x78 /home/etudiant/riot/LabBook1/Lab7/bin/nucleo-l073rz/cortexm_common/cortexm_init.o
                0x08000820                cortexm_init
 .text.panic_arch
                0x08000898       0x1c /home/etudiant/riot/LabBook1/Lab7/bin/nucleo-l073rz/cortexm_common/panic.o
                0x08000898                panic_arch
 .text.pm_reboot
                0x080008b4       0x1c /home/etudiant/riot/LabBook1/Lab7/bin/nucleo-l073rz/cortexm_common_periph/pm.o
                0x080008b4                pm_reboot
 .text.thread_stack_init
                0x080008d0       0x90 /home/etudiant/riot/LabBook1/Lab7/bin/nucleo-l073rz/cortexm_common/thread_arch.o
                0x080008d0                thread_stack_init
 .text.thread_isr_stack_usage
                0x08000960       0x24 /home/etudiant/riot/LabBook1/Lab7/bin/nucleo-l073rz/cortexm_common/thread_arch.o
                0x08000960                thread_isr_stack_usage
 .text.thread_isr_stack_pointer
                0x08000984        0x6 /home/etudiant/riot/LabBook1/Lab7/bin/nucleo-l073rz/cortexm_common/thread_arch.o
                0x08000984                thread_isr_stack_pointer
 *fill*         0x0800098a        0x2 
 .text.thread_isr_stack_start
                0x0800098c        0x8 /home/etudiant/riot/LabBook1/Lab7/bin/nucleo-l073rz/cortexm_common/thread_arch.o
                0x0800098c                thread_isr_stack_start
 .text.cpu_switch_context_exit
                0x08000994        0x8 /home/etudiant/riot/LabBook1/Lab7/bin/nucleo-l073rz/cortexm_common/thread_arch.o
                0x08000994                cpu_switch_context_exit
 .text.thread_yield_higher
                0x0800099c       0x14 /home/etudiant/riot/LabBook1/Lab7/bin/nucleo-l073rz/cortexm_common/thread_arch.o
                0x0800099c                thread_yield_higher
 .text.isr_pendsv
                0x080009b0       0x58 /home/etudiant/riot/LabBook1/Lab7/bin/nucleo-l073rz/cortexm_common/thread_arch.o
                0x080009b0                isr_pendsv
 .text.isr_svc  0x08000a08       0x10 /home/etudiant/riot/LabBook1/Lab7/bin/nucleo-l073rz/cortexm_common/thread_arch.o
                0x08000a08                isr_svc
 .text.sched_arch_idle
                0x08000a18       0x10 /home/etudiant/riot/LabBook1/Lab7/bin/nucleo-l073rz/cortexm_common/thread_arch.o
                0x08000a18                sched_arch_idle
 .text.hard_fault_default
                0x08000a28       0x50 /home/etudiant/riot/LabBook1/Lab7/bin/nucleo-l073rz/cortexm_common/vectors_cortexm.o
                0x08000a28                hard_fault_default
 .text.nmi_default
                0x08000a78       0x10 /home/etudiant/riot/LabBook1/Lab7/bin/nucleo-l073rz/cortexm_common/vectors_cortexm.o
                0x08000a78                nmi_default
 .text.dummy_handler_default
                0x08000a88       0x10 /home/etudiant/riot/LabBook1/Lab7/bin/nucleo-l073rz/cortexm_common/vectors_cortexm.o
                0x08000a88                dummy_handler_default
                0x08000a88                isr_systick
 .text.pre_startup
                0x08000a98        0x2 /home/etudiant/riot/LabBook1/Lab7/bin/nucleo-l073rz/cortexm_common/vectors_cortexm.o
                0x08000a98                pre_startup
 .text.post_startup
                0x08000a9a        0x2 /home/etudiant/riot/LabBook1/Lab7/bin/nucleo-l073rz/cortexm_common/vectors_cortexm.o
                0x08000a9a                post_startup
 .text.reset_handler_default
                0x08000a9c       0x68 /home/etudiant/riot/LabBook1/Lab7/bin/nucleo-l073rz/cortexm_common/vectors_cortexm.o
                0x08000a9c                reset_handler_default
 .text.hard_fault_handler
                0x08000b04      0x14c /home/etudiant/riot/LabBook1/Lab7/bin/nucleo-l073rz/cortexm_common/vectors_cortexm.o
                0x08000b04                hard_fault_handler
 .text.periph_apb_clk
                0x08000c50        0x8 /home/etudiant/riot/LabBook1/Lab7/bin/nucleo-l073rz/cpu/cpu_common.o
                0x08000c50                periph_apb_clk
 .text.periph_timer_clk
                0x08000c58       0x14 /home/etudiant/riot/LabBook1/Lab7/bin/nucleo-l073rz/cpu/cpu_common.o
                0x08000c58                periph_timer_clk
 .text.periph_clk_en
                0x08000c6c       0x38 /home/etudiant/riot/LabBook1/Lab7/bin/nucleo-l073rz/cpu/cpu_common.o
                0x08000c6c                periph_clk_en
 .text.cpu_init
                0x08000ca4       0x1e /home/etudiant/riot/LabBook1/Lab7/bin/nucleo-l073rz/cpu/cpu_init.o
                0x08000ca4                cpu_init
 .text.isrpipe_write_one
                0x08000cc2       0x16 /home/etudiant/riot/LabBook1/Lab7/bin/nucleo-l073rz/isrpipe/isrpipe.o
                0x08000cc2                isrpipe_write_one
 .text.isrpipe_read
                0x08000cd8       0x2a /home/etudiant/riot/LabBook1/Lab7/bin/nucleo-l073rz/isrpipe/isrpipe.o
                0x08000cd8                isrpipe_read
 .text._init    0x08000d02        0x2 /home/etudiant/riot/LabBook1/Lab7/bin/nucleo-l073rz/newlib_syscalls_default/syscalls.o
                0x08000d02                _init
 .text._fini    0x08000d04        0x2 /home/etudiant/riot/LabBook1/Lab7/bin/nucleo-l073rz/newlib_syscalls_default/syscalls.o
                0x08000d04                _fini
 *fill*         0x08000d06        0x2 
 .text._sbrk_r  0x08000d08       0x3c /home/etudiant/riot/LabBook1/Lab7/bin/nucleo-l073rz/newlib_syscalls_default/syscalls.o
                0x08000d08                _sbrk_r
 .text._read_r  0x08000d44        0xc /home/etudiant/riot/LabBook1/Lab7/bin/nucleo-l073rz/newlib_syscalls_default/syscalls.o
                0x08000d44                _read_r
 .text._write_r
                0x08000d50        0xc /home/etudiant/riot/LabBook1/Lab7/bin/nucleo-l073rz/newlib_syscalls_default/syscalls.o
                0x08000d50                _write_r
 .text._close_r
                0x08000d5c        0xa /home/etudiant/riot/LabBook1/Lab7/bin/nucleo-l073rz/newlib_syscalls_default/syscalls.o
                0x08000d5c                _close_r
 .text._lseek_r
                0x08000d66        0xa /home/etudiant/riot/LabBook1/Lab7/bin/nucleo-l073rz/newlib_syscalls_default/syscalls.o
                0x08000d66                _lseek_r
 .text._fstat_r
                0x08000d70        0xa /home/etudiant/riot/LabBook1/Lab7/bin/nucleo-l073rz/newlib_syscalls_default/syscalls.o
                0x08000d70                _fstat_r
 .text._isatty_r
                0x08000d7a        0xe /home/etudiant/riot/LabBook1/Lab7/bin/nucleo-l073rz/newlib_syscalls_default/syscalls.o
                0x08000d7a                _isatty_r
 .text.periph_init
                0x08000d88        0x2 /home/etudiant/riot/LabBook1/Lab7/bin/nucleo-l073rz/periph_common/init.o
                0x08000d88                periph_init
 .text.gpio_init
                0x08000d8a       0x70 /home/etudiant/riot/LabBook1/Lab7/bin/nucleo-l073rz/periph/gpio_all.o
                0x08000d8a                gpio_init
 .text.gpio_init_af
                0x08000dfa       0x52 /home/etudiant/riot/LabBook1/Lab7/bin/nucleo-l073rz/periph/gpio_all.o
                0x08000dfa                gpio_init_af
 .text.gpio_read
                0x08000e4c       0x14 /home/etudiant/riot/LabBook1/Lab7/bin/nucleo-l073rz/periph/gpio_all.o
                0x08000e4c                gpio_read
 .text.gpio_set
                0x08000e60       0x10 /home/etudiant/riot/LabBook1/Lab7/bin/nucleo-l073rz/periph/gpio_all.o
                0x08000e60                gpio_set
 .text.gpio_clear
                0x08000e70       0x12 /home/etudiant/riot/LabBook1/Lab7/bin/nucleo-l073rz/periph/gpio_all.o
                0x08000e70                gpio_clear
 .text.gpio_toggle
                0x08000e82       0x1c /home/etudiant/riot/LabBook1/Lab7/bin/nucleo-l073rz/periph/gpio_all.o
                0x08000e82                gpio_toggle
 *fill*         0x08000e9e        0x2 
 .text.gpio_init_int
                0x08000ea0       0xac /home/etudiant/riot/LabBook1/Lab7/bin/nucleo-l073rz/periph/gpio_all.o
                0x08000ea0                gpio_init_int
 .text.isr_exti
                0x08000f4c       0x50 /home/etudiant/riot/LabBook1/Lab7/bin/nucleo-l073rz/periph/gpio_all.o
                0x08000f4c                isr_exti
 .text.pm_set   0x08000f9c       0x7c /home/etudiant/riot/LabBook1/Lab7/bin/nucleo-l073rz/periph/pm.o
                0x08000f9c                pm_set
 .text.pm_off   0x08001018       0x10 /home/etudiant/riot/LabBook1/Lab7/bin/nucleo-l073rz/periph/pm.o
                0x08001018                pm_off
 .text.timer_set_absolute
                0x08001028       0x34 /home/etudiant/riot/LabBook1/Lab7/bin/nucleo-l073rz/periph/timer.o
                0x08001028                timer_set_absolute
 .text.timer_read
                0x0800105c       0x10 /home/etudiant/riot/LabBook1/Lab7/bin/nucleo-l073rz/periph/timer.o
                0x0800105c                timer_read
 .text.timer_start
                0x0800106c       0x14 /home/etudiant/riot/LabBook1/Lab7/bin/nucleo-l073rz/periph/timer.o
                0x0800106c                timer_start
 .text.timer_init
                0x08001080       0x58 /home/etudiant/riot/LabBook1/Lab7/bin/nucleo-l073rz/periph/timer.o
                0x08001080                timer_init
 .text.isr_tim2
                0x080010d8       0x64 /home/etudiant/riot/LabBook1/Lab7/bin/nucleo-l073rz/periph/timer.o
                0x080010d8                isr_tim2
 .text.uart_enable_clock
                0x0800113c       0x30 /home/etudiant/riot/LabBook1/Lab7/bin/nucleo-l073rz/periph/uart.o
 .text.irq_handler
                0x0800116c       0x4c /home/etudiant/riot/LabBook1/Lab7/bin/nucleo-l073rz/periph/uart.o
 .text.uart_init
                0x080011b8       0xb4 /home/etudiant/riot/LabBook1/Lab7/bin/nucleo-l073rz/periph/uart.o
                0x080011b8                uart_init
 .text.uart_write
                0x0800126c       0x44 /home/etudiant/riot/LabBook1/Lab7/bin/nucleo-l073rz/periph/uart.o
                0x0800126c                uart_write
 .text.isr_usart2
                0x080012b0        0xa /home/etudiant/riot/LabBook1/Lab7/bin/nucleo-l073rz/periph/uart.o
                0x080012b0                isr_usart2
 .text.isr_usart1
                0x080012ba        0xa /home/etudiant/riot/LabBook1/Lab7/bin/nucleo-l073rz/periph/uart.o
                0x080012ba                isr_usart1
 .text.pm_set_lowest
                0x080012c4       0x3c /home/etudiant/riot/LabBook1/Lab7/bin/nucleo-l073rz/pm_layered/pm.o
                0x080012c4                pm_set_lowest
 .text.pm_block
                0x08001300       0x2c /home/etudiant/riot/LabBook1/Lab7/bin/nucleo-l073rz/pm_layered/pm.o
                0x08001300                pm_block
 .text.pm_unblock
                0x0800132c       0x2c /home/etudiant/riot/LabBook1/Lab7/bin/nucleo-l073rz/pm_layered/pm.o
                0x0800132c                pm_unblock
 .text.pm_get_blocker
                0x08001358       0x14 /home/etudiant/riot/LabBook1/Lab7/bin/nucleo-l073rz/pm_layered/pm.o
                0x08001358                pm_get_blocker
 .text.ps       0x0800136c      0x100 /home/etudiant/riot/LabBook1/Lab7/bin/nucleo-l073rz/ps/ps.o
                0x0800136c                ps
 .text._print_usage
                0x0800146c       0x40 /home/etudiant/riot/LabBook1/Lab7/bin/nucleo-l073rz/shell_commands/sc_pm.o
 .text.parse_mode
                0x080014ac       0x20 /home/etudiant/riot/LabBook1/Lab7/bin/nucleo-l073rz/shell_commands/sc_pm.o
 .text._pm_handler
                0x080014cc      0x194 /home/etudiant/riot/LabBook1/Lab7/bin/nucleo-l073rz/shell_commands/sc_pm.o
                0x080014cc                _pm_handler
 .text._ps_handler
                0x08001660        0xa /home/etudiant/riot/LabBook1/Lab7/bin/nucleo-l073rz/shell_commands/sc_ps.o
                0x08001660                _ps_handler
 .text._reboot_handler
                0x0800166a        0xa /home/etudiant/riot/LabBook1/Lab7/bin/nucleo-l073rz/shell_commands/sc_sys.o
                0x0800166a                _reboot_handler
 .text._version_handler
                0x08001674       0x10 /home/etudiant/riot/LabBook1/Lab7/bin/nucleo-l073rz/shell_commands/sc_sys.o
                0x08001674                _version_handler
 .text.print_prompt
                0x08001684       0x20 /home/etudiant/riot/LabBook1/Lab7/bin/nucleo-l073rz/shell/shell.o
 .text.print_commands
                0x080016a4       0x1c /home/etudiant/riot/LabBook1/Lab7/bin/nucleo-l073rz/shell/shell.o
 .text.shell_run_once
                0x080016c0      0x238 /home/etudiant/riot/LabBook1/Lab7/bin/nucleo-l073rz/shell/shell.o
                0x080016c0                shell_run_once
 .text.stdio_init
                0x080018f8       0x1c /home/etudiant/riot/LabBook1/Lab7/bin/nucleo-l073rz/stdio_uart/stdio_uart.o
                0x080018f8                stdio_init
 .text.stdio_read
                0x08001914       0x14 /home/etudiant/riot/LabBook1/Lab7/bin/nucleo-l073rz/stdio_uart/stdio_uart.o
                0x08001914                stdio_read
 .text.stdio_write
                0x08001928       0x12 /home/etudiant/riot/LabBook1/Lab7/bin/nucleo-l073rz/stdio_uart/stdio_uart.o
                0x08001928                stdio_write
 *fill*         0x0800193a        0x2 
 .text.stmclk_enable_hsi
                0x0800193c       0x18 /home/etudiant/riot/LabBook1/Lab7/bin/nucleo-l073rz/stm32_clk/stmclk_common.o
                0x0800193c                stmclk_enable_hsi
 .text.stmclk_init_sysclk
                0x08001954       0x90 /home/etudiant/riot/LabBook1/Lab7/bin/nucleo-l073rz/stm32_clk/stmclk_l0l1.o
                0x08001954                stmclk_init_sysclk
 .text.dummy_handler
                0x080019e4        0x8 /home/etudiant/riot/LabBook1/Lab7/bin/nucleo-l073rz/stm32_vectors/STM32L073xx.o
                0x080019e4                isr_pvd
                0x080019e4                isr_i2c1
                0x080019e4                isr_tsc
                0x080019e4                isr_tim7
                0x080019e4                isr_i2c3
                0x080019e4                isr_rng_lpuart1
                0x080019e4                isr_dma1_channel4_5_6_7
                0x080019e4                isr_usart4_5
                0x080019e4                isr_tim22
                0x080019e4                isr_i2c2
                0x080019e4                isr_dma1_channel2_3
                0x080019e4                isr_spi2
                0x080019e4                isr_dma1_channel1
                0x080019e4                dummy_handler
                0x080019e4                isr_tim21
                0x080019e4                isr_spi1
                0x080019e4                isr_lptim1
                0x080019e4                isr_flash
                0x080019e4                isr_rtc
                0x080019e4                isr_usb
                0x080019e4                isr_adc1_comp
                0x080019e4                isr_tim6_dac
                0x080019e4                isr_lcd
                0x080019e4                isr_tim3
                0x080019e4                isr_rcc_crs
                0x080019e4                isr_wwdg
 .text._pop     0x080019ec       0x12 /home/etudiant/riot/LabBook1/Lab7/bin/nucleo-l073rz/tsrb/tsrb.o
 .text.tsrb_get
                0x080019fe       0x3e /home/etudiant/riot/LabBook1/Lab7/bin/nucleo-l073rz/tsrb/tsrb.o
                0x080019fe                tsrb_get
 .text.tsrb_add_one
                0x08001a3c       0x3c /home/etudiant/riot/LabBook1/Lab7/bin/nucleo-l073rz/tsrb/tsrb.o
                0x08001a3c                tsrb_add_one
 .text._add_timer_to_list
                0x08001a78       0x34 /home/etudiant/riot/LabBook1/Lab7/bin/nucleo-l073rz/xtimer/xtimer_core.o
 .text._remove_timer_from_list
                0x08001aac       0x18 /home/etudiant/riot/LabBook1/Lab7/bin/nucleo-l073rz/xtimer/xtimer_core.o
 .text._xtimer_now64
                0x08001ac4       0x34 /home/etudiant/riot/LabBook1/Lab7/bin/nucleo-l073rz/xtimer/xtimer_core.o
 .text._schedule_earliest_lltimer
                0x08001af8       0x4c /home/etudiant/riot/LabBook1/Lab7/bin/nucleo-l073rz/xtimer/xtimer_core.o
 .text._xtimer_now
                0x08001b44        0x8 /home/etudiant/riot/LabBook1/Lab7/bin/nucleo-l073rz/xtimer/xtimer_core.o
                0x08001b44                _xtimer_now
 .text.xtimer_init
                0x08001b4c       0x30 /home/etudiant/riot/LabBook1/Lab7/bin/nucleo-l073rz/xtimer/xtimer_core.o
                0x08001b4c                xtimer_init
 .text._periph_timer_callback
                0x08001b7c      0x110 /home/etudiant/riot/LabBook1/Lab7/bin/nucleo-l073rz/xtimer/xtimer_core.o
 .text          0x08001c8c       0x14 /usr/bin/../lib/gcc/arm-none-eabi/7.3.1/thumb/v6-m/libgcc.a(_thumb1_case_uqi.o)
                0x08001c8c                __gnu_thumb1_case_uqi
 .text          0x08001ca0      0x114 /usr/bin/../lib/gcc/arm-none-eabi/7.3.1/thumb/v6-m/libgcc.a(_udivsi3.o)
                0x08001ca0                __udivsi3
                0x08001ca0                __aeabi_uidiv
                0x08001dac                __aeabi_uidivmod
 .text          0x08001db4        0x4 /usr/bin/../lib/gcc/arm-none-eabi/7.3.1/thumb/v6-m/libgcc.a(_dvmd_tls.o)
                0x08001db4                __aeabi_ldiv0
                0x08001db4                __aeabi_idiv0
 .text.atoi     0x08001db8        0xc /usr/bin/../lib/gcc/arm-none-eabi/7.3.1/../../../../arm-none-eabi/lib/thumb/v6-m/libc_nano.a(lib_a-atoi.o)
                0x08001db8                atoi
 .text.__sflush_r
                0x08001dc4      0x114 /usr/bin/../lib/gcc/arm-none-eabi/7.3.1/../../../../arm-none-eabi/lib/thumb/v6-m/libc_nano.a(lib_a-fflush.o)
                0x08001dc4                __sflush_r
 .text._fflush_r
                0x08001ed8       0x58 /usr/bin/../lib/gcc/arm-none-eabi/7.3.1/../../../../arm-none-eabi/lib/thumb/v6-m/libc_nano.a(lib_a-fflush.o)
                0x08001ed8                _fflush_r
 .text.fflush   0x08001f30       0x28 /usr/bin/../lib/gcc/arm-none-eabi/7.3.1/../../../../arm-none-eabi/lib/thumb/v6-m/libc_nano.a(lib_a-fflush.o)
                0x08001f30                fflush
 .text.std      0x08001f58       0x48 /usr/bin/../lib/gcc/arm-none-eabi/7.3.1/../../../../arm-none-eabi/lib/thumb/v6-m/libc_nano.a(lib_a-findfp.o)
 .text._cleanup_r
                0x08001fa0       0x10 /usr/bin/../lib/gcc/arm-none-eabi/7.3.1/../../../../arm-none-eabi/lib/thumb/v6-m/libc_nano.a(lib_a-findfp.o)
                0x08001fa0                _cleanup_r
 .text.__sfmoreglue
                0x08001fb0       0x2c /usr/bin/../lib/gcc/arm-none-eabi/7.3.1/../../../../arm-none-eabi/lib/thumb/v6-m/libc_nano.a(lib_a-findfp.o)
                0x08001fb0                __sfmoreglue
 .text.__sinit  0x08001fdc       0x68 /usr/bin/../lib/gcc/arm-none-eabi/7.3.1/../../../../arm-none-eabi/lib/thumb/v6-m/libc_nano.a(lib_a-findfp.o)
                0x08001fdc                __sinit
 .text.__sfp    0x08002044       0x7c /usr/bin/../lib/gcc/arm-none-eabi/7.3.1/../../../../arm-none-eabi/lib/thumb/v6-m/libc_nano.a(lib_a-findfp.o)
                0x08002044                __sfp
 .text._fwalk   0x080020c0       0x38 /usr/bin/../lib/gcc/arm-none-eabi/7.3.1/../../../../arm-none-eabi/lib/thumb/v6-m/libc_nano.a(lib_a-fwalk.o)
                0x080020c0                _fwalk
 .text._fwalk_reent
                0x080020f8       0x42 /usr/bin/../lib/gcc/arm-none-eabi/7.3.1/../../../../arm-none-eabi/lib/thumb/v6-m/libc_nano.a(lib_a-fwalk.o)
                0x080020f8                _fwalk_reent
 *fill*         0x0800213a        0x2 
 .text.getchar  0x0800213c       0x24 /usr/bin/../lib/gcc/arm-none-eabi/7.3.1/../../../../arm-none-eabi/lib/thumb/v6-m/libc_nano.a(lib_a-getchar.o)
                0x0800213c                getchar
 .text.__libc_init_array
                0x08002160       0x48 /usr/bin/../lib/gcc/arm-none-eabi/7.3.1/../../../../arm-none-eabi/lib/thumb/v6-m/libc_nano.a(lib_a-init.o)
                0x08002160                __libc_init_array
 .text.memcpy   0x080021a8       0x12 /usr/bin/../lib/gcc/arm-none-eabi/7.3.1/../../../../arm-none-eabi/lib/thumb/v6-m/libc_nano.a(lib_a-memcpy-stub.o)
                0x080021a8                memcpy
 .text.memset   0x080021ba       0x10 /usr/bin/../lib/gcc/arm-none-eabi/7.3.1/../../../../arm-none-eabi/lib/thumb/v6-m/libc_nano.a(lib_a-memset.o)
                0x080021ba                memset
 *fill*         0x080021ca        0x2 
 .text._free_r  0x080021cc       0x94 /usr/bin/../lib/gcc/arm-none-eabi/7.3.1/../../../../arm-none-eabi/lib/thumb/v6-m/libc_nano.a(lib_a-nano-freer.o)
                0x080021cc                _free_r
 .text._malloc_r
                0x08002260       0xbc /usr/bin/../lib/gcc/arm-none-eabi/7.3.1/../../../../arm-none-eabi/lib/thumb/v6-m/libc_nano.a(lib_a-nano-mallocr.o)
                0x08002260                _malloc_r
 .text.printf   0x0800231c       0x34 /usr/bin/../lib/gcc/arm-none-eabi/7.3.1/../../../../arm-none-eabi/lib/thumb/v6-m/libc_nano.a(lib_a-printf.o)
                0x0800231c                printf
                0x0800231c                iprintf
 .text.putchar  0x08002350       0x28 /usr/bin/../lib/gcc/arm-none-eabi/7.3.1/../../../../arm-none-eabi/lib/thumb/v6-m/libc_nano.a(lib_a-putchar.o)
                0x08002350                putchar
 .text._puts_r  0x08002378       0xc0 /usr/bin/../lib/gcc/arm-none-eabi/7.3.1/../../../../arm-none-eabi/lib/thumb/v6-m/libc_nano.a(lib_a-puts.o)
                0x08002378                _puts_r
 .text.puts     0x08002438       0x14 /usr/bin/../lib/gcc/arm-none-eabi/7.3.1/../../../../arm-none-eabi/lib/thumb/v6-m/libc_nano.a(lib_a-puts.o)
                0x08002438                puts
 .text.__sread  0x0800244c       0x28 /usr/bin/../lib/gcc/arm-none-eabi/7.3.1/../../../../arm-none-eabi/lib/thumb/v6-m/libc_nano.a(lib_a-stdio.o)
                0x0800244c                __sread
 .text.__swrite
                0x08002474       0x38 /usr/bin/../lib/gcc/arm-none-eabi/7.3.1/../../../../arm-none-eabi/lib/thumb/v6-m/libc_nano.a(lib_a-stdio.o)
                0x08002474                __swrite
 .text.__sseek  0x080024ac       0x2c /usr/bin/../lib/gcc/arm-none-eabi/7.3.1/../../../../arm-none-eabi/lib/thumb/v6-m/libc_nano.a(lib_a-stdio.o)
                0x080024ac                __sseek
 .text.__sclose
                0x080024d8        0xc /usr/bin/../lib/gcc/arm-none-eabi/7.3.1/../../../../arm-none-eabi/lib/thumb/v6-m/libc_nano.a(lib_a-stdio.o)
                0x080024d8                __sclose
 .text          0x080024e4       0x14 /usr/bin/../lib/gcc/arm-none-eabi/7.3.1/../../../../arm-none-eabi/lib/thumb/v6-m/libc_nano.a(lib_a-strcmp.o)
                0x080024e4                strcmp
 .text          0x080024f8        0xe /usr/bin/../lib/gcc/arm-none-eabi/7.3.1/../../../../arm-none-eabi/lib/thumb/v6-m/libc_nano.a(lib_a-strlen.o)
                0x080024f8                strlen
 *fill*         0x08002506        0x2 
 .text._strtol_l.isra.0
                0x08002508      0x104 /usr/bin/../lib/gcc/arm-none-eabi/7.3.1/../../../../arm-none-eabi/lib/thumb/v6-m/libc_nano.a(lib_a-strtol.o)
 .text.strtol   0x0800260c       0x28 /usr/bin/../lib/gcc/arm-none-eabi/7.3.1/../../../../arm-none-eabi/lib/thumb/v6-m/libc_nano.a(lib_a-strtol.o)
                0x0800260c                strtol
 .text.__swbuf_r
                0x08002634       0xac /usr/bin/../lib/gcc/arm-none-eabi/7.3.1/../../../../arm-none-eabi/lib/thumb/v6-m/libc_nano.a(lib_a-wbuf.o)
                0x08002634                __swbuf_r
 .text.__swsetup_r
                0x080026e0       0xec /usr/bin/../lib/gcc/arm-none-eabi/7.3.1/../../../../arm-none-eabi/lib/thumb/v6-m/libc_nano.a(lib_a-wsetup.o)
                0x080026e0                __swsetup_r
 .text._getc_r  0x080027cc       0x5c /usr/bin/../lib/gcc/arm-none-eabi/7.3.1/../../../../arm-none-eabi/lib/thumb/v6-m/libc_nano.a(lib_a-getc.o)
                0x080027cc                _getc_r
 .text.__locale_ctype_ptr_l
                0x08002828        0x6 /usr/bin/../lib/gcc/arm-none-eabi/7.3.1/../../../../arm-none-eabi/lib/thumb/v6-m/libc_nano.a(lib_a-locale.o)
                0x08002828                __locale_ctype_ptr_l
 *fill*         0x0800282e        0x2 
 .text.__swhatbuf_r
                0x08002830       0x50 /usr/bin/../lib/gcc/arm-none-eabi/7.3.1/../../../../arm-none-eabi/lib/thumb/v6-m/libc_nano.a(lib_a-makebuf.o)
                0x08002830                __swhatbuf_r
 .text.__smakebuf_r
                0x08002880       0x88 /usr/bin/../lib/gcc/arm-none-eabi/7.3.1/../../../../arm-none-eabi/lib/thumb/v6-m/libc_nano.a(lib_a-makebuf.o)
                0x08002880                __smakebuf_r
 .text.__ascii_mbtowc
                0x08002908       0x24 /usr/bin/../lib/gcc/arm-none-eabi/7.3.1/../../../../arm-none-eabi/lib/thumb/v6-m/libc_nano.a(lib_a-mbtowc_r.o)
                0x08002908                __ascii_mbtowc
 .text.__malloc_lock
                0x0800292c        0x2 /usr/bin/../lib/gcc/arm-none-eabi/7.3.1/../../../../arm-none-eabi/lib/thumb/v6-m/libc_nano.a(lib_a-mlock.o)
                0x0800292c                __malloc_lock
 .text.__malloc_unlock
                0x0800292e        0x2 /usr/bin/../lib/gcc/arm-none-eabi/7.3.1/../../../../arm-none-eabi/lib/thumb/v6-m/libc_nano.a(lib_a-mlock.o)
                0x0800292e                __malloc_unlock
 .text.__sfputc_r
                0x08002930       0x2a /usr/bin/../lib/gcc/arm-none-eabi/7.3.1/../../../../arm-none-eabi/lib/thumb/v6-m/libc_nano.a(lib_a-nano-vfprintf.o)
 .text.__sfputs_r
                0x0800295a       0x24 /usr/bin/../lib/gcc/arm-none-eabi/7.3.1/../../../../arm-none-eabi/lib/thumb/v6-m/libc_nano.a(lib_a-nano-vfprintf.o)
                0x0800295a                __sfputs_r
 *fill*         0x0800297e        0x2 
 .text._vfprintf_r
                0x08002980      0x22c /usr/bin/../lib/gcc/arm-none-eabi/7.3.1/../../../../arm-none-eabi/lib/thumb/v6-m/libc_nano.a(lib_a-nano-vfprintf.o)
                0x08002980                _vfiprintf_r
                0x08002980                _vfprintf_r
 .text._printf_common
                0x08002bac       0xda /usr/bin/../lib/gcc/arm-none-eabi/7.3.1/../../../../arm-none-eabi/lib/thumb/v6-m/libc_nano.a(lib_a-nano-vfprintf_i.o)
                0x08002bac                _printf_common
 *fill*         0x08002c86        0x2 
 .text._printf_i
                0x08002c88      0x210 /usr/bin/../lib/gcc/arm-none-eabi/7.3.1/../../../../arm-none-eabi/lib/thumb/v6-m/libc_nano.a(lib_a-nano-vfprintf_i.o)
                0x08002c88                _printf_i
 .text._putc_r  0x08002e98       0x6c /usr/bin/../lib/gcc/arm-none-eabi/7.3.1/../../../../arm-none-eabi/lib/thumb/v6-m/libc_nano.a(lib_a-putc.o)
                0x08002e98                _putc_r
 .text.__srget_r
                0x08002f04       0x60 /usr/bin/../lib/gcc/arm-none-eabi/7.3.1/../../../../arm-none-eabi/lib/thumb/v6-m/libc_nano.a(lib_a-rget.o)
                0x08002f04                __srget_r
 .text.__ascii_wctomb
                0x08002f64       0x18 /usr/bin/../lib/gcc/arm-none-eabi/7.3.1/../../../../arm-none-eabi/lib/thumb/v6-m/libc_nano.a(lib_a-wctomb_r.o)
                0x08002f64                __ascii_wctomb
 .text.memchr   0x08002f7c       0x16 /usr/bin/../lib/gcc/arm-none-eabi/7.3.1/../../../../arm-none-eabi/lib/thumb/v6-m/libc_nano.a(lib_a-memchr-stub.o)
                0x08002f7c                memchr
 .text.lflush   0x08002f92       0x18 /usr/bin/../lib/gcc/arm-none-eabi/7.3.1/../../../../arm-none-eabi/lib/thumb/v6-m/libc_nano.a(lib_a-refill.o)
 *fill*         0x08002faa        0x2 
 .text.__srefill_r
                0x08002fac      0x124 /usr/bin/../lib/gcc/arm-none-eabi/7.3.1/../../../../arm-none-eabi/lib/thumb/v6-m/libc_nano.a(lib_a-refill.o)
                0x08002fac                __srefill_r
 *(.glue_7t)
 .glue_7t       0x080030d0        0x0 linker stubs
 *(.glue_7)
 .glue_7        0x080030d0        0x0 linker stubs
 *(.rodata .rodata* .gnu.linkonce.r.*)
 .rodata._bp_callback.str1.1
                0x080030d0        0x9 /home/etudiant/riot/LabBook1/Lab7/bin/nucleo-l073rz/application_Lab2/main.o
 .rodata._led_toggle_handler.str1.1
                0x080030d9        0xe /home/etudiant/riot/LabBook1/Lab7/bin/nucleo-l073rz/application_Lab2/main.o
 .rodata.main.str1.1
                0x080030e7       0x14 /home/etudiant/riot/LabBook1/Lab7/bin/nucleo-l073rz/application_Lab2/main.o
 *fill*         0x080030fb        0x1 
 .rodata.shell_commands
                0x080030fc        0xc /home/etudiant/riot/LabBook1/Lab7/bin/nucleo-l073rz/application_Lab2/main.o
 .rodata.MultiplyDeBruijnBitPosition
                0x08003108       0x20 /home/etudiant/riot/LabBook1/Lab7/bin/nucleo-l073rz/core/bitarithm.o
                0x08003108                MultiplyDeBruijnBitPosition
 .rodata.kernel_init.str1.1
                0x08003128        0x5 /home/etudiant/riot/LabBook1/Lab7/bin/nucleo-l073rz/core/init.o
 .rodata.main_trampoline.str1.1
                0x0800312d       0x3b /home/etudiant/riot/LabBook1/Lab7/bin/nucleo-l073rz/core/init.o
 .rodata.assert_crash_message
                0x08003168       0x12 /home/etudiant/riot/LabBook1/Lab7/bin/nucleo-l073rz/core/panic.o
                0x08003168                assert_crash_message
 .rodata.core_panic.str1.1
                0x0800317a       0x2e /home/etudiant/riot/LabBook1/Lab7/bin/nucleo-l073rz/core/panic.o
                                 0x30 (size before relaxing)
 .rodata.panic_arch.str1.1
                0x080031a8        0xf /home/etudiant/riot/LabBook1/Lab7/bin/nucleo-l073rz/cortexm_common/panic.o
 .rodata.dummy_handler_default.str1.1
                0x080031b7        0xe /home/etudiant/riot/LabBook1/Lab7/bin/nucleo-l073rz/cortexm_common/vectors_cortexm.o
 .rodata.hard_fault_handler.str1.1
                0x080031c5      0x1ca /home/etudiant/riot/LabBook1/Lab7/bin/nucleo-l073rz/cortexm_common/vectors_cortexm.o
 .rodata.nmi_default.str1.1
                0x0800338f        0xc /home/etudiant/riot/LabBook1/Lab7/bin/nucleo-l073rz/cortexm_common/vectors_cortexm.o
 .rodata.apbmul
                0x0800339b        0x2 /home/etudiant/riot/LabBook1/Lab7/bin/nucleo-l073rz/cpu/cpu_common.o
 *fill*         0x0800339d        0x3 
 .rodata.timer_config
                0x080033a0       0x10 /home/etudiant/riot/LabBook1/Lab7/bin/nucleo-l073rz/periph/timer.o
 .rodata.uart_config
                0x080033b0       0x38 /home/etudiant/riot/LabBook1/Lab7/bin/nucleo-l073rz/periph/uart.o
 .rodata        0x080033e8        0x2 /home/etudiant/riot/LabBook1/Lab7/bin/nucleo-l073rz/ps/ps.o
 .rodata.ps.str1.1
                0x080033ea      0x117 /home/etudiant/riot/LabBook1/Lab7/bin/nucleo-l073rz/ps/ps.o
 *fill*         0x08003501        0x3 
 .rodata.state_names
                0x08003504       0x34 /home/etudiant/riot/LabBook1/Lab7/bin/nucleo-l073rz/ps/ps.o
 .rodata.str1.1
                0x08003538       0x6a /home/etudiant/riot/LabBook1/Lab7/bin/nucleo-l073rz/ps/ps.o
 .rodata._pm_handler.str1.1
                0x080035a2      0x158 /home/etudiant/riot/LabBook1/Lab7/bin/nucleo-l073rz/shell_commands/sc_pm.o
                                0x15e (size before relaxing)
 .rodata._print_usage.str1.1
                0x080036fa       0xf3 /home/etudiant/riot/LabBook1/Lab7/bin/nucleo-l073rz/shell_commands/sc_pm.o
 .rodata.parse_mode.str1.1
                0x080037ed       0x28 /home/etudiant/riot/LabBook1/Lab7/bin/nucleo-l073rz/shell_commands/sc_pm.o
 .rodata._version_handler.str1.1
                0x08003815       0x19 /home/etudiant/riot/LabBook1/Lab7/bin/nucleo-l073rz/shell_commands/sc_sys.o
 *fill*         0x0800382e        0x2 
 .rodata._shell_command_list
                0x08003830       0x3c /home/etudiant/riot/LabBook1/Lab7/bin/nucleo-l073rz/shell_commands/shell_commands.o
                0x08003830                _shell_command_list
 .rodata.str1.1
                0x0800386c       0x8e /home/etudiant/riot/LabBook1/Lab7/bin/nucleo-l073rz/shell_commands/shell_commands.o
 .rodata.print_commands.str1.1
                0x080038fa        0xa /home/etudiant/riot/LabBook1/Lab7/bin/nucleo-l073rz/shell/shell.o
 .rodata.shell_run_once.str1.1
                0x08003904       0xa9 /home/etudiant/riot/LabBook1/Lab7/bin/nucleo-l073rz/shell/shell.o
 *fill*         0x080039ad        0x3 
 .rodata.__sf_fake_stderr
                0x080039b0       0x20 /usr/bin/../lib/gcc/arm-none-eabi/7.3.1/../../../../arm-none-eabi/lib/thumb/v6-m/libc_nano.a(lib_a-findfp.o)
                0x080039b0                __sf_fake_stderr
 .rodata.__sf_fake_stdin
                0x080039d0       0x20 /usr/bin/../lib/gcc/arm-none-eabi/7.3.1/../../../../arm-none-eabi/lib/thumb/v6-m/libc_nano.a(lib_a-findfp.o)
                0x080039d0                __sf_fake_stdin
 .rodata.__sf_fake_stdout
                0x080039f0       0x20 /usr/bin/../lib/gcc/arm-none-eabi/7.3.1/../../../../arm-none-eabi/lib/thumb/v6-m/libc_nano.a(lib_a-findfp.o)
                0x080039f0                __sf_fake_stdout
 .rodata._global_impure_ptr
                0x08003a10        0x4 /usr/bin/../lib/gcc/arm-none-eabi/7.3.1/../../../../arm-none-eabi/lib/thumb/v6-m/libc_nano.a(lib_a-impure.o)
                0x08003a10                _global_impure_ptr
 .rodata._setlocale_r.str1.1
                0x08003a14        0x8 /usr/bin/../lib/gcc/arm-none-eabi/7.3.1/../../../../arm-none-eabi/lib/thumb/v6-m/libc_nano.a(lib_a-locale.o)
                                  0x9 (size before relaxing)
 .rodata.str1.1
                0x08003a1c        0x8 /usr/bin/../lib/gcc/arm-none-eabi/7.3.1/../../../../arm-none-eabi/lib/thumb/v6-m/libc_nano.a(lib_a-locale.o)
                                  0x2 (size before relaxing)
 .rodata._vfprintf_r.str1.1
                0x08003a1c       0x11 /usr/bin/../lib/gcc/arm-none-eabi/7.3.1/../../../../arm-none-eabi/lib/thumb/v6-m/libc_nano.a(lib_a-nano-vfprintf.o)
 .rodata._printf_i.str1.1
                0x08003a2d       0x22 /usr/bin/../lib/gcc/arm-none-eabi/7.3.1/../../../../arm-none-eabi/lib/thumb/v6-m/libc_nano.a(lib_a-nano-vfprintf_i.o)
 .rodata._ctype_
                0x08003a4f      0x101 /usr/bin/../lib/gcc/arm-none-eabi/7.3.1/../../../../arm-none-eabi/lib/thumb/v6-m/libc_nano.a(lib_a-ctype_.o)
                0x08003a4f                _ctype_
 *(.ARM.extab* .gnu.linkonce.armextab.*)
                0x08003b50                . = ALIGN (0x4)
 *(.init)
                0x08003b50                . = ALIGN (0x4)
                0x08003b50                __preinit_array_start = .
 *(.preinit_array)
                0x08003b50                __preinit_array_end = .
                0x08003b50                . = ALIGN (0x4)
                0x08003b50                __init_array_start = .
 *(SORT_BY_NAME(.init_array.*))
 *(.init_array)
                0x08003b50                __init_array_end = .
                0x08003b50                . = ALIGN (0x4)
 *crtbegin.o(.ctors)
 *(EXCLUDE_FILE(*crtend.o) .ctors)
 *(SORT_BY_NAME(.ctors.*))
 *crtend.o(.ctors)
                0x08003b50                . = ALIGN (0x4)
 *(.fini)
                0x08003b50                . = ALIGN (0x4)
                0x08003b50                __fini_array_start = .
 *(.fini_array)
 *(SORT_BY_NAME(.fini_array.*))
                0x08003b50                __fini_array_end = .
 *crtbegin.o(.dtors)
 *(EXCLUDE_FILE(*crtend.o) .dtors)
 *(SORT_BY_NAME(.dtors.*))
 *crtend.o(.dtors)
                0x08003b50                . = ALIGN (0x4)
                0x08003b50                _efixed = .

.vfp11_veneer   0x08003b50        0x0
 .vfp11_veneer  0x08003b50        0x0 linker stubs

.v4_bx          0x08003b50        0x0
 .v4_bx         0x08003b50        0x0 linker stubs

.iplt           0x08003b50        0x0
 .iplt          0x08003b50        0x0 /home/etudiant/riot/LabBook1/Lab7/bin/nucleo-l073rz/application_Lab2/main.o

.igot.plt       0x08003b50        0x0
 .igot.plt      0x08003b50        0x0 /home/etudiant/riot/LabBook1/Lab7/bin/nucleo-l073rz/application_Lab2/main.o

.rel.dyn        0x08003b50        0x0
 .rel.iplt      0x08003b50        0x0 /home/etudiant/riot/LabBook1/Lab7/bin/nucleo-l073rz/application_Lab2/main.o

.tdata          0x08003b50        0x0
                0x08003b50                __tdata_start = .
 *(.tdata .tdata.* .gnu.linkonce.td.*)
                0x08003b50                __tdata_end = .
                0x08003b50                __tdata_source = LOADADDR (.tdata)
                0x00000000                __tdata_size = SIZEOF (.tdata)

.tbss           0x08003b50        0x0
 *(.tbss .tbss.* .gnu.linkonce.tb.*)
 *(.tcommon)
                0x08003b50                __tbss_end = .
                0x00000000                __tls_size = (__tbss_end - __tdata_start)
                0x00000000                __tbss_size = (__tls_size - __tdata_size)
                [!provide]                PROVIDE (__exidx_start = .)

.ARM.exidx
 *(.ARM.exidx* .gnu.linkonce.armexidx.*)
                [!provide]                PROVIDE (__exidx_end = .)
                0x08003b50                . = ALIGN (0x4)

.eh_frame
 *(.eh_frame)
                0x08003b50                . = ALIGN (0x4)
                0x08003b50                _etext = .

.stack          0x20000000      0x200
 *(.puf)
                0x20000000                . = ALIGN (0x8)
                0x20000000                _sstack = .
 *(.isr_stack)
 .isr_stack     0x20000000      0x200 /home/etudiant/riot/LabBook1/Lab7/bin/nucleo-l073rz/cortexm_common/vectors_cortexm.o
                0x20000000                isr_stack
                0x20000200                . = ALIGN (0x8)
                0x20000200                _estack = .

.relocate       0x20000200      0x1f0 load address 0x08003b50
                0x20000200                . = ALIGN (0x4)
                0x20000200                _srelocate = .
 *(.ramfunc .ramfunc.*)
 *(.data .data.*)
 .data.heap_top
                0x20000200        0x4 /home/etudiant/riot/LabBook1/Lab7/bin/nucleo-l073rz/newlib_syscalls_default/syscalls.o
 .data.pm_blocker
                0x20000204        0x4 /home/etudiant/riot/LabBook1/Lab7/bin/nucleo-l073rz/pm_layered/pm.o
 .data.stdio_uart_isrpipe
                0x20000208       0x14 /home/etudiant/riot/LabBook1/Lab7/bin/nucleo-l073rz/stdio_uart/stdio_uart.o
                0x20000208                stdio_uart_isrpipe
 .data._impure_ptr
                0x2000021c        0x4 /usr/bin/../lib/gcc/arm-none-eabi/7.3.1/../../../../arm-none-eabi/lib/thumb/v6-m/libc_nano.a(lib_a-impure.o)
                0x2000021c                _impure_ptr
 .data.impure_data
                0x20000220       0x60 /usr/bin/../lib/gcc/arm-none-eabi/7.3.1/../../../../arm-none-eabi/lib/thumb/v6-m/libc_nano.a(lib_a-impure.o)
 .data.__global_locale
                0x20000280      0x16c /usr/bin/../lib/gcc/arm-none-eabi/7.3.1/../../../../arm-none-eabi/lib/thumb/v6-m/libc_nano.a(lib_a-locale.o)
                0x20000280                __global_locale
 *(.openocd .openocd.*)
 .openocd       0x200003ec        0x2 /home/etudiant/riot/LabBook1/Lab7/bin/nucleo-l073rz/core/sched.o
                0x200003ec                _tcb_name_offset
                0x200003ed                max_threads
                0x200003f0                . = ALIGN (0x4)
 *fill*         0x200003ee        0x2 
                0x200003f0                _erelocate = .

.bss            0x200003f0      0xdf0 load address 0x08003d40
                0x200003f0                . = ALIGN (0x4)
                0x200003f0                _sbss = .
                0x200003f0                _szero = .
 *(.bss .bss.*)
 .bss.rcv_pid   0x200003f0        0x2 /home/etudiant/riot/LabBook1/Lab7/bin/nucleo-l073rz/application_Lab2/main.o
 *fill*         0x200003f2        0x2 
 .bss.rcv_queue
                0x200003f4       0x10 /home/etudiant/riot/LabBook1/Lab7/bin/nucleo-l073rz/application_Lab2/main.o
                0x200003f4                rcv_queue
 .bss.stack     0x20000404      0x600 /home/etudiant/riot/LabBook1/Lab7/bin/nucleo-l073rz/application_Lab2/main.o
                0x20000404                stack
 .bss.main_stack
                0x20000a04      0x600 /home/etudiant/riot/LabBook1/Lab7/bin/nucleo-l073rz/core/init.o
 .bss.crashed   0x20001004        0x4 /home/etudiant/riot/LabBook1/Lab7/bin/nucleo-l073rz/core/panic.o
 .bss.runqueue_bitcache
                0x20001008        0x4 /home/etudiant/riot/LabBook1/Lab7/bin/nucleo-l073rz/core/sched.o
 .bss.sched_active_pid
                0x2000100c        0x2 /home/etudiant/riot/LabBook1/Lab7/bin/nucleo-l073rz/core/sched.o
                0x2000100c                sched_active_pid
 *fill*         0x2000100e        0x2 
 .bss.sched_active_thread
                0x20001010        0x4 /home/etudiant/riot/LabBook1/Lab7/bin/nucleo-l073rz/core/sched.o
                0x20001010                sched_active_thread
 .bss.sched_context_switch_request
                0x20001014        0x4 /home/etudiant/riot/LabBook1/Lab7/bin/nucleo-l073rz/core/sched.o
                0x20001014                sched_context_switch_request
 .bss.sched_num_threads
                0x20001018        0x4 /home/etudiant/riot/LabBook1/Lab7/bin/nucleo-l073rz/core/sched.o
                0x20001018                sched_num_threads
 .bss.sched_runqueues
                0x2000101c       0x40 /home/etudiant/riot/LabBook1/Lab7/bin/nucleo-l073rz/core/sched.o
                0x2000101c                sched_runqueues
 .bss.sched_threads
                0x2000105c       0x84 /home/etudiant/riot/LabBook1/Lab7/bin/nucleo-l073rz/core/sched.o
                0x2000105c                sched_threads
 .bss.isr_ctx   0x200010e0       0x80 /home/etudiant/riot/LabBook1/Lab7/bin/nucleo-l073rz/periph/gpio_all.o
 .bss.isr_ctx   0x20001160        0x8 /home/etudiant/riot/LabBook1/Lab7/bin/nucleo-l073rz/periph/timer.o
 .bss.isr_ctx   0x20001168       0x18 /home/etudiant/riot/LabBook1/Lab7/bin/nucleo-l073rz/periph/uart.o
 .bss._rx_buf_mem
                0x20001180       0x40 /home/etudiant/riot/LabBook1/Lab7/bin/nucleo-l073rz/stdio_uart/stdio_uart.o
 .bss._in_handler
                0x200011c0        0x4 /home/etudiant/riot/LabBook1/Lab7/bin/nucleo-l073rz/xtimer/xtimer_core.o
 .bss._lltimer_ongoing
                0x200011c4        0x1 /home/etudiant/riot/LabBook1/Lab7/bin/nucleo-l073rz/xtimer/xtimer_core.o
 *fill*         0x200011c5        0x3 
 .bss._xtimer_current_time
                0x200011c8        0x8 /home/etudiant/riot/LabBook1/Lab7/bin/nucleo-l073rz/xtimer/xtimer_core.o
                0x200011c8                _xtimer_current_time
 .bss.long_list_head
                0x200011d0        0x4 /home/etudiant/riot/LabBook1/Lab7/bin/nucleo-l073rz/xtimer/xtimer_core.o
 .bss.timer_list_head
                0x200011d4        0x4 /home/etudiant/riot/LabBook1/Lab7/bin/nucleo-l073rz/xtimer/xtimer_core.o
 .bss.__malloc_free_list
                0x200011d8        0x4 /usr/bin/../lib/gcc/arm-none-eabi/7.3.1/../../../../arm-none-eabi/lib/thumb/v6-m/libc_nano.a(lib_a-nano-mallocr.o)
                0x200011d8                __malloc_free_list
 .bss.__malloc_sbrk_start
                0x200011dc        0x4 /usr/bin/../lib/gcc/arm-none-eabi/7.3.1/../../../../arm-none-eabi/lib/thumb/v6-m/libc_nano.a(lib_a-nano-mallocr.o)
                0x200011dc                __malloc_sbrk_start
 *(COMMON)
                0x200011e0                . = ALIGN (0x4)
                0x200011e0                _ebss = .
                0x200011e0                _ezero = .

.noinit         0x200011e0        0x0 load address 0x08003d40
                0x200011e0                __noinit_start = .
 *(.noinit)
                0x200011e0                . = ALIGN (0x4)
                0x200011e0                __noinit_end = .
                0x200011e0                . = ALIGN (0x4)
                0x200011e0                _sheap = .
                0x20005000                _eheap = (ORIGIN (ram) + LENGTH (ram))
                0x20000000                _sram = ORIGIN (ram)
                0x20005000                _eram = (ORIGIN (ram) + LENGTH (ram))
                0x08003d40                _sbackup_data_load = LOADADDR (.backup.data)

.backup.data    0x00000000        0x0 load address 0x08003d40
                0x00000000                _sbackup_data = .
 *(.backup.data)
                0x00000000                _ebackup_data = .
                0x00000000                . = ALIGN (0x4)

.backup.bss     0x00000000        0x0 load address 0x08003d40
                0x00000000                _sbackup_bss = .
 *(.backup.bss)
                0x00000000                _ebackup_bss = .
                0x00000000                . = ALIGN (0x4)

.heap3          0x00000000        0x0 load address 0x08003d40
                0x00000000                _sheap1 = .
                0x00000000                _eheap1 = (ORIGIN (bkup-ram) + LENGTH (bkup-ram))
OUTPUT(/home/etudiant/riot/LabBook1/Lab7/bin/nucleo-l073rz/Lab2.elf elf32-littlearm)

.debug_info     0x00000000    0x2b392
 .debug_info    0x00000000     0x1b08 /home/etudiant/riot/LabBook1/Lab7/bin/nucleo-l073rz/application_Lab2/main.o
 .debug_info    0x00001b08      0xaf8 /home/etudiant/riot/LabBook1/Lab7/bin/nucleo-l073rz/auto_init/auto_init.o
 .debug_info    0x00002600     0x16fe /home/etudiant/riot/LabBook1/Lab7/bin/nucleo-l073rz/boards_common_nucleo/board_common_nucleo_init.o
 .debug_info    0x00003cfe      0x936 /home/etudiant/riot/LabBook1/Lab7/bin/nucleo-l073rz/core/bitarithm.o
 .debug_info    0x00004634      0xdba /home/etudiant/riot/LabBook1/Lab7/bin/nucleo-l073rz/core/init.o
 .debug_info    0x000053ee     0x20dc /home/etudiant/riot/LabBook1/Lab7/bin/nucleo-l073rz/core/msg.o
 .debug_info    0x000074ca     0x1152 /home/etudiant/riot/LabBook1/Lab7/bin/nucleo-l073rz/core/mutex.o
 .debug_info    0x0000861c      0xe46 /home/etudiant/riot/LabBook1/Lab7/bin/nucleo-l073rz/core/panic.o
 .debug_info    0x00009462     0x1132 /home/etudiant/riot/LabBook1/Lab7/bin/nucleo-l073rz/core/sched.o
 .debug_info    0x0000a594     0x182b /home/etudiant/riot/LabBook1/Lab7/bin/nucleo-l073rz/core/thread.o
 .debug_info    0x0000bdbf      0xfe3 /home/etudiant/riot/LabBook1/Lab7/bin/nucleo-l073rz/cortexm_common/cortexm_init.o
 .debug_info    0x0000cda2      0xc9c /home/etudiant/riot/LabBook1/Lab7/bin/nucleo-l073rz/cortexm_common/panic.o
 .debug_info    0x0000da3e      0xcbe /home/etudiant/riot/LabBook1/Lab7/bin/nucleo-l073rz/cortexm_common_periph/pm.o
 .debug_info    0x0000e6fc     0x1068 /home/etudiant/riot/LabBook1/Lab7/bin/nucleo-l073rz/cortexm_common/thread_arch.o
 .debug_info    0x0000f764     0x1ca7 /home/etudiant/riot/LabBook1/Lab7/bin/nucleo-l073rz/cortexm_common/vectors_cortexm.o
 .debug_info    0x0001140b     0x16cc /home/etudiant/riot/LabBook1/Lab7/bin/nucleo-l073rz/cpu/cpu_common.o
 .debug_info    0x00012ad7     0x1799 /home/etudiant/riot/LabBook1/Lab7/bin/nucleo-l073rz/cpu/cpu_init.o
 .debug_info    0x00014270      0x4c5 /home/etudiant/riot/LabBook1/Lab7/bin/nucleo-l073rz/isrpipe/isrpipe.o
 .debug_info    0x00014735     0x24cb /home/etudiant/riot/LabBook1/Lab7/bin/nucleo-l073rz/newlib_syscalls_default/syscalls.o
 .debug_info    0x00016c00      0xbcd /home/etudiant/riot/LabBook1/Lab7/bin/nucleo-l073rz/periph_common/init.o
 .debug_info    0x000177cd     0x20c8 /home/etudiant/riot/LabBook1/Lab7/bin/nucleo-l073rz/periph/gpio_all.o
 .debug_info    0x00019895      0xe8f /home/etudiant/riot/LabBook1/Lab7/bin/nucleo-l073rz/periph/pm.o
 .debug_info    0x0001a724     0x1a9b /home/etudiant/riot/LabBook1/Lab7/bin/nucleo-l073rz/periph/timer.o
 .debug_info    0x0001c1bf     0x1d95 /home/etudiant/riot/LabBook1/Lab7/bin/nucleo-l073rz/periph/uart.o
 .debug_info    0x0001df54     0x1046 /home/etudiant/riot/LabBook1/Lab7/bin/nucleo-l073rz/pm_layered/pm.o
 .debug_info    0x0001ef9a      0xf18 /home/etudiant/riot/LabBook1/Lab7/bin/nucleo-l073rz/ps/ps.o
 .debug_info    0x0001feb2     0x128e /home/etudiant/riot/LabBook1/Lab7/bin/nucleo-l073rz/shell_commands/sc_pm.o
 .debug_info    0x00021140       0x8e /home/etudiant/riot/LabBook1/Lab7/bin/nucleo-l073rz/shell_commands/sc_ps.o
 .debug_info    0x000211ce      0xc64 /home/etudiant/riot/LabBook1/Lab7/bin/nucleo-l073rz/shell_commands/sc_sys.o
 .debug_info    0x00021e32      0xc50 /home/etudiant/riot/LabBook1/Lab7/bin/nucleo-l073rz/shell_commands/shell_commands.o
 .debug_info    0x00022a82     0x13ac /home/etudiant/riot/LabBook1/Lab7/bin/nucleo-l073rz/shell/shell.o
 .debug_info    0x00023e2e     0x1948 /home/etudiant/riot/LabBook1/Lab7/bin/nucleo-l073rz/stdio_uart/stdio_uart.o
 .debug_info    0x00025776     0x1659 /home/etudiant/riot/LabBook1/Lab7/bin/nucleo-l073rz/stm32_clk/stmclk_common.o
 .debug_info    0x00026dcf     0x17fc /home/etudiant/riot/LabBook1/Lab7/bin/nucleo-l073rz/stm32_clk/stmclk_l0l1.o
 .debug_info    0x000285cb      0x1bd /home/etudiant/riot/LabBook1/Lab7/bin/nucleo-l073rz/stm32_vectors/STM32L073xx.o
 .debug_info    0x00028788      0xafd /home/etudiant/riot/LabBook1/Lab7/bin/nucleo-l073rz/tsrb/tsrb.o
 .debug_info    0x00029285     0x210d /home/etudiant/riot/LabBook1/Lab7/bin/nucleo-l073rz/xtimer/xtimer_core.o

.debug_abbrev   0x00000000     0x71e9
 .debug_abbrev  0x00000000      0x35a /home/etudiant/riot/LabBook1/Lab7/bin/nucleo-l073rz/application_Lab2/main.o
 .debug_abbrev  0x0000035a      0x1d4 /home/etudiant/riot/LabBook1/Lab7/bin/nucleo-l073rz/auto_init/auto_init.o
 .debug_abbrev  0x0000052e      0x2aa /home/etudiant/riot/LabBook1/Lab7/bin/nucleo-l073rz/boards_common_nucleo/board_common_nucleo_init.o
 .debug_abbrev  0x000007d8      0x1bf /home/etudiant/riot/LabBook1/Lab7/bin/nucleo-l073rz/core/bitarithm.o
 .debug_abbrev  0x00000997      0x2af /home/etudiant/riot/LabBook1/Lab7/bin/nucleo-l073rz/core/init.o
 .debug_abbrev  0x00000c46      0x4b2 /home/etudiant/riot/LabBook1/Lab7/bin/nucleo-l073rz/core/msg.o
 .debug_abbrev  0x000010f8      0x37b /home/etudiant/riot/LabBook1/Lab7/bin/nucleo-l073rz/core/mutex.o
 .debug_abbrev  0x00001473      0x31c /home/etudiant/riot/LabBook1/Lab7/bin/nucleo-l073rz/core/panic.o
 .debug_abbrev  0x0000178f      0x3e8 /home/etudiant/riot/LabBook1/Lab7/bin/nucleo-l073rz/core/sched.o
 .debug_abbrev  0x00001b77      0x43c /home/etudiant/riot/LabBook1/Lab7/bin/nucleo-l073rz/core/thread.o
 .debug_abbrev  0x00001fb3      0x357 /home/etudiant/riot/LabBook1/Lab7/bin/nucleo-l073rz/cortexm_common/cortexm_init.o
 .debug_abbrev  0x0000230a      0x293 /home/etudiant/riot/LabBook1/Lab7/bin/nucleo-l073rz/cortexm_common/panic.o
 .debug_abbrev  0x0000259d      0x27b /home/etudiant/riot/LabBook1/Lab7/bin/nucleo-l073rz/cortexm_common_periph/pm.o
 .debug_abbrev  0x00002818      0x3fd /home/etudiant/riot/LabBook1/Lab7/bin/nucleo-l073rz/cortexm_common/thread_arch.o
 .debug_abbrev  0x00002c15      0x3fa /home/etudiant/riot/LabBook1/Lab7/bin/nucleo-l073rz/cortexm_common/vectors_cortexm.o
 .debug_abbrev  0x0000300f      0x307 /home/etudiant/riot/LabBook1/Lab7/bin/nucleo-l073rz/cpu/cpu_common.o
 .debug_abbrev  0x00003316      0x2ab /home/etudiant/riot/LabBook1/Lab7/bin/nucleo-l073rz/cpu/cpu_init.o
 .debug_abbrev  0x000035c1      0x246 /home/etudiant/riot/LabBook1/Lab7/bin/nucleo-l073rz/isrpipe/isrpipe.o
 .debug_abbrev  0x00003807      0x4c4 /home/etudiant/riot/LabBook1/Lab7/bin/nucleo-l073rz/newlib_syscalls_default/syscalls.o
 .debug_abbrev  0x00003ccb      0x22d /home/etudiant/riot/LabBook1/Lab7/bin/nucleo-l073rz/periph_common/init.o
 .debug_abbrev  0x00003ef8      0x459 /home/etudiant/riot/LabBook1/Lab7/bin/nucleo-l073rz/periph/gpio_all.o
 .debug_abbrev  0x00004351      0x322 /home/etudiant/riot/LabBook1/Lab7/bin/nucleo-l073rz/periph/pm.o
 .debug_abbrev  0x00004673      0x433 /home/etudiant/riot/LabBook1/Lab7/bin/nucleo-l073rz/periph/timer.o
 .debug_abbrev  0x00004aa6      0x46e /home/etudiant/riot/LabBook1/Lab7/bin/nucleo-l073rz/periph/uart.o
 .debug_abbrev  0x00004f14      0x319 /home/etudiant/riot/LabBook1/Lab7/bin/nucleo-l073rz/pm_layered/pm.o
 .debug_abbrev  0x0000522d      0x2f5 /home/etudiant/riot/LabBook1/Lab7/bin/nucleo-l073rz/ps/ps.o
 .debug_abbrev  0x00005522      0x33d /home/etudiant/riot/LabBook1/Lab7/bin/nucleo-l073rz/shell_commands/sc_pm.o
 .debug_abbrev  0x0000585f       0x7d /home/etudiant/riot/LabBook1/Lab7/bin/nucleo-l073rz/shell_commands/sc_ps.o
 .debug_abbrev  0x000058dc      0x273 /home/etudiant/riot/LabBook1/Lab7/bin/nucleo-l073rz/shell_commands/sc_sys.o
 .debug_abbrev  0x00005b4f      0x222 /home/etudiant/riot/LabBook1/Lab7/bin/nucleo-l073rz/shell_commands/shell_commands.o
 .debug_abbrev  0x00005d71      0x45a /home/etudiant/riot/LabBook1/Lab7/bin/nucleo-l073rz/shell/shell.o
 .debug_abbrev  0x000061cb      0x310 /home/etudiant/riot/LabBook1/Lab7/bin/nucleo-l073rz/stdio_uart/stdio_uart.o
 .debug_abbrev  0x000064db      0x27f /home/etudiant/riot/LabBook1/Lab7/bin/nucleo-l073rz/stm32_clk/stmclk_common.o
 .debug_abbrev  0x0000675a      0x2fd /home/etudiant/riot/LabBook1/Lab7/bin/nucleo-l073rz/stm32_clk/stmclk_l0l1.o
 .debug_abbrev  0x00006a57       0xcd /home/etudiant/riot/LabBook1/Lab7/bin/nucleo-l073rz/stm32_vectors/STM32L073xx.o
 .debug_abbrev  0x00006b24      0x22f /home/etudiant/riot/LabBook1/Lab7/bin/nucleo-l073rz/tsrb/tsrb.o
 .debug_abbrev  0x00006d53      0x496 /home/etudiant/riot/LabBook1/Lab7/bin/nucleo-l073rz/xtimer/xtimer_core.o

.debug_loc      0x00000000     0x4aea
 .debug_loc     0x00000000       0x71 /home/etudiant/riot/LabBook1/Lab7/bin/nucleo-l073rz/application_Lab2/main.o
 .debug_loc     0x00000071      0x133 /home/etudiant/riot/LabBook1/Lab7/bin/nucleo-l073rz/core/bitarithm.o
 .debug_loc     0x000001a4       0x21 /home/etudiant/riot/LabBook1/Lab7/bin/nucleo-l073rz/core/init.o
 .debug_loc     0x000001c5      0xcd7 /home/etudiant/riot/LabBook1/Lab7/bin/nucleo-l073rz/core/msg.o
 .debug_loc     0x00000e9c      0x1fd /home/etudiant/riot/LabBook1/Lab7/bin/nucleo-l073rz/core/mutex.o
 .debug_loc     0x00001099       0x52 /home/etudiant/riot/LabBook1/Lab7/bin/nucleo-l073rz/core/panic.o
 .debug_loc     0x000010eb      0x208 /home/etudiant/riot/LabBook1/Lab7/bin/nucleo-l073rz/core/sched.o
 .debug_loc     0x000012f3      0x531 /home/etudiant/riot/LabBook1/Lab7/bin/nucleo-l073rz/core/thread.o
 .debug_loc     0x00001824       0xa9 /home/etudiant/riot/LabBook1/Lab7/bin/nucleo-l073rz/cortexm_common/cortexm_init.o
 .debug_loc     0x000018cd       0x20 /home/etudiant/riot/LabBook1/Lab7/bin/nucleo-l073rz/cortexm_common/panic.o
 .debug_loc     0x000018ed      0x309 /home/etudiant/riot/LabBook1/Lab7/bin/nucleo-l073rz/cortexm_common/thread_arch.o
 .debug_loc     0x00001bf6      0x2b7 /home/etudiant/riot/LabBook1/Lab7/bin/nucleo-l073rz/cortexm_common/vectors_cortexm.o
 .debug_loc     0x00001ead       0xdd /home/etudiant/riot/LabBook1/Lab7/bin/nucleo-l073rz/cpu/cpu_common.o
 .debug_loc     0x00001f8a      0x278 /home/etudiant/riot/LabBook1/Lab7/bin/nucleo-l073rz/isrpipe/isrpipe.o
 .debug_loc     0x00002202      0x4aa /home/etudiant/riot/LabBook1/Lab7/bin/nucleo-l073rz/newlib_syscalls_default/syscalls.o
 .debug_loc     0x000026ac      0x535 /home/etudiant/riot/LabBook1/Lab7/bin/nucleo-l073rz/periph/gpio_all.o
 .debug_loc     0x00002be1       0x7f /home/etudiant/riot/LabBook1/Lab7/bin/nucleo-l073rz/periph/pm.o
 .debug_loc     0x00002c60      0x355 /home/etudiant/riot/LabBook1/Lab7/bin/nucleo-l073rz/periph/timer.o
 .debug_loc     0x00002fb5      0x46f /home/etudiant/riot/LabBook1/Lab7/bin/nucleo-l073rz/periph/uart.o
 .debug_loc     0x00003424       0xbf /home/etudiant/riot/LabBook1/Lab7/bin/nucleo-l073rz/pm_layered/pm.o
 .debug_loc     0x000034e3      0x163 /home/etudiant/riot/LabBook1/Lab7/bin/nucleo-l073rz/ps/ps.o
 .debug_loc     0x00003646      0x40e /home/etudiant/riot/LabBook1/Lab7/bin/nucleo-l073rz/shell_commands/sc_pm.o
 .debug_loc     0x00003a54       0x42 /home/etudiant/riot/LabBook1/Lab7/bin/nucleo-l073rz/shell_commands/sc_ps.o
 .debug_loc     0x00003a96       0x84 /home/etudiant/riot/LabBook1/Lab7/bin/nucleo-l073rz/shell_commands/sc_sys.o
 .debug_loc     0x00003b1a      0x56e /home/etudiant/riot/LabBook1/Lab7/bin/nucleo-l073rz/shell/shell.o
 .debug_loc     0x00004088       0xb8 /home/etudiant/riot/LabBook1/Lab7/bin/nucleo-l073rz/stdio_uart/stdio_uart.o
 .debug_loc     0x00004140       0x13 /home/etudiant/riot/LabBook1/Lab7/bin/nucleo-l073rz/stm32_clk/stmclk_l0l1.o
 .debug_loc     0x00004153      0x468 /home/etudiant/riot/LabBook1/Lab7/bin/nucleo-l073rz/tsrb/tsrb.o
 .debug_loc     0x000045bb      0x52f /home/etudiant/riot/LabBook1/Lab7/bin/nucleo-l073rz/xtimer/xtimer_core.o

.debug_aranges  0x00000000      0x9c0
 .debug_aranges
                0x00000000       0x38 /home/etudiant/riot/LabBook1/Lab7/bin/nucleo-l073rz/application_Lab2/main.o
 .debug_aranges
                0x00000038       0x20 /home/etudiant/riot/LabBook1/Lab7/bin/nucleo-l073rz/auto_init/auto_init.o
 .debug_aranges
                0x00000058       0x30 /home/etudiant/riot/LabBook1/Lab7/bin/nucleo-l073rz/boards_common_nucleo/board_common_nucleo_init.o
 .debug_aranges
                0x00000088       0x28 /home/etudiant/riot/LabBook1/Lab7/bin/nucleo-l073rz/core/bitarithm.o
 .debug_aranges
                0x000000b0       0x30 /home/etudiant/riot/LabBook1/Lab7/bin/nucleo-l073rz/core/init.o
 .debug_aranges
                0x000000e0       0xa8 /home/etudiant/riot/LabBook1/Lab7/bin/nucleo-l073rz/core/msg.o
 .debug_aranges
                0x00000188       0x38 /home/etudiant/riot/LabBook1/Lab7/bin/nucleo-l073rz/core/mutex.o
 .debug_aranges
                0x000001c0       0x38 /home/etudiant/riot/LabBook1/Lab7/bin/nucleo-l073rz/core/panic.o
 .debug_aranges
                0x000001f8       0x40 /home/etudiant/riot/LabBook1/Lab7/bin/nucleo-l073rz/core/sched.o
 .debug_aranges
                0x00000238       0x70 /home/etudiant/riot/LabBook1/Lab7/bin/nucleo-l073rz/core/thread.o
 .debug_aranges
                0x000002a8       0x30 /home/etudiant/riot/LabBook1/Lab7/bin/nucleo-l073rz/cortexm_common/cortexm_init.o
 .debug_aranges
                0x000002d8       0x28 /home/etudiant/riot/LabBook1/Lab7/bin/nucleo-l073rz/cortexm_common/panic.o
 .debug_aranges
                0x00000300       0x28 /home/etudiant/riot/LabBook1/Lab7/bin/nucleo-l073rz/cortexm_common_periph/pm.o
 .debug_aranges
                0x00000328       0x70 /home/etudiant/riot/LabBook1/Lab7/bin/nucleo-l073rz/cortexm_common/thread_arch.o
 .debug_aranges
                0x00000398       0x50 /home/etudiant/riot/LabBook1/Lab7/bin/nucleo-l073rz/cortexm_common/vectors_cortexm.o
 .debug_aranges
                0x000003e8       0x40 /home/etudiant/riot/LabBook1/Lab7/bin/nucleo-l073rz/cpu/cpu_common.o
 .debug_aranges
                0x00000428       0x28 /home/etudiant/riot/LabBook1/Lab7/bin/nucleo-l073rz/cpu/cpu_init.o
 .debug_aranges
                0x00000450       0x38 /home/etudiant/riot/LabBook1/Lab7/bin/nucleo-l073rz/isrpipe/isrpipe.o
 .debug_aranges
                0x00000488       0xc8 /home/etudiant/riot/LabBook1/Lab7/bin/nucleo-l073rz/newlib_syscalls_default/syscalls.o
 .debug_aranges
                0x00000550       0x28 /home/etudiant/riot/LabBook1/Lab7/bin/nucleo-l073rz/periph_common/init.o
 .debug_aranges
                0x00000578       0x80 /home/etudiant/riot/LabBook1/Lab7/bin/nucleo-l073rz/periph/gpio_all.o
 .debug_aranges
                0x000005f8       0x30 /home/etudiant/riot/LabBook1/Lab7/bin/nucleo-l073rz/periph/pm.o
 .debug_aranges
                0x00000628       0x58 /home/etudiant/riot/LabBook1/Lab7/bin/nucleo-l073rz/periph/timer.o
 .debug_aranges
                0x00000680       0x60 /home/etudiant/riot/LabBook1/Lab7/bin/nucleo-l073rz/periph/uart.o
 .debug_aranges
                0x000006e0       0x40 /home/etudiant/riot/LabBook1/Lab7/bin/nucleo-l073rz/pm_layered/pm.o
 .debug_aranges
                0x00000720       0x20 /home/etudiant/riot/LabBook1/Lab7/bin/nucleo-l073rz/ps/ps.o
 .debug_aranges
                0x00000740       0x38 /home/etudiant/riot/LabBook1/Lab7/bin/nucleo-l073rz/shell_commands/sc_pm.o
 .debug_aranges
                0x00000778       0x20 /home/etudiant/riot/LabBook1/Lab7/bin/nucleo-l073rz/shell_commands/sc_ps.o
 .debug_aranges
                0x00000798       0x30 /home/etudiant/riot/LabBook1/Lab7/bin/nucleo-l073rz/shell_commands/sc_sys.o
 .debug_aranges
                0x000007c8       0x20 /home/etudiant/riot/LabBook1/Lab7/bin/nucleo-l073rz/shell_commands/shell_commands.o
 .debug_aranges
                0x000007e8       0x50 /home/etudiant/riot/LabBook1/Lab7/bin/nucleo-l073rz/shell/shell.o
 .debug_aranges
                0x00000838       0x38 /home/etudiant/riot/LabBook1/Lab7/bin/nucleo-l073rz/stdio_uart/stdio_uart.o
 .debug_aranges
                0x00000870       0x50 /home/etudiant/riot/LabBook1/Lab7/bin/nucleo-l073rz/stm32_clk/stmclk_common.o
 .debug_aranges
                0x000008c0       0x28 /home/etudiant/riot/LabBook1/Lab7/bin/nucleo-l073rz/stm32_clk/stmclk_l0l1.o
 .debug_aranges
                0x000008e8       0x20 /home/etudiant/riot/LabBook1/Lab7/bin/nucleo-l073rz/stm32_vectors/STM32L073xx.o
 .debug_aranges
                0x00000908       0x50 /home/etudiant/riot/LabBook1/Lab7/bin/nucleo-l073rz/tsrb/tsrb.o
 .debug_aranges
                0x00000958       0x68 /home/etudiant/riot/LabBook1/Lab7/bin/nucleo-l073rz/xtimer/xtimer_core.o

.debug_ranges   0x00000000     0x1258
 .debug_ranges  0x00000000       0x28 /home/etudiant/riot/LabBook1/Lab7/bin/nucleo-l073rz/application_Lab2/main.o
 .debug_ranges  0x00000028       0x10 /home/etudiant/riot/LabBook1/Lab7/bin/nucleo-l073rz/auto_init/auto_init.o
 .debug_ranges  0x00000038       0x20 /home/etudiant/riot/LabBook1/Lab7/bin/nucleo-l073rz/boards_common_nucleo/board_common_nucleo_init.o
 .debug_ranges  0x00000058       0x18 /home/etudiant/riot/LabBook1/Lab7/bin/nucleo-l073rz/core/bitarithm.o
 .debug_ranges  0x00000070       0x20 /home/etudiant/riot/LabBook1/Lab7/bin/nucleo-l073rz/core/init.o
 .debug_ranges  0x00000090      0x2d0 /home/etudiant/riot/LabBook1/Lab7/bin/nucleo-l073rz/core/msg.o
 .debug_ranges  0x00000360       0xa0 /home/etudiant/riot/LabBook1/Lab7/bin/nucleo-l073rz/core/mutex.o
 .debug_ranges  0x00000400       0x28 /home/etudiant/riot/LabBook1/Lab7/bin/nucleo-l073rz/core/panic.o
 .debug_ranges  0x00000428       0xf0 /home/etudiant/riot/LabBook1/Lab7/bin/nucleo-l073rz/core/sched.o
 .debug_ranges  0x00000518       0xd8 /home/etudiant/riot/LabBook1/Lab7/bin/nucleo-l073rz/core/thread.o
 .debug_ranges  0x000005f0       0xb0 /home/etudiant/riot/LabBook1/Lab7/bin/nucleo-l073rz/cortexm_common/cortexm_init.o
 .debug_ranges  0x000006a0       0x18 /home/etudiant/riot/LabBook1/Lab7/bin/nucleo-l073rz/cortexm_common/panic.o
 .debug_ranges  0x000006b8       0x18 /home/etudiant/riot/LabBook1/Lab7/bin/nucleo-l073rz/cortexm_common_periph/pm.o
 .debug_ranges  0x000006d0       0x78 /home/etudiant/riot/LabBook1/Lab7/bin/nucleo-l073rz/cortexm_common/thread_arch.o
 .debug_ranges  0x00000748       0x58 /home/etudiant/riot/LabBook1/Lab7/bin/nucleo-l073rz/cortexm_common/vectors_cortexm.o
 .debug_ranges  0x000007a0       0x30 /home/etudiant/riot/LabBook1/Lab7/bin/nucleo-l073rz/cpu/cpu_common.o
 .debug_ranges  0x000007d0       0x18 /home/etudiant/riot/LabBook1/Lab7/bin/nucleo-l073rz/cpu/cpu_init.o
 .debug_ranges  0x000007e8       0x58 /home/etudiant/riot/LabBook1/Lab7/bin/nucleo-l073rz/isrpipe/isrpipe.o
 .debug_ranges  0x00000840      0x158 /home/etudiant/riot/LabBook1/Lab7/bin/nucleo-l073rz/newlib_syscalls_default/syscalls.o
 .debug_ranges  0x00000998       0x18 /home/etudiant/riot/LabBook1/Lab7/bin/nucleo-l073rz/periph_common/init.o
 .debug_ranges  0x000009b0      0x230 /home/etudiant/riot/LabBook1/Lab7/bin/nucleo-l073rz/periph/gpio_all.o
 .debug_ranges  0x00000be0       0x40 /home/etudiant/riot/LabBook1/Lab7/bin/nucleo-l073rz/periph/pm.o
 .debug_ranges  0x00000c20       0xb8 /home/etudiant/riot/LabBook1/Lab7/bin/nucleo-l073rz/periph/timer.o
 .debug_ranges  0x00000cd8       0xf8 /home/etudiant/riot/LabBook1/Lab7/bin/nucleo-l073rz/periph/uart.o
 .debug_ranges  0x00000dd0       0x30 /home/etudiant/riot/LabBook1/Lab7/bin/nucleo-l073rz/pm_layered/pm.o
 .debug_ranges  0x00000e00       0x28 /home/etudiant/riot/LabBook1/Lab7/bin/nucleo-l073rz/ps/ps.o
 .debug_ranges  0x00000e28       0x88 /home/etudiant/riot/LabBook1/Lab7/bin/nucleo-l073rz/shell_commands/sc_pm.o
 .debug_ranges  0x00000eb0       0x10 /home/etudiant/riot/LabBook1/Lab7/bin/nucleo-l073rz/shell_commands/sc_ps.o
 .debug_ranges  0x00000ec0       0x20 /home/etudiant/riot/LabBook1/Lab7/bin/nucleo-l073rz/shell_commands/sc_sys.o
 .debug_ranges  0x00000ee0       0x10 /home/etudiant/riot/LabBook1/Lab7/bin/nucleo-l073rz/shell_commands/shell_commands.o
 .debug_ranges  0x00000ef0      0x168 /home/etudiant/riot/LabBook1/Lab7/bin/nucleo-l073rz/shell/shell.o
 .debug_ranges  0x00001058       0x28 /home/etudiant/riot/LabBook1/Lab7/bin/nucleo-l073rz/stdio_uart/stdio_uart.o
 .debug_ranges  0x00001080       0x40 /home/etudiant/riot/LabBook1/Lab7/bin/nucleo-l073rz/stm32_clk/stmclk_common.o
 .debug_ranges  0x000010c0       0x18 /home/etudiant/riot/LabBook1/Lab7/bin/nucleo-l073rz/stm32_clk/stmclk_l0l1.o
 .debug_ranges  0x000010d8       0x10 /home/etudiant/riot/LabBook1/Lab7/bin/nucleo-l073rz/stm32_vectors/STM32L073xx.o
 .debug_ranges  0x000010e8       0x78 /home/etudiant/riot/LabBook1/Lab7/bin/nucleo-l073rz/tsrb/tsrb.o
 .debug_ranges  0x00001160       0xf8 /home/etudiant/riot/LabBook1/Lab7/bin/nucleo-l073rz/xtimer/xtimer_core.o

.debug_macro    0x00000000    0x2d827
 .debug_macro   0x00000000      0x3ec /home/etudiant/riot/LabBook1/Lab7/bin/nucleo-l073rz/application_Lab2/main.o
 .debug_macro   0x000003ec      0xa96 /home/etudiant/riot/LabBook1/Lab7/bin/nucleo-l073rz/application_Lab2/main.o
 .debug_macro   0x00000e82      0x15a /home/etudiant/riot/LabBook1/Lab7/bin/nucleo-l073rz/application_Lab2/main.o
 .debug_macro   0x00000fdc       0x22 /home/etudiant/riot/LabBook1/Lab7/bin/nucleo-l073rz/application_Lab2/main.o
 .debug_macro   0x00000ffe       0x40 /home/etudiant/riot/LabBook1/Lab7/bin/nucleo-l073rz/application_Lab2/main.o
 .debug_macro   0x0000103e       0x18 /home/etudiant/riot/LabBook1/Lab7/bin/nucleo-l073rz/application_Lab2/main.o
 .debug_macro   0x00001056       0x5c /home/etudiant/riot/LabBook1/Lab7/bin/nucleo-l073rz/application_Lab2/main.o
 .debug_macro   0x000010b2       0x3c /home/etudiant/riot/LabBook1/Lab7/bin/nucleo-l073rz/application_Lab2/main.o
 .debug_macro   0x000010ee       0x34 /home/etudiant/riot/LabBook1/Lab7/bin/nucleo-l073rz/application_Lab2/main.o
 .debug_macro   0x00001122       0x16 /home/etudiant/riot/LabBook1/Lab7/bin/nucleo-l073rz/application_Lab2/main.o
 .debug_macro   0x00001138       0x57 /home/etudiant/riot/LabBook1/Lab7/bin/nucleo-l073rz/application_Lab2/main.o
 .debug_macro   0x0000118f       0x97 /home/etudiant/riot/LabBook1/Lab7/bin/nucleo-l073rz/application_Lab2/main.o
 .debug_macro   0x00001226      0x353 /home/etudiant/riot/LabBook1/Lab7/bin/nucleo-l073rz/application_Lab2/main.o
 .debug_macro   0x00001579       0xf6 /home/etudiant/riot/LabBook1/Lab7/bin/nucleo-l073rz/application_Lab2/main.o
 .debug_macro   0x0000166f       0x10 /home/etudiant/riot/LabBook1/Lab7/bin/nucleo-l073rz/application_Lab2/main.o
 .debug_macro   0x0000167f       0x52 /home/etudiant/riot/LabBook1/Lab7/bin/nucleo-l073rz/application_Lab2/main.o
 .debug_macro   0x000016d1       0x1f /home/etudiant/riot/LabBook1/Lab7/bin/nucleo-l073rz/application_Lab2/main.o
 .debug_macro   0x000016f0       0x43 /home/etudiant/riot/LabBook1/Lab7/bin/nucleo-l073rz/application_Lab2/main.o
 .debug_macro   0x00001733       0x20 /home/etudiant/riot/LabBook1/Lab7/bin/nucleo-l073rz/application_Lab2/main.o
 .debug_macro   0x00001753      0x1a3 /home/etudiant/riot/LabBook1/Lab7/bin/nucleo-l073rz/application_Lab2/main.o
 .debug_macro   0x000018f6       0x10 /home/etudiant/riot/LabBook1/Lab7/bin/nucleo-l073rz/application_Lab2/main.o
 .debug_macro   0x00001906       0x6a /home/etudiant/riot/LabBook1/Lab7/bin/nucleo-l073rz/application_Lab2/main.o
 .debug_macro   0x00001970       0xb6 /home/etudiant/riot/LabBook1/Lab7/bin/nucleo-l073rz/application_Lab2/main.o
 .debug_macro   0x00001a26       0x16 /home/etudiant/riot/LabBook1/Lab7/bin/nucleo-l073rz/application_Lab2/main.o
 .debug_macro   0x00001a3c      0x114 /home/etudiant/riot/LabBook1/Lab7/bin/nucleo-l073rz/application_Lab2/main.o
 .debug_macro   0x00001b50       0x22 /home/etudiant/riot/LabBook1/Lab7/bin/nucleo-l073rz/application_Lab2/main.o
 .debug_macro   0x00001b72       0x43 /home/etudiant/riot/LabBook1/Lab7/bin/nucleo-l073rz/application_Lab2/main.o
 .debug_macro   0x00001bb5       0x2e /home/etudiant/riot/LabBook1/Lab7/bin/nucleo-l073rz/application_Lab2/main.o
 .debug_macro   0x00001be3       0x28 /home/etudiant/riot/LabBook1/Lab7/bin/nucleo-l073rz/application_Lab2/main.o
 .debug_macro   0x00001c0b       0xef /home/etudiant/riot/LabBook1/Lab7/bin/nucleo-l073rz/application_Lab2/main.o
 .debug_macro   0x00001cfa      0x1df /home/etudiant/riot/LabBook1/Lab7/bin/nucleo-l073rz/application_Lab2/main.o
 .debug_macro   0x00001ed9       0x1c /home/etudiant/riot/LabBook1/Lab7/bin/nucleo-l073rz/application_Lab2/main.o
 .debug_macro   0x00001ef5       0x22 /home/etudiant/riot/LabBook1/Lab7/bin/nucleo-l073rz/application_Lab2/main.o
 .debug_macro   0x00001f17       0xaf /home/etudiant/riot/LabBook1/Lab7/bin/nucleo-l073rz/application_Lab2/main.o
 .debug_macro   0x00001fc6      0x4da /home/etudiant/riot/LabBook1/Lab7/bin/nucleo-l073rz/application_Lab2/main.o
 .debug_macro   0x000024a0      0x11f /home/etudiant/riot/LabBook1/Lab7/bin/nucleo-l073rz/application_Lab2/main.o
 .debug_macro   0x000025bf     0xa43e /home/etudiant/riot/LabBook1/Lab7/bin/nucleo-l073rz/application_Lab2/main.o
 .debug_macro   0x0000c9fd       0x3c /home/etudiant/riot/LabBook1/Lab7/bin/nucleo-l073rz/application_Lab2/main.o
 .debug_macro   0x0000ca39       0x10 /home/etudiant/riot/LabBook1/Lab7/bin/nucleo-l073rz/application_Lab2/main.o
 .debug_macro   0x0000ca49       0x29 /home/etudiant/riot/LabBook1/Lab7/bin/nucleo-l073rz/application_Lab2/main.o
 .debug_macro   0x0000ca72       0x60 /home/etudiant/riot/LabBook1/Lab7/bin/nucleo-l073rz/application_Lab2/main.o
 .debug_macro   0x0000cad2       0x10 /home/etudiant/riot/LabBook1/Lab7/bin/nucleo-l073rz/application_Lab2/main.o
 .debug_macro   0x0000cae2       0x35 /home/etudiant/riot/LabBook1/Lab7/bin/nucleo-l073rz/application_Lab2/main.o
 .debug_macro   0x0000cb17      0x460 /home/etudiant/riot/LabBook1/Lab7/bin/nucleo-l073rz/application_Lab2/main.o
 .debug_macro   0x0000cf77       0x2b /home/etudiant/riot/LabBook1/Lab7/bin/nucleo-l073rz/application_Lab2/main.o
 .debug_macro   0x0000cfa2       0xee /home/etudiant/riot/LabBook1/Lab7/bin/nucleo-l073rz/application_Lab2/main.o
 .debug_macro   0x0000d090       0x28 /home/etudiant/riot/LabBook1/Lab7/bin/nucleo-l073rz/application_Lab2/main.o
 .debug_macro   0x0000d0b8       0x18 /home/etudiant/riot/LabBook1/Lab7/bin/nucleo-l073rz/application_Lab2/main.o
 .debug_macro   0x0000d0d0       0x10 /home/etudiant/riot/LabBook1/Lab7/bin/nucleo-l073rz/application_Lab2/main.o
 .debug_macro   0x0000d0e0       0x12 /home/etudiant/riot/LabBook1/Lab7/bin/nucleo-l073rz/application_Lab2/main.o
 .debug_macro   0x0000d0f2       0x66 /home/etudiant/riot/LabBook1/Lab7/bin/nucleo-l073rz/application_Lab2/main.o
 .debug_macro   0x0000d158       0x16 /home/etudiant/riot/LabBook1/Lab7/bin/nucleo-l073rz/application_Lab2/main.o
 .debug_macro   0x0000d16e       0x10 /home/etudiant/riot/LabBook1/Lab7/bin/nucleo-l073rz/application_Lab2/main.o
 .debug_macro   0x0000d17e       0x2e /home/etudiant/riot/LabBook1/Lab7/bin/nucleo-l073rz/application_Lab2/main.o
 .debug_macro   0x0000d1ac       0x22 /home/etudiant/riot/LabBook1/Lab7/bin/nucleo-l073rz/application_Lab2/main.o
 .debug_macro   0x0000d1ce      0x1c1 /home/etudiant/riot/LabBook1/Lab7/bin/nucleo-l073rz/application_Lab2/main.o
 .debug_macro   0x0000d38f       0x76 /home/etudiant/riot/LabBook1/Lab7/bin/nucleo-l073rz/application_Lab2/main.o
 .debug_macro   0x0000d405       0x28 /home/etudiant/riot/LabBook1/Lab7/bin/nucleo-l073rz/application_Lab2/main.o
 .debug_macro   0x0000d42d       0x16 /home/etudiant/riot/LabBook1/Lab7/bin/nucleo-l073rz/application_Lab2/main.o
 .debug_macro   0x0000d443       0x3f /home/etudiant/riot/LabBook1/Lab7/bin/nucleo-l073rz/application_Lab2/main.o
 .debug_macro   0x0000d482       0x10 /home/etudiant/riot/LabBook1/Lab7/bin/nucleo-l073rz/application_Lab2/main.o
 .debug_macro   0x0000d492       0xac /home/etudiant/riot/LabBook1/Lab7/bin/nucleo-l073rz/application_Lab2/main.o
 .debug_macro   0x0000d53e       0x10 /home/etudiant/riot/LabBook1/Lab7/bin/nucleo-l073rz/application_Lab2/main.o
 .debug_macro   0x0000d54e       0x10 /home/etudiant/riot/LabBook1/Lab7/bin/nucleo-l073rz/application_Lab2/main.o
 .debug_macro   0x0000d55e       0x3a /home/etudiant/riot/LabBook1/Lab7/bin/nucleo-l073rz/application_Lab2/main.o
 .debug_macro   0x0000d598       0x10 /home/etudiant/riot/LabBook1/Lab7/bin/nucleo-l073rz/application_Lab2/main.o
 .debug_macro   0x0000d5a8      0x186 /home/etudiant/riot/LabBook1/Lab7/bin/nucleo-l073rz/auto_init/auto_init.o
 .debug_macro   0x0000d72e      0xa96 /home/etudiant/riot/LabBook1/Lab7/bin/nucleo-l073rz/auto_init/auto_init.o
 .debug_macro   0x0000e1c4       0x56 /home/etudiant/riot/LabBook1/Lab7/bin/nucleo-l073rz/auto_init/auto_init.o
 .debug_macro   0x0000e21a       0x51 /home/etudiant/riot/LabBook1/Lab7/bin/nucleo-l073rz/auto_init/auto_init.o
 .debug_macro   0x0000e26b       0x46 /home/etudiant/riot/LabBook1/Lab7/bin/nucleo-l073rz/auto_init/auto_init.o
 .debug_macro   0x0000e2b1       0x34 /home/etudiant/riot/LabBook1/Lab7/bin/nucleo-l073rz/auto_init/auto_init.o
 .debug_macro   0x0000e2e5      0x3b9 /home/etudiant/riot/LabBook1/Lab7/bin/nucleo-l073rz/boards_common_nucleo/board_common_nucleo_init.o
 .debug_macro   0x0000e69e      0xa96 /home/etudiant/riot/LabBook1/Lab7/bin/nucleo-l073rz/boards_common_nucleo/board_common_nucleo_init.o
 .debug_macro   0x0000f134      0x1e5 /home/etudiant/riot/LabBook1/Lab7/bin/nucleo-l073rz/core/bitarithm.o
 .debug_macro   0x0000f319      0xa96 /home/etudiant/riot/LabBook1/Lab7/bin/nucleo-l073rz/core/bitarithm.o
 .debug_macro   0x0000fdaf       0xd6 /home/etudiant/riot/LabBook1/Lab7/bin/nucleo-l073rz/core/bitarithm.o
 .debug_macro   0x0000fe85      0x38a /home/etudiant/riot/LabBook1/Lab7/bin/nucleo-l073rz/core/init.o
 .debug_macro   0x0001020f      0xa96 /home/etudiant/riot/LabBook1/Lab7/bin/nucleo-l073rz/core/init.o
 .debug_macro   0x00010ca5       0x10 /home/etudiant/riot/LabBook1/Lab7/bin/nucleo-l073rz/core/init.o
 .debug_macro   0x00010cb5      0x23b /home/etudiant/riot/LabBook1/Lab7/bin/nucleo-l073rz/core/init.o
 .debug_macro   0x00010ef0       0x10 /home/etudiant/riot/LabBook1/Lab7/bin/nucleo-l073rz/core/init.o
 .debug_macro   0x00010f00       0x2e /home/etudiant/riot/LabBook1/Lab7/bin/nucleo-l073rz/core/init.o
 .debug_macro   0x00010f2e      0x31e /home/etudiant/riot/LabBook1/Lab7/bin/nucleo-l073rz/core/msg.o
 .debug_macro   0x0001124c      0xa96 /home/etudiant/riot/LabBook1/Lab7/bin/nucleo-l073rz/core/msg.o
 .debug_macro   0x00011ce2      0x312 /home/etudiant/riot/LabBook1/Lab7/bin/nucleo-l073rz/core/mutex.o
 .debug_macro   0x00011ff4      0xa96 /home/etudiant/riot/LabBook1/Lab7/bin/nucleo-l073rz/core/mutex.o
 .debug_macro   0x00012a8a      0x1e5 /home/etudiant/riot/LabBook1/Lab7/bin/nucleo-l073rz/core/mutex.o
 .debug_macro   0x00012c6f      0x356 /home/etudiant/riot/LabBook1/Lab7/bin/nucleo-l073rz/core/panic.o
 .debug_macro   0x00012fc5      0xa96 /home/etudiant/riot/LabBook1/Lab7/bin/nucleo-l073rz/core/panic.o
 .debug_macro   0x00013a5b       0x10 /home/etudiant/riot/LabBook1/Lab7/bin/nucleo-l073rz/core/panic.o
 .debug_macro   0x00013a6b      0x325 /home/etudiant/riot/LabBook1/Lab7/bin/nucleo-l073rz/core/sched.o
 .debug_macro   0x00013d90      0xa96 /home/etudiant/riot/LabBook1/Lab7/bin/nucleo-l073rz/core/sched.o
 .debug_macro   0x00014826      0x31f /home/etudiant/riot/LabBook1/Lab7/bin/nucleo-l073rz/core/thread.o
 .debug_macro   0x00014b45      0xa96 /home/etudiant/riot/LabBook1/Lab7/bin/nucleo-l073rz/core/thread.o
 .debug_macro   0x000155db       0xdc /home/etudiant/riot/LabBook1/Lab7/bin/nucleo-l073rz/core/thread.o
 .debug_macro   0x000156b7      0x2f2 /home/etudiant/riot/LabBook1/Lab7/bin/nucleo-l073rz/cortexm_common/cortexm_init.o
 .debug_macro   0x000159a9      0xa96 /home/etudiant/riot/LabBook1/Lab7/bin/nucleo-l073rz/cortexm_common/cortexm_init.o
 .debug_macro   0x0001643f      0x2f5 /home/etudiant/riot/LabBook1/Lab7/bin/nucleo-l073rz/cortexm_common/panic.o
 .debug_macro   0x00016734      0xa96 /home/etudiant/riot/LabBook1/Lab7/bin/nucleo-l073rz/cortexm_common/panic.o
 .debug_macro   0x000171ca      0x320 /home/etudiant/riot/LabBook1/Lab7/bin/nucleo-l073rz/cortexm_common_periph/pm.o
 .debug_macro   0x000174ea      0xa96 /home/etudiant/riot/LabBook1/Lab7/bin/nucleo-l073rz/cortexm_common_periph/pm.o
 .debug_macro   0x00017f80      0x31c /home/etudiant/riot/LabBook1/Lab7/bin/nucleo-l073rz/cortexm_common/thread_arch.o
 .debug_macro   0x0001829c      0xa96 /home/etudiant/riot/LabBook1/Lab7/bin/nucleo-l073rz/cortexm_common/thread_arch.o
 .debug_macro   0x00018d32       0x1c /home/etudiant/riot/LabBook1/Lab7/bin/nucleo-l073rz/cortexm_common/thread_arch.o
 .debug_macro   0x00018d4e      0x3f3 /home/etudiant/riot/LabBook1/Lab7/bin/nucleo-l073rz/cortexm_common/vectors_cortexm.o
 .debug_macro   0x00019141      0xa96 /home/etudiant/riot/LabBook1/Lab7/bin/nucleo-l073rz/cortexm_common/vectors_cortexm.o
 .debug_macro   0x00019bd7       0x1c /home/etudiant/riot/LabBook1/Lab7/bin/nucleo-l073rz/cortexm_common/vectors_cortexm.o
 .debug_macro   0x00019bf3      0x35d /home/etudiant/riot/LabBook1/Lab7/bin/nucleo-l073rz/cpu/cpu_common.o
 .debug_macro   0x00019f50      0xa96 /home/etudiant/riot/LabBook1/Lab7/bin/nucleo-l073rz/cpu/cpu_common.o
 .debug_macro   0x0001a9e6      0x3fe /home/etudiant/riot/LabBook1/Lab7/bin/nucleo-l073rz/cpu/cpu_init.o
 .debug_macro   0x0001ade4      0xa96 /home/etudiant/riot/LabBook1/Lab7/bin/nucleo-l073rz/cpu/cpu_init.o
 .debug_macro   0x0001b87a       0x16 /home/etudiant/riot/LabBook1/Lab7/bin/nucleo-l073rz/cpu/cpu_init.o
 .debug_macro   0x0001b890      0x4fe /home/etudiant/riot/LabBook1/Lab7/bin/nucleo-l073rz/cpu/cpu_init.o
 .debug_macro   0x0001bd8e      0x17d /home/etudiant/riot/LabBook1/Lab7/bin/nucleo-l073rz/isrpipe/isrpipe.o
 .debug_macro   0x0001bf0b      0xa96 /home/etudiant/riot/LabBook1/Lab7/bin/nucleo-l073rz/isrpipe/isrpipe.o
 .debug_macro   0x0001c9a1      0x59f /home/etudiant/riot/LabBook1/Lab7/bin/nucleo-l073rz/newlib_syscalls_default/syscalls.o
 .debug_macro   0x0001cf40      0xa96 /home/etudiant/riot/LabBook1/Lab7/bin/nucleo-l073rz/newlib_syscalls_default/syscalls.o
 .debug_macro   0x0001d9d6       0x10 /home/etudiant/riot/LabBook1/Lab7/bin/nucleo-l073rz/newlib_syscalls_default/syscalls.o
 .debug_macro   0x0001d9e6       0xcf /home/etudiant/riot/LabBook1/Lab7/bin/nucleo-l073rz/newlib_syscalls_default/syscalls.o
 .debug_macro   0x0001dab5       0xb7 /home/etudiant/riot/LabBook1/Lab7/bin/nucleo-l073rz/newlib_syscalls_default/syscalls.o
 .debug_macro   0x0001db6c       0x10 /home/etudiant/riot/LabBook1/Lab7/bin/nucleo-l073rz/newlib_syscalls_default/syscalls.o
 .debug_macro   0x0001db7c      0x241 /home/etudiant/riot/LabBook1/Lab7/bin/nucleo-l073rz/newlib_syscalls_default/syscalls.o
 .debug_macro   0x0001ddbd       0x10 /home/etudiant/riot/LabBook1/Lab7/bin/nucleo-l073rz/newlib_syscalls_default/syscalls.o
 .debug_macro   0x0001ddcd       0x3c /home/etudiant/riot/LabBook1/Lab7/bin/nucleo-l073rz/newlib_syscalls_default/syscalls.o
 .debug_macro   0x0001de09       0xff /home/etudiant/riot/LabBook1/Lab7/bin/nucleo-l073rz/newlib_syscalls_default/syscalls.o
 .debug_macro   0x0001df08       0x16 /home/etudiant/riot/LabBook1/Lab7/bin/nucleo-l073rz/newlib_syscalls_default/syscalls.o
 .debug_macro   0x0001df1e       0x10 /home/etudiant/riot/LabBook1/Lab7/bin/nucleo-l073rz/newlib_syscalls_default/syscalls.o
 .debug_macro   0x0001df2e       0x10 /home/etudiant/riot/LabBook1/Lab7/bin/nucleo-l073rz/newlib_syscalls_default/syscalls.o
 .debug_macro   0x0001df3e       0x2e /home/etudiant/riot/LabBook1/Lab7/bin/nucleo-l073rz/newlib_syscalls_default/syscalls.o
 .debug_macro   0x0001df6c       0xf5 /home/etudiant/riot/LabBook1/Lab7/bin/nucleo-l073rz/newlib_syscalls_default/syscalls.o
 .debug_macro   0x0001e061       0x10 /home/etudiant/riot/LabBook1/Lab7/bin/nucleo-l073rz/newlib_syscalls_default/syscalls.o
 .debug_macro   0x0001e071       0x43 /home/etudiant/riot/LabBook1/Lab7/bin/nucleo-l073rz/newlib_syscalls_default/syscalls.o
 .debug_macro   0x0001e0b4       0x40 /home/etudiant/riot/LabBook1/Lab7/bin/nucleo-l073rz/newlib_syscalls_default/syscalls.o
 .debug_macro   0x0001e0f4       0x3c /home/etudiant/riot/LabBook1/Lab7/bin/nucleo-l073rz/newlib_syscalls_default/syscalls.o
 .debug_macro   0x0001e130       0x1c /home/etudiant/riot/LabBook1/Lab7/bin/nucleo-l073rz/newlib_syscalls_default/syscalls.o
 .debug_macro   0x0001e14c       0x10 /home/etudiant/riot/LabBook1/Lab7/bin/nucleo-l073rz/newlib_syscalls_default/syscalls.o
 .debug_macro   0x0001e15c      0x313 /home/etudiant/riot/LabBook1/Lab7/bin/nucleo-l073rz/periph_common/init.o
 .debug_macro   0x0001e46f      0xa96 /home/etudiant/riot/LabBook1/Lab7/bin/nucleo-l073rz/periph_common/init.o
 .debug_macro   0x0001ef05      0x379 /home/etudiant/riot/LabBook1/Lab7/bin/nucleo-l073rz/periph/gpio_all.o
 .debug_macro   0x0001f27e      0xa96 /home/etudiant/riot/LabBook1/Lab7/bin/nucleo-l073rz/periph/gpio_all.o
 .debug_macro   0x0001fd14      0x361 /home/etudiant/riot/LabBook1/Lab7/bin/nucleo-l073rz/periph/pm.o
 .debug_macro   0x00020075      0xa96 /home/etudiant/riot/LabBook1/Lab7/bin/nucleo-l073rz/periph/pm.o
 .debug_macro   0x00020b0b      0x357 /home/etudiant/riot/LabBook1/Lab7/bin/nucleo-l073rz/periph/timer.o
 .debug_macro   0x00020e62      0xa96 /home/etudiant/riot/LabBook1/Lab7/bin/nucleo-l073rz/periph/timer.o
 .debug_macro   0x000218f8      0x3a0 /home/etudiant/riot/LabBook1/Lab7/bin/nucleo-l073rz/periph/uart.o
 .debug_macro   0x00021c98      0xa96 /home/etudiant/riot/LabBook1/Lab7/bin/nucleo-l073rz/periph/uart.o
 .debug_macro   0x0002272e       0x10 /home/etudiant/riot/LabBook1/Lab7/bin/nucleo-l073rz/periph/uart.o
 .debug_macro   0x0002273e      0x349 /home/etudiant/riot/LabBook1/Lab7/bin/nucleo-l073rz/pm_layered/pm.o
 .debug_macro   0x00022a87      0xa96 /home/etudiant/riot/LabBook1/Lab7/bin/nucleo-l073rz/pm_layered/pm.o
 .debug_macro   0x0002351d      0x2dc /home/etudiant/riot/LabBook1/Lab7/bin/nucleo-l073rz/ps/ps.o
 .debug_macro   0x000237f9      0xa96 /home/etudiant/riot/LabBook1/Lab7/bin/nucleo-l073rz/ps/ps.o